******************************************************************************
                  TI ARM Linker Unix v18.1.4                   
******************************************************************************
>> Linked Wed Jan  9 11:01:59 2019

OUTPUT FILE NAME:   <RosInterface.out>
ENTRY POINT SYMBOL: "_c_int00_noargs"  address: 00005101


MEMORY CONFIGURATION

         name            origin    length      used     unused   attr    fill
----------------------  --------  ---------  --------  --------  ----  --------
  MAIN                  00000000   00040000  0000611a  00039ee6  R  X
  INFO                  00200000   00004000  00000000  00004000  R  X
  SRAM_CODE             01000000   00010000  0000160d  0000e9f3  RW X
  SRAM_DATA             20000000   00010000  0000160d  0000e9f3  RW  


SEGMENT ALLOCATION MAP

run origin  load origin   length   init length attrs members
----------  ----------- ---------- ----------- ----- -------
00000000    00000000    00006120   00006120    r-x
  00000000    00000000    000000e4   000000e4    r-- .intvecs
  000000e4    000000e4    00005902   00005902    r-x .text
  000059e8    000059e8    00000680   00000680    r-- .const
  00006068    00006068    00000004   00000004    r-- .init_array
  00006070    00006070    000000b0   000000b0    r-- .cinit
20000000    20000000    0000140d   00000000    rw-
  20000000    20000000    000000e8   00000000    rw- .vtable
  200000e8    200000e8    00000d18   00000000    rw- .bss
  20000e00    20000e00    00000400   00000000    rw- .sysmem
  20001200    20001200    0000020d   00000000    rw- .data
2000fe00    2000fe00    00000200   00000000    rw-
  2000fe00    2000fe00    00000200   00000000    rw- .stack


SECTION ALLOCATION MAP

 output                                  attributes/
section   page    origin      length       input sections
--------  ----  ----------  ----------   ----------------
.intvecs   0    00000000    000000e4     
                  00000000    000000e4     startup_msp432p401r_ccs.obj (.intvecs:retain)

.binit     0    00000000    00000000     

.text      0    000000e4    00005902     
                  000000e4    00000a5e     rtsv7M4_T_le_v4SPD16_eabi.lib : _printfi.c.obj (.text:__TI_printfi)
                  00000b42    00000002                                   : stdlib_typeinfo.cpp.obj (.text:_ZNSt9type_infoD1Ev)
                  00000b44    00000516     ros_msp432_io.obj (.text)
                  0000105a    00000002     rtsv7M4_T_le_v4SPD16_eabi.lib : _lock.c.obj (.text:_nop)
                  0000105c    00000460                                   : strtod.c.obj (.text:strtod)
                  000014bc    00000334     system_msp432p401r.obj (.text)
                  000017f0    00000326     test_ros_msp432_interface.obj (.text:_ZN3ros11NodeHandle_I15Msp432CHardwareLi25ELi25ELi512ELi512EE8spinOnceEv)
                  00001b16    00000298     test_ros_msp432_interface.obj (.text:_ZN14rosserial_msgs20RequestParamResponse11deserializeEPh)
                  00001dae    00000002     rtsv7M4_T_le_v4SPD16_eabi.lib : div0.asm.obj (.text)
                  00001db0    0000027c     RosMspHwdLib.lib : clocks.obj (.text)
                  0000202c    0000027c                      : my_uart.obj (.text)
                  000022a8    00000270     rtsv7M4_T_le_v4SPD16_eabi.lib : _printfi.c.obj (.text:_pconv_a)
                  00002518    000001f2     test_ros_msp432_interface.obj (.text:_ZNK14rosserial_msgs20RequestParamResponse9serializeEPh)
                  0000270a    00000002     --HOLE-- [fill = 0]
                  0000270c    000001d0     rtsv7M4_T_le_v4SPD16_eabi.lib : _printfi.c.obj (.text:_pconv_g)
                  000028dc    000001b6                                   : fd_add_t2.asm.obj (.text)
                  00002a92    00000196     test_ros_msp432_interface.obj (.text:_ZN3ros11NodeHandle_I15Msp432CHardwareLi25ELi25ELi512ELi512EE15negotiateTopicsEv)
                  00002c28    00000190     test_ros_msp432_interface.obj (.text:_ZN14rosserial_msgs9TopicInfo11deserializeEPh)
                  00002db8    0000013c     rtsv7M4_T_le_v4SPD16_eabi.lib : _printfi.c.obj (.text:_pconv_e)
                  00002ef4    00000136                                   : fd_div_t2.asm.obj (.text)
                  0000302a    00000002     --HOLE-- [fill = 0]
                  0000302c    0000012c     test_ros_msp432_interface.obj (.text:_ZN3ros11NodeHandle_I15Msp432CHardwareLi25ELi25ELi512ELi512EE7publishEiPKNS_3MsgE)
                  00003158    00000124     rtsv7M4_T_le_v4SPD16_eabi.lib : _printfi.c.obj (.text:fcvt)
                  0000327c    00000116     test_ros_msp432_interface.obj (.text:_ZNK14rosserial_msgs9TopicInfo9serializeEPh)
                  00003392    00000002     --HOLE-- [fill = 0]
                  00003394    00000114     rtsv7M4_T_le_v4SPD16_eabi.lib : fputs.c.obj (.text:fputs)
                  000034a8    00000114                                   : memory.c.obj (.text:realloc)
                  000035bc    00000110                                   : s_scalbn.c.obj (.text:scalbn)
                  000036cc    000000fc                                   : fd_mul_t2.asm.obj (.text)
                  000037c8    000000f4     test_ros_msp432_interface.obj (.text)
                  000038bc    000000ec     test_ros_msp432_interface.obj (.text:_ZN3ros11NodeHandle_I15Msp432CHardwareLi25ELi25ELi512ELi512EEC1Ev)
                  000039a8    000000dc     rtsv7M4_T_le_v4SPD16_eabi.lib : setvbuf.c.obj (.text:setvbuf)
                  00003a84    000000d8                                   : memory.c.obj (.text:free)
                  00003b5c    000000c0     RosMspHwdLib.lib : time.obj (.text)
                  00003c1c    000000b1     rtsv7M4_T_le_v4SPD16_eabi.lib : _printfi.c.obj (.text:_ltostr)
                  00003ccd    00000001     --HOLE-- [fill = 0]
                  00003cce    0000009e     test_ros_msp432_interface.obj (.text:_ZN8std_msgs4Time11deserializeEPh)
                  00003d6c    0000009c     rtsv7M4_T_le_v4SPD16_eabi.lib : memcpy_t2.asm.obj (.text)
                  00003e08    0000009a     test_ros_msp432_interface.obj (.text:_ZNK8std_msgs4Time9serializeEPh)
                  00003ea2    00000096     rtsv7M4_T_le_v4SPD16_eabi.lib : ull_div_t2.asm.obj (.text)
                  00003f38    0000008c                                   : fputc.c.obj (.text:fputc)
                  00003fc4    00000086                                   : fd_cmp_t2.asm.obj (.text:__aeabi_cdcmple)
                  0000404a    00000086                                   : fd_cmp_t2.asm.obj (.text:__aeabi_cdrcmple)
                  000040d0    00000080     msp432p4xx_driverlib.lib : interrupt.o (.text:Interrupt_enableInterrupt)
                  00004150    0000007e     test_ros_msp432_interface.obj (.text:_ZN14rosserial_msgs3Log11deserializeEPh)
                  000041ce    0000007a     rtsv7M4_T_le_v4SPD16_eabi.lib : memset_t2.asm.obj (.text)
                  00004248    00000078                                   : memory.c.obj (.text:malloc)
                  000042c0    00000074                                   : fclose.c.obj (.text:__TI_closefile)
                  00004334    00000070     test_ros_msp432_interface.obj (.text:_ZN3ros11NodeHandle_I15Msp432CHardwareLi25ELi25ELi512ELi512EE8syncTimeEPh)
                  000043a4    0000006e     test_ros_msp432_interface.obj (.text:_ZN8std_msgs6String11deserializeEPh)
                  00004412    0000006e     rtsv7M4_T_le_v4SPD16_eabi.lib : _printfi.c.obj (.text:_mcpy)
                  00004480    0000006e                                   : fd_tos_t2.asm.obj (.text)
                  000044ee    00000002     --HOLE-- [fill = 0]
                  000044f0    00000068                                   : hostlseek.c.obj (.text:HOSTlseek)
                  00004558    00000068                                   : hostrename.c.obj (.text:HOSTrename)
                  000045c0    00000068                                   : copy_decompress_lzss.c.obj (.text:decompress:lzss:__TI_decompress_lzss)
                  00004628    00000068                                   : printf.c.obj (.text:printf)
                  00004690    00000064                                   : s_frexp.c.obj (.text:frexp)
                  000046f4    00000064                                   : fseek.c.obj (.text:fseek)
                  00004758    00000062                                   : _io_perm.c.obj (.text:__TI_wrt_ok)
                  000047ba    00000002     --HOLE-- [fill = 0]
                  000047bc    00000060                                   : hostopen.c.obj (.text:HOSTopen)
                  0000481c    00000060     test_ros_msp432_interface.obj (.text:_ZN3ros11NodeHandle_I15Msp432CHardwareLi25ELi25ELi512ELi512EE6setNowERNS_4TimeE)
                  0000487c    00000060     rtsv7M4_T_le_v4SPD16_eabi.lib : autoinit.c.obj (.text:__TI_auto_init_nobinit:__TI_auto_init_nobinit)
                  000048dc    0000005e                                   : i_divt2.asm.obj (.text)
                  0000493a    00000002     --HOLE-- [fill = 0]
                  0000493c    0000005c     msp432p4xx_driverlib.lib : interrupt.o (.text:Interrupt_registerInterrupt)
                  00004998    0000005c     test_ros_msp432_interface.obj (.text:_ZNK14rosserial_msgs3Log9serializeEPh)
                  000049f4    0000005c     rtsv7M4_T_le_v4SPD16_eabi.lib : close.c.obj (.text:close)
                  00004a50    00000058                                   : hostread.c.obj (.text:HOSTread)
                  00004aa8    00000058                                   : hostwrite.c.obj (.text:HOSTwrite)
                  00004b00    00000056                                   : _printfi.c.obj (.text:_pconv_f)
                  00004b56    00000054                                   : ltoa.c.obj (.text:ltoa)
                  00004baa    00000052     test_ros_msp432_interface.obj (.text:_ZN3ros11NodeHandle_I15Msp432CHardwareLi25ELi25ELi512ELi512EE9advertiseERNS_9PublisherE)
                  00004bfc    00000052     rtsv7M4_T_le_v4SPD16_eabi.lib : _printfi.c.obj (.text:_ecpy)
                  00004c4e    0000004c     test_ros_msp432_interface.obj (.text:_ZN3ros11NodeHandle_I15Msp432CHardwareLi25ELi25ELi512ELi512EE9subscribeINS_10SubscriberIN8std_msgs6StringEvEEEEbRT_)
                  00004c9a    0000004c     rtsv7M4_T_le_v4SPD16_eabi.lib : fflush.c.obj (.text:__TI_doflush)
                  00004ce6    00000002     --HOLE-- [fill = 0]
                  00004ce8    0000004c                                   : atoi.c.obj (.text:atoi)
                  00004d34    00000048     test_ros_msp432_interface.obj (.text:_ZNK8std_msgs6String9serializeEPh)
                  00004d7c    00000048     rtsv7M4_T_le_v4SPD16_eabi.lib : exit.c.obj (.text:exit)
                  00004dc4    00000048                                   : fd_toi_t2.asm.obj (.text)
                  00004e0c    00000044                                   : hostclose.c.obj (.text:HOSTclose)
                  00004e50    00000044                                   : hostunlink.c.obj (.text:HOSTunlink)
                  00004e94    00000044                                   : getdevice.c.obj (.text:getdevice)
                  00004ed8    00000040     msp432p4xx_driverlib.lib : gpio.o (.text:GPIO_setAsOutputPin)
                  00004f18    00000040     test_ros_msp432_interface.obj (.text:_ZN3ros10SubscriberIN8std_msgs6StringEvEC1EPKcPFvRKS2_Ei)
                  00004f58    00000040     rtsv7M4_T_le_v4SPD16_eabi.lib : sprintf.c.obj (.text:sprintf)
                  00004f98    0000003e                                   : _printfi.c.obj (.text:_fcpy)
                  00004fd6    00000002     --HOLE-- [fill = 0]
                  00004fd8    0000003c     test_ros_msp432_interface.obj (.text:_ZN14rosserial_msgs20RequestParamResponseC1Ev)
                  00005014    0000003c     test_ros_msp432_interface.obj (.text:_ZN14rosserial_msgs9TopicInfoC1Ev)
                  00005050    0000003c     test_ros_msp432_interface.obj (.text:_ZN3ros3Msg8arrToVarIjPhEEvRT_T0_)
                  0000508c    0000003c     rtsv7M4_T_le_v4SPD16_eabi.lib : memory.c.obj (.text:minsert)
                  000050c8    00000038                                   : trgmsg.c.obj (.text:__TI_writemsg)
                  00005100    00000038                                   : boot_cortex_m.c.obj (.text:_c_int00_noargs:_c_int00_noargs)
                  00005138    00000038                                   : memory.c.obj (.text:minit)
                  00005170    00000038                                   : fs_tod_t2.asm.obj (.text)
                  000051a8    00000036                                   : strncpy.c.obj (.text:strncpy)
                  000051de    00000034     test_ros_msp432_interface.obj (.text:_ZN15Msp432CHardware5writeEPhi)
                  00005212    00000034     test_ros_msp432_interface.obj (.text:_ZN3ros11NodeHandle_I15Msp432CHardwareLi25ELi25ELi512ELi512EE3logEcPKc)
                  00005246    00000002     --HOLE-- [fill = 0]
                  00005248    00000034     rtsv7M4_T_le_v4SPD16_eabi.lib : fopen.c.obj (.text:__TI_cleanup)
                  0000527c    00000034                                   : trgmsg.c.obj (.text:__TI_readmsg)
                  000052b0    00000030     msp432p4xx_driverlib.lib : gpio.o (.text:GPIO_getInputPinValue)
                  000052e0    00000030     test_ros_msp432_interface.obj (.text:_ZN3ros3Msg8varToArrIPhjEEvT_T0_)
                  00005310    00000030     rtsv7M4_T_le_v4SPD16_eabi.lib : getdevice.c.obj (.text:finddevice)
                  00005340    0000002e     test_ros_msp432_interface.obj (.text:_ZN3ros11NodeHandle_I15Msp432CHardwareLi25ELi25ELi512ELi512EE15requestSyncTimeEv)
                  0000536e    0000002e     test_ros_msp432_interface.obj (.text:_ZN3ros11NodeHandle_I15Msp432CHardwareLi25ELi25ELi512ELi512EE8initNodeEv)
                  0000539c    0000002e     rtsv7M4_T_le_v4SPD16_eabi.lib : i_tofd_t2.asm.obj (.text)
                  000053ca    00000002     --HOLE-- [fill = 0]
                  000053cc    0000002c                                   : unlink.c.obj (.text:unlink)
                  000053f8    00000028     msp432p4xx_driverlib.lib : gpio.o (.text:GPIO_setOutputHighOnPin)
                  00005420    00000028                              : gpio.o (.text:GPIO_setOutputLowOnPin)
                  00005448    00000028                              : gpio.o (.text:GPIO_toggleOutputOnPin)
                  00005470    00000028     test_ros_msp432_interface.obj (.text:_ZN14rosserial_msgs3LogC1Ev)
                  00005498    00000028     rtsv7M4_T_le_v4SPD16_eabi.lib : lseek.c.obj (.text:lseek)
                  000054c0    00000028                                   : memory.c.obj (.text:mremove)
                  000054e8    00000028                                   : write.c.obj (.text:write)
                  00005510    00000024     test_ros_msp432_interface.obj (.text:_ZN3ros9PublisherC1EPKcPNS_3MsgEi)
                  00005534    00000024     test_ros_msp432_interface.obj (.text:_ZN8std_msgs6StringC1ERKS0_)
                  00005558    00000024     test_ros_msp432_interface.obj (.text:_ZN8std_msgs6StringC1Ev)
                  0000557c    00000020     test_ros_msp432_interface.obj (.text:_ZN8std_msgs4TimeC1Ev)
                  0000559c    00000020     rtsv7M4_T_le_v4SPD16_eabi.lib : memchr.c.obj (.text:memchr)
                  000055bc    0000001e     ros_msp432_io.obj (.text:_ZN3ros9Publisher7publishEPKNS_3MsgE)
                  000055da    0000001c     ros_msp432_io.obj (.text:_ZN12RosMSP432_Io8setFloatEi)
                  000055f6    0000001c     test_ros_msp432_interface.obj (.text:_ZN3ros10SubscriberIN8std_msgs6StringEvE8callbackEPh)
                  00005612    0000001c     rtsv7M4_T_le_v4SPD16_eabi.lib : memccpy.c.obj (.text:memccpy)
                  0000562e    0000001a     test_ros_msp432_interface.obj (.text:_ZN8std_msgs6StringaSERKS0_)
                  00005648    00000018     ros_msp432_io.obj (.text:_ZN12RosMSP432_Io8getFloatEv)
                  00005660    00000018     test_ros_msp432_interface.obj (.text:_ZN3ros11Subscriber_C1Ev)
                  00005678    00000018     test_ros_msp432_interface.obj (.text:_ZN3ros15NodeHandleBase_C1Ev)
                  00005690    00000018     test_ros_msp432_interface.obj (.text:_ZN3ros3MsgC1ERKS0_)
                  000056a8    00000018     test_ros_msp432_interface.obj (.text:_ZN3ros3MsgC1Ev)
                  000056c0    00000018     test_ros_msp432_interface.obj (.text:_ZN3ros4TimeC1Ev)
                  000056d8    00000018     rtsv7M4_T_le_v4SPD16_eabi.lib : sprintf.c.obj (.text:_outs)
                  000056f0    00000018                                   : strcmp.c.obj (.text:strcmp)
                  00005708    00000016     msp432p4xx_driverlib.lib : timer32.o (.text:Timer32_registerInterrupt)
                  0000571e    00000016     rtsv7M4_T_le_v4SPD16_eabi.lib : strchr.c.obj (.text:strchr)
                  00005734    00000014     test_ros_msp432_interface.obj (.text:_ZN15Msp432CHardware4timeEv)
                  00005748    00000014     rtsv7M4_T_le_v4SPD16_eabi.lib : s_copysign.c.obj (.text:copysign)
                  0000575c    00000014                                   : strcpy.c.obj (.text:strcpy)
                  00005770    00000014                                   : strlen.c.obj (.text:strlen)
                  00005784    00000012     ros_msp432_io.obj (.text:_ZN12RosMSP432_Io10setIntegerEi)
                  00005796    00000012     test_ros_msp432_interface.obj (.text:_ZN3ros11NodeHandle_I15Msp432CHardwareLi25ELi25ELi512ELi512EE8logerrorEPKc)
                  000057a8    00000012     rtsv7M4_T_le_v4SPD16_eabi.lib : atof.c.obj (.text:atof)
                  000057ba    00000012                                   : wcslen.c.obj (.text:wcslen)
                  000057cc    00000010     msp432p4xx_driverlib.lib : interrupt.o (.text:Interrupt_enableMaster)
                  000057dc    00000010     test_ros_msp432_interface.obj (.text:_ZN14rosserial_msgs20RequestParamResponse6getMD5Ev)
                  000057ec    00000010     test_ros_msp432_interface.obj (.text:_ZN14rosserial_msgs20RequestParamResponse7getTypeEv)
                  000057fc    00000010     test_ros_msp432_interface.obj (.text:_ZN14rosserial_msgs3Log6getMD5Ev)
                  0000580c    00000010     test_ros_msp432_interface.obj (.text:_ZN14rosserial_msgs3Log7getTypeEv)
                  0000581c    00000010     test_ros_msp432_interface.obj (.text:_ZN14rosserial_msgs9TopicInfo6getMD5Ev)
                  0000582c    00000010     test_ros_msp432_interface.obj (.text:_ZN14rosserial_msgs9TopicInfo7getTypeEv)
                  0000583c    00000010     test_ros_msp432_interface.obj (.text:_ZN3ros11NodeHandle_I15Msp432CHardwareLi25ELi25ELi512ELi512EE9connectedEv)
                  0000584c    00000010     test_ros_msp432_interface.obj (.text:_ZN3ros3MsgC2ERKS0_)
                  0000585c    00000010     test_ros_msp432_interface.obj (.text:_ZN8std_msgs4Time6getMD5Ev)
                  0000586c    00000010     test_ros_msp432_interface.obj (.text:_ZN8std_msgs4Time7getTypeEv)
                  0000587c    00000010     test_ros_msp432_interface.obj (.text:_ZN8std_msgs6String6getMD5Ev)
                  0000588c    00000010     test_ros_msp432_interface.obj (.text:_ZN8std_msgs6String7getTypeEv)
                  0000589c    0000000e     rtsv7M4_T_le_v4SPD16_eabi.lib : typeinfo.c.obj (.text:_ZN10__cxxabiv117__class_type_infoD0Ev)
                  000058aa    0000000e                                   : typeinfo.c.obj (.text:_ZN10__cxxabiv120__si_class_type_infoD0Ev)
                  000058b8    0000000e     ros_msp432_io.obj (.text:_ZN12RosMSP432_Io10getIntegerEv)
                  000058c6    0000000e     test_ros_msp432_interface.obj (.text:_ZN15Msp432CHardware5delayEj)
                  000058d4    0000000e     test_ros_msp432_interface.obj (.text:_ZN3ros10SubscriberIN8std_msgs6StringEvE10getMsgTypeEv)
                  000058e2    0000000e     test_ros_msp432_interface.obj (.text:_ZN3ros10SubscriberIN8std_msgs6StringEvE15getEndpointTypeEv)
                  000058f0    0000000e     test_ros_msp432_interface.obj (.text:_ZN3ros10SubscriberIN8std_msgs6StringEvE9getMsgMD5Ev)
                  000058fe    0000000e     test_ros_msp432_interface.obj (.text:_ZN3ros11NodeHandle_I15Msp432CHardwareLi25ELi25ELi512ELi512EE11getHardwareEv)
                  0000590c    0000000e     test_ros_msp432_interface.obj (.text:_ZN3ros3MsgaSERKS0_)
                  0000591a    0000000e     test_ros_msp432_interface.obj (.text:_ZN3ros9Publisher15getEndpointTypeEv)
                  00005928    0000000e     rtsv7M4_T_le_v4SPD16_eabi.lib : copy_decompress_none.c.obj (.text:decompress:none:__TI_decompress_none)
                  00005936    0000000e     startup_msp432p401r_ccs.obj (.text)
                  00005944    0000000c     msp432p4xx_driverlib.lib : cpu.o (.text:CPU_cpsie)
                  00005950    0000000c     test_ros_msp432_interface.obj (.text:_ZN15Msp432CHardware4initEv)
                  0000595c    0000000c     test_ros_msp432_interface.obj (.text:_ZN15Msp432CHardwareC1Ev)
                  00005968    0000000c     test_ros_msp432_interface.obj (.text:_ZN3ros11Subscriber_C2Ev)
                  00005974    0000000c     test_ros_msp432_interface.obj (.text:_ZN3ros15NodeHandleBase_C2Ev)
                  00005980    0000000c     test_ros_msp432_interface.obj (.text:_ZN3ros3MsgC2Ev)
                  0000598c    0000000c     rtsv7M4_T_le_v4SPD16_eabi.lib : copy_zero_init.c.obj (.text:decompress:ZI:__TI_zero_init)
                  00005998    0000000a     test_ros_msp432_interface.obj (.text:_ZN15Msp432CHardware4readEv)
                  000059a2    0000000a     rtsv7M4_T_le_v4SPD16_eabi.lib : sprintf.c.obj (.text:_outc)
                  000059ac    00000008                                   : new.cpp.obj (.text:_ZdlPv)
                  000059b4    00000008                                   : errno.c.obj (.text:__aeabi_errno_addr)
                  000059bc    00000006                                   : pure_virt.c.obj (.text:__cxa_pure_virtual)
                  000059c2    00000004     msp432p4xx_driverlib.lib : cpu.o (.text:CPU_wfi)
                  000059c6    00000004     rtsv7M4_T_le_v4SPD16_eabi.lib : typeinfo.c.obj (.text:_ZN10__cxxabiv117__class_type_infoD1Ev)
                  000059ca    00000004                                   : typeinfo.c.obj (.text:_ZN10__cxxabiv120__si_class_type_infoD1Ev)
                  000059ce    00000004                                   : new.cpp.obj (.text:_ZdlPvj)
                  000059d2    00000004                                   : error.c.obj (.text:__abort_execution)
                  000059d6    00000004                                   : printf.c.obj (.text:_outc)
                  000059da    00000004                                   : printf.c.obj (.text:_outs)
                  000059de    00000004                                   : pre_init.c.obj (.text:_system_pre_init)
                  000059e2    00000004                                   : exit.c.obj (.text:abort:abort)

.const     0    000059e8    00000680     
                  000059e8    00000101     rtsv7M4_T_le_v4SPD16_eabi.lib : ctype.c.obj (.const:.string:_ctypes_)
                  00005ae9    00000001     test_ros_msp432_interface.obj (.const:.string:_ZZN14rosserial_msgs3LogC1EvEs)
                  00005aea    00000001     test_ros_msp432_interface.obj (.const:.string:_ZZN14rosserial_msgs9TopicInfoC1EvEs)
                  00005aeb    00000001     test_ros_msp432_interface.obj (.const:.string:_ZZN8std_msgs6StringC1EvEs)
                  00005aec    00000004     --HOLE-- [fill = 0]
                  00005af0    000000c8     rtsv7M4_T_le_v4SPD16_eabi.lib : strtod.c.obj (.const:$O1$$)
                  00005bb8    0000003d     test_ros_msp432_interface.obj (.const:.typeinfo:_ZTSN3ros11NodeHandle_I15Msp432CHardwareLi25ELi25ELi512ELi512EEE)
                  00005bf5    00000039     test_ros_msp432_interface.obj (.const:.string:_ZZN3ros11NodeHandle_I15Msp432CHardwareLi25ELi25ELi512ELi512EE7publishEiPKNS_3MsgEEs)
                  00005c2e    00000002     --HOLE-- [fill = 0]
                  00005c30    00000030     msp432p4xx_driverlib.lib : gpio.o (.const:GPIO_PORT_TO_BASE)
                  00005c60    00000029     test_ros_msp432_interface.obj (.const:.typeinfo:_ZTSN14rosserial_msgs20RequestParamResponseE)
                  00005c89    00000028     test_ros_msp432_interface.obj (.const:.typeinfo:_ZTSN3ros10SubscriberIN8std_msgs6StringEvEE)
                  00005cb1    00000025     rtsv7M4_T_le_v4SPD16_eabi.lib : typeinfo.c.obj (.const:.typeinfo:_ZTSN10__cxxabiv120__si_class_type_infoE)
                  00005cd6    00000002     --HOLE-- [fill = 0]
                  00005cd8    00000024     RosMspHwdLib.lib : my_uart.obj (.const:uartConfig)
                  00005cfc    00000022     rtsv7M4_T_le_v4SPD16_eabi.lib : typeinfo.c.obj (.const:.typeinfo:_ZTSN10__cxxabiv117__class_type_infoE)
                  00005d1e    00000021     test_ros_msp432_interface.obj (.const:.string:_ZZN14rosserial_msgs20RequestParamResponse6getMD5EvEs)
                  00005d3f    00000021     test_ros_msp432_interface.obj (.const:.string:_ZZN14rosserial_msgs3Log6getMD5EvEs)
                  00005d60    00000021     test_ros_msp432_interface.obj (.const:.string:_ZZN14rosserial_msgs9TopicInfo6getMD5EvEs)
                  00005d81    00000021     test_ros_msp432_interface.obj (.const:.string:_ZZN8std_msgs4Time6getMD5EvEs)
                  00005da2    00000021     test_ros_msp432_interface.obj (.const:.string:_ZZN8std_msgs6String6getMD5EvEs)
                  00005dc3    0000001d     test_ros_msp432_interface.obj (.const:.typeinfo:_ZTSN14rosserial_msgs9TopicInfoE)
                  00005de0    0000001c     test_ros_msp432_interface.obj (.const:.string:_ZN46_INTERNAL_29_test_ros_msp432_interface_cpp_nh_14rosserial_msgs12REQUESTPARAME)
                  00005dfc    00000019     test_ros_msp432_interface.obj (.const:.string:_ZZN14rosserial_msgs9TopicInfo7getTypeEvEs)
                  00005e15    00000018     test_ros_msp432_interface.obj (.const:.typeinfo:_ZTSN3ros15NodeHandleBase_E)
                  00005e2d    00000003     --HOLE-- [fill = 0]
                  00005e30    00000018     test_ros_msp432_interface.obj (.const:_ZTVN14rosserial_msgs20RequestParamResponseE)
                  00005e48    00000018     test_ros_msp432_interface.obj (.const:_ZTVN14rosserial_msgs3LogE)
                  00005e60    00000018     test_ros_msp432_interface.obj (.const:_ZTVN14rosserial_msgs9TopicInfoE)
                  00005e78    00000018     test_ros_msp432_interface.obj (.const:_ZTVN3ros10SubscriberIN8std_msgs6StringEvEE)
                  00005e90    00000018     test_ros_msp432_interface.obj (.const:_ZTVN3ros11Subscriber_E)
                  00005ea8    00000018     test_ros_msp432_interface.obj (.const:_ZTVN3ros3MsgE)
                  00005ec0    00000018     test_ros_msp432_interface.obj (.const:_ZTVN8std_msgs4TimeE)
                  00005ed8    00000018     test_ros_msp432_interface.obj (.const:_ZTVN8std_msgs6StringE)
                  00005ef0    00000017     test_ros_msp432_interface.obj (.const:.typeinfo:_ZTSN14rosserial_msgs3LogE)
                  00005f07    00000014     test_ros_msp432_interface.obj (.const:.typeinfo:_ZTSN3ros11Subscriber_E)
                  00005f1b    00000001     --HOLE-- [fill = 0]
                  00005f1c    00000014     test_ros_msp432_interface.obj (.const:_ZTVN3ros11NodeHandle_I15Msp432CHardwareLi25ELi25ELi512ELi512EEE)
                  00005f30    00000014     test_ros_msp432_interface.obj (.const:_ZTVN3ros15NodeHandleBase_E)
                  00005f44    00000013     test_ros_msp432_interface.obj (.const:.string:_ZZN14rosserial_msgs3Log7getTypeEvEs)
                  00005f57    00000013     test_ros_msp432_interface.obj (.const:.typeinfo:_ZTSN8std_msgs6StringE)
                  00005f6a    00000011     test_ros_msp432_interface.obj (.const:.typeinfo:_ZTSN8std_msgs4TimeE)
                  00005f7b    00000010     test_ros_msp432_interface.obj (.const:.string:_ZZN8std_msgs6String7getTypeEvEs)
                  00005f8b    00000001     --HOLE-- [fill = 0]
                  00005f8c    00000010     rtsv7M4_T_le_v4SPD16_eabi.lib : typeinfo.c.obj (.const:_ZTVN10__cxxabiv117__class_type_infoE)
                  00005f9c    00000010                                   : typeinfo.c.obj (.const:_ZTVN10__cxxabiv120__si_class_type_infoE)
                  00005fac    0000000e     test_ros_msp432_interface.obj (.const:.string:_ZZN8std_msgs4Time7getTypeEvEs)
                  00005fba    0000000d     rtsv7M4_T_le_v4SPD16_eabi.lib : stdlib_typeinfo.cpp.obj (.const:.typeinfo:_ZTSSt9type_info)
                  00005fc7    00000001     --HOLE-- [fill = 0]
                  00005fc8    0000000c                                   : typeinfo.c.obj (.const:.typeinfo:_ZTIN10__cxxabiv117__class_type_infoE)
                  00005fd4    0000000c                                   : typeinfo.c.obj (.const:.typeinfo:_ZTIN10__cxxabiv120__si_class_type_infoE)
                  00005fe0    0000000c     test_ros_msp432_interface.obj (.const:.typeinfo:_ZTIN14rosserial_msgs20RequestParamResponseE)
                  00005fec    0000000c     test_ros_msp432_interface.obj (.const:.typeinfo:_ZTIN14rosserial_msgs3LogE)
                  00005ff8    0000000c     test_ros_msp432_interface.obj (.const:.typeinfo:_ZTIN14rosserial_msgs9TopicInfoE)
                  00006004    0000000c     test_ros_msp432_interface.obj (.const:.typeinfo:_ZTIN3ros10SubscriberIN8std_msgs6StringEvEE)
                  00006010    0000000c     test_ros_msp432_interface.obj (.const:.typeinfo:_ZTIN3ros11NodeHandle_I15Msp432CHardwareLi25ELi25ELi512ELi512EEE)
                  0000601c    0000000c     test_ros_msp432_interface.obj (.const:.typeinfo:_ZTIN8std_msgs4TimeE)
                  00006028    0000000c     test_ros_msp432_interface.obj (.const:.typeinfo:_ZTIN8std_msgs6StringE)
                  00006034    0000000b     test_ros_msp432_interface.obj (.const:.typeinfo:_ZTSN3ros3MsgE)
                  0000603f    00000001     --HOLE-- [fill = 0]
                  00006040    00000008     test_ros_msp432_interface.obj (.const:.typeinfo:_ZTIN3ros11Subscriber_E)
                  00006048    00000008     test_ros_msp432_interface.obj (.const:.typeinfo:_ZTIN3ros15NodeHandleBase_E)
                  00006050    00000008     test_ros_msp432_interface.obj (.const:.typeinfo:_ZTIN3ros3MsgE)
                  00006058    00000008     rtsv7M4_T_le_v4SPD16_eabi.lib : stdlib_typeinfo.cpp.obj (.const:.typeinfo:_ZTISt9type_info)
                  00006060    00000008     msp432p4xx_driverlib.lib : interrupt.o (.const:g_pulEnRegs)

.cinit     0    00006070    000000b0     
                  00006070    00000076     (.cinit..data.load) [load image, compression = lzss]
                  000060e6    00000002     --HOLE-- [fill = 0]
                  000060e8    0000000c     (__TI_handler_table)
                  000060f4    00000004     --HOLE-- [fill = 0]
                  000060f8    00000008     (.cinit..bss.load) [load image, compression = zero_init]
                  00006100    00000008     (.cinit..vtable.load) [load image, compression = zero_init]
                  00006108    00000018     (__TI_cinit_table)

.init_array 
*          0    00006068    00000004     
                  00006068    00000004     test_ros_msp432_interface.obj (.init_array)

.vtable    0    20000000    000000e8     UNINITIALIZED
                  20000000    000000e8     msp432p4xx_driverlib.lib : interrupt.o (.vtable)

.bss       0    200000e8    00000d18     UNINITIALIZED
                  200000e8    0000052c     test_ros_msp432_interface.obj (.bss:nh_)
                  20000614    00000210     test_ros_msp432_interface.obj (.bss:msp)
                  20000824    00000200     (.common:_uartRxBuffer)
                  20000a24    00000200     (.common:_uartTxBuffer)
                  20000c24    00000120     rtsv7M4_T_le_v4SPD16_eabi.lib : trgmsg.c.obj (.bss:_CIOBUF_)
                  20000d44    000000a0     (.common:__TI_tmpnams)
                  20000de4    00000008     test_ros_msp432_interface.obj (.bss:rxMsg)
                  20000dec    00000008     test_ros_msp432_interface.obj (.bss:txMsg)
                  20000df4    00000008     (.common:parmbuf)
                  20000dfc    00000004     (.common:_periodicSvc)

.sysmem    0    20000e00    00000400     UNINITIALIZED
                  20000e00    00000008     rtsv7M4_T_le_v4SPD16_eabi.lib : memory.c.obj (.sysmem)
                  20000e08    000003f8     --HOLE--

.data      0    20001200    0000020d     UNINITIALIZED
                  20001200    000000f0     rtsv7M4_T_le_v4SPD16_eabi.lib : defs.c.obj (.data:_ftable)
                  200012f0    00000078                                   : write.c.obj (.data:_device)
                  20001368    00000050                                   : write.c.obj (.data:_stream)
                  200013b8    00000010     RosMspHwdLib.lib : my_uart.obj (.data)
                  200013c8    00000010     rtsv7M4_T_le_v4SPD16_eabi.lib : defs.c.obj (.data)
                  200013d8    0000000c                                   : exit.c.obj (.data:$O1$$)
                  200013e4    0000000c                                   : memory.c.obj (.data:$O1$$)
                  200013f0    0000000c     RosMspHwdLib.lib : clocks.obj (.data)
                  200013fc    00000008     rtsv7M4_T_le_v4SPD16_eabi.lib : _lock.c.obj (.data:$O1$$)
                  20001404    00000004                                   : errno.c.obj (.data)
                  20001408    00000004     system_msp432p401r.obj (.data)
                  2000140c    00000001     test_ros_msp432_interface.obj (.data)

.stack     0    2000fe00    00000200     UNINITIALIZED
                  2000fe00    00000004     rtsv7M4_T_le_v4SPD16_eabi.lib : boot_cortex_m.c.obj (.stack)
                  2000fe04    000001fc     --HOLE--

MODULE SUMMARY

       Module                          code    ro data   rw data
       ------                          ----    -------   -------
    ./ccs/
       system_msp432p401r.obj          820     0         8      
       startup_msp432p401r_ccs.obj     14      228       0      
    +--+-------------------------------+-------+---------+---------+
       Total:                          834     228       8      
                                                                
    ./src/
       test_ros_msp432_interface.obj   6150    956       3738   
       ros_msp432_io.obj               1416    0         0      
    +--+-------------------------------+-------+---------+---------+
       Total:                          7566    956       3738   
                                                                
    /home/pops/MicroControllers/ROS_MSP432_Red/RosMspHwdLib/Debug/RosMspHwdLib.lib
       my_uart.obj                     636     36        2080   
       clocks.obj                      636     0         32     
       time.obj                        192     0         0      
    +--+-------------------------------+-------+---------+---------+
       Total:                          1464    36        2112   
                                                                
    /home/pops/ti/simplelink_msp432p4_sdk_2_20_00_12/source/ti/devices/msp432p4xx/driverlib/ccs/msp432p4xx_driverlib.lib
       interrupt.o                     236     8         464    
       gpio.o                          232     48        0      
       timer32.o                       22      0         0      
       cpu.o                           16      0         0      
    +--+-------------------------------+-------+---------+---------+
       Total:                          506     56        464    
                                                                
    /opt/ti/ccsv8/tools/compiler/ti-cgt-arm_18.1.4.LTS/lib/rtsv7M4_T_le_v4SPD16_eabi.lib
       _printfi.c.obj                  4867    0         0      
       strtod.c.obj                    1120    200       0      
       defs.c.obj                      0       0         832    
       memory.c.obj                    768     0         24     
       trgmsg.c.obj                    108     0         576    
       write.c.obj                     40      0         400    
       fd_add_t2.asm.obj               438     0         0      
       fd_div_t2.asm.obj               310     0         0      
       fputs.c.obj                     276     0         0      
       s_scalbn.c.obj                  272     0         0      
       fd_cmp_t2.asm.obj               268     0         0      
       ctype.c.obj                     0       257       0      
       fd_mul_t2.asm.obj               252     0         0      
       setvbuf.c.obj                   220     0         0      
       typeinfo.c.obj                  36      127       0      
       memcpy_t2.asm.obj               156     0         0      
       ull_div_t2.asm.obj              150     0         0      
       fputc.c.obj                     140     0         0      
       memset_t2.asm.obj               122     0         0      
       fclose.c.obj                    116     0         0      
       getdevice.c.obj                 116     0         0      
       hostopen.c.obj                  96      0         16     
       printf.c.obj                    112     0         0      
       fd_tos_t2.asm.obj               110     0         0      
       copy_decompress_lzss.c.obj      104     0         0      
       hostlseek.c.obj                 104     0         0      
       hostrename.c.obj                104     0         0      
       exit.c.obj                      76      0         24     
       fseek.c.obj                     100     0         0      
       s_frexp.c.obj                   100     0         0      
       _io_perm.c.obj                  98      0         0      
       sprintf.c.obj                   98      0         0      
       autoinit.c.obj                  96      0         0      
       i_divt2.asm.obj                 94      0         0      
       close.c.obj                     92      0         0      
       hostread.c.obj                  88      0         0      
       hostwrite.c.obj                 88      0         0      
       ltoa.c.obj                      84      0         0      
       atoi.c.obj                      76      0         0      
       fflush.c.obj                    76      0         0      
       fd_toi_t2.asm.obj               72      0         0      
       hostclose.c.obj                 68      0         0      
       hostunlink.c.obj                68      0         0      
       boot_cortex_m.c.obj             56      0         0      
       fs_tod_t2.asm.obj               56      0         0      
       strncpy.c.obj                   54      0         0      
       fopen.c.obj                     52      0         0      
       i_tofd_t2.asm.obj               46      0         0      
       unlink.c.obj                    44      0         0      
       lseek.c.obj                     40      0         0      
       memchr.c.obj                    32      0         0      
       memccpy.c.obj                   28      0         0      
       strcmp.c.obj                    24      0         0      
       stdlib_typeinfo.cpp.obj         2       21        0      
       strchr.c.obj                    22      0         0      
       s_copysign.c.obj                20      0         0      
       strcpy.c.obj                    20      0         0      
       strlen.c.obj                    20      0         0      
       _lock.c.obj                     2       0         16     
       atof.c.obj                      18      0         0      
       wcslen.c.obj                    18      0         0      
       errno.c.obj                     8       0         8      
       copy_decompress_none.c.obj      14      0         0      
       copy_zero_init.c.obj            12      0         0      
       new.cpp.obj                     12      0         0      
       pure_virt.c.obj                 6       0         0      
       error.c.obj                     4       0         0      
       pre_init.c.obj                  4       0         0      
       div0.asm.obj                    2       0         0      
    +--+-------------------------------+-------+---------+---------+
       Total:                          12395   605       1896   
                                                                
       Heap:                           0       0         2048   
       Stack:                          0       0         1024   
       Linker Generated:               0       170       0      
    +--+-------------------------------+-------+---------+---------+
       Grand Total:                    22765   2051      11290  


LINKER GENERATED COPY TABLES

__TI_cinit_table @ 00006108 records: 3, size/record: 8, table size: 24
	.data: load addr=00006070, load size=00000076 bytes, run addr=20001200, run size=0000020d bytes, compression=lzss
	.bss: load addr=000060f8, load size=00000008 bytes, run addr=200000e8, run size=00000d18 bytes, compression=zero_init
	.vtable: load addr=00006100, load size=00000008 bytes, run addr=20000000, run size=000000e8 bytes, compression=zero_init


LINKER GENERATED HANDLER TABLE

__TI_handler_table @ 000060e8 records: 3, size/record: 4, table size: 12
	index: 0, handler: __TI_zero_init
	index: 1, handler: __TI_decompress_lzss
	index: 2, handler: __TI_decompress_none


GLOBAL SYMBOLS: SORTED ALPHABETICALLY BY Name 

address   name                                                                                                               
-------   ----                                                                                                               
00005943  ADC14_IRQHandler                                                                                                   
00005943  AES256_IRQHandler                                                                                                  
00005943  BusFault_Handler                                                                                                   
000059e3  C$$EXIT                                                                                                            
000050f7  C$$IO$$                                                                                                            
00005943  COMP_E0_IRQHandler                                                                                                 
00005943  COMP_E1_IRQHandler                                                                                                 
00005945  CPU_cpsie                                                                                                          
000059c3  CPU_wfi                                                                                                            
00005943  CS_IRQHandler                                                                                                      
00005943  DMA_ERR_IRQHandler                                                                                                 
00005943  DMA_INT0_IRQHandler                                                                                                
00005943  DMA_INT1_IRQHandler                                                                                                
00005943  DMA_INT2_IRQHandler                                                                                                
00005943  DMA_INT3_IRQHandler                                                                                                
00005943  DebugMon_Handler                                                                                                   
00005943  Default_Handler                                                                                                    
0000202d  EUSCIA0_IRQHandler                                                                                                 
0000202d  EUSCIA0_IRQHandler                                                                                                 
00005943  EUSCIA1_IRQHandler                                                                                                 
00005943  EUSCIA2_IRQHandler                                                                                                 
00005943  EUSCIA3_IRQHandler                                                                                                 
00005943  EUSCIB0_IRQHandler                                                                                                 
00005943  EUSCIB1_IRQHandler                                                                                                 
00005943  EUSCIB2_IRQHandler                                                                                                 
00005943  EUSCIB3_IRQHandler                                                                                                 
00005943  FLCTL_IRQHandler                                                                                                   
00005943  FPU_IRQHandler                                                                                                     
000052b1  GPIO_getInputPinValue                                                                                              
00004ed9  GPIO_setAsOutputPin                                                                                                
000053f9  GPIO_setOutputHighOnPin                                                                                            
00005421  GPIO_setOutputLowOnPin                                                                                             
00005449  GPIO_toggleOutputOnPin                                                                                             
00004e0d  HOSTclose                                                                                                          
000044f1  HOSTlseek                                                                                                          
000047bd  HOSTopen                                                                                                           
00004a51  HOSTread                                                                                                           
00004559  HOSTrename                                                                                                         
00004e51  HOSTunlink                                                                                                         
00004aa9  HOSTwrite                                                                                                          
00005943  HardFault_Handler                                                                                                  
000040d1  Interrupt_enableInterrupt                                                                                          
000057cd  Interrupt_enableMaster                                                                                             
0000493d  Interrupt_registerInterrupt                                                                                        
00005943  MemManage_Handler                                                                                                  
00005943  NMI_Handler                                                                                                        
00005943  PCM_IRQHandler                                                                                                     
00005943  PORT1_IRQHandler                                                                                                   
00005943  PORT2_IRQHandler                                                                                                   
00005943  PORT3_IRQHandler                                                                                                   
00005943  PORT4_IRQHandler                                                                                                   
00005943  PORT5_IRQHandler                                                                                                   
00005943  PORT6_IRQHandler                                                                                                   
00005943  PSS_IRQHandler                                                                                                     
00005943  PendSV_Handler                                                                                                     
00005943  RTC_C_IRQHandler                                                                                                   
00005937  Reset_Handler                                                                                                      
00006068  SHT$$INIT_ARRAY$$Base                                                                                              
0000606c  SHT$$INIT_ARRAY$$Limit                                                                                             
00005943  SVC_Handler                                                                                                        
00001ec9  SysTick_Handler                                                                                                    
00001ec9  SysTick_Handler                                                                                                    
20001408  SystemCoreClock                                                                                                    
000014bd  SystemCoreClockUpdate                                                                                              
00001735  SystemInit                                                                                                         
00005943  T32_INT1_IRQHandler                                                                                                
00005943  T32_INT2_IRQHandler                                                                                                
00005943  T32_INTC_IRQHandler                                                                                                
00005943  TA0_0_IRQHandler                                                                                                   
00005943  TA0_N_IRQHandler                                                                                                   
00005943  TA1_0_IRQHandler                                                                                                   
00005943  TA1_N_IRQHandler                                                                                                   
00005943  TA2_0_IRQHandler                                                                                                   
00005943  TA2_N_IRQHandler                                                                                                   
00005943  TA3_0_IRQHandler                                                                                                   
00005943  TA3_N_IRQHandler                                                                                                   
00005709  Timer32_registerInterrupt                                                                                          
00005943  UsageFault_Handler                                                                                                 
4000480c  WDTCTL_SYM                                                                                                         
00005943  WDT_A_IRQHandler                                                                                                   
000037c9  _Z9messageCbRKN8std_msgs6StringE                                                                                   
0000589d  _ZN10__cxxabiv117__class_type_infoD0Ev                                                                             
000059c7  _ZN10__cxxabiv117__class_type_infoD1Ev                                                                             
000059c7  _ZN10__cxxabiv117__class_type_infoD2Ev                                                                             
000058ab  _ZN10__cxxabiv120__si_class_type_infoD0Ev                                                                          
000059cb  _ZN10__cxxabiv120__si_class_type_infoD1Ev                                                                          
000059cb  _ZN10__cxxabiv120__si_class_type_infoD2Ev                                                                          
0000101b  _ZN12RosMSP432_Io10getCharStrEiPc                                                                                  
000058b9  _ZN12RosMSP432_Io10getIntegerEv                                                                                    
00000feb  _ZN12RosMSP432_Io10setCharStrEiPc                                                                                  
00005785  _ZN12RosMSP432_Io10setIntegerEi                                                                                    
00000d91  _ZN12RosMSP432_Io12parseMessageEv                                                                                  
00000b55  _ZN12RosMSP432_Io13handleCommandEjN3ros9PublisherEN8std_msgs6StringE                                               
00000e53  _ZN12RosMSP432_Io15getIntParameterEPi                                                                              
00000edd  _ZN12RosMSP432_Io17getFloatParameterEPf                                                                            
00000f6d  _ZN12RosMSP432_Io18getStringParameterEjPc                                                                          
00005649  _ZN12RosMSP432_Io8getFloatEv                                                                                       
000055db  _ZN12RosMSP432_Io8setFloatEi                                                                                       
00000b45  _ZN12RosMSP432_IoC1Ev                                                                                              
00000b45  _ZN12RosMSP432_IoC2Ev                                                                                              
00001b17  _ZN14rosserial_msgs20RequestParamResponse11deserializeEPh                                                          
000057dd  _ZN14rosserial_msgs20RequestParamResponse6getMD5Ev                                                                 
000057ed  _ZN14rosserial_msgs20RequestParamResponse7getTypeEv                                                                
00004fd9  _ZN14rosserial_msgs20RequestParamResponseC1Ev                                                                      
00004151  _ZN14rosserial_msgs3Log11deserializeEPh                                                                            
000057fd  _ZN14rosserial_msgs3Log6getMD5Ev                                                                                   
0000580d  _ZN14rosserial_msgs3Log7getTypeEv                                                                                  
00005471  _ZN14rosserial_msgs3LogC1Ev                                                                                        
00002c29  _ZN14rosserial_msgs9TopicInfo11deserializeEPh                                                                      
0000581d  _ZN14rosserial_msgs9TopicInfo6getMD5Ev                                                                             
0000582d  _ZN14rosserial_msgs9TopicInfo7getTypeEv                                                                            
00005015  _ZN14rosserial_msgs9TopicInfoC1Ev                                                                                  
00005951  _ZN15Msp432CHardware4initEv                                                                                        
00005999  _ZN15Msp432CHardware4readEv                                                                                        
00005735  _ZN15Msp432CHardware4timeEv                                                                                        
000058c7  _ZN15Msp432CHardware5delayEj                                                                                       
000051df  _ZN15Msp432CHardware5writeEPhi                                                                                     
0000595d  _ZN15Msp432CHardwareC1Ev                                                                                           
000058d5  _ZN3ros10SubscriberIN8std_msgs6StringEvE10getMsgTypeEv                                                             
000058e3  _ZN3ros10SubscriberIN8std_msgs6StringEvE15getEndpointTypeEv                                                        
000055f7  _ZN3ros10SubscriberIN8std_msgs6StringEvE8callbackEPh                                                               
000058f1  _ZN3ros10SubscriberIN8std_msgs6StringEvE9getMsgMD5Ev                                                               
00004f19  _ZN3ros10SubscriberIN8std_msgs6StringEvEC1EPKcPFvRKS2_Ei                                                           
000058ff  _ZN3ros11NodeHandle_I15Msp432CHardwareLi25ELi25ELi512ELi512EE11getHardwareEv                                       
00002a93  _ZN3ros11NodeHandle_I15Msp432CHardwareLi25ELi25ELi512ELi512EE15negotiateTopicsEv                                   
00005341  _ZN3ros11NodeHandle_I15Msp432CHardwareLi25ELi25ELi512ELi512EE15requestSyncTimeEv                                   
00005213  _ZN3ros11NodeHandle_I15Msp432CHardwareLi25ELi25ELi512ELi512EE3logEcPKc                                             
0000481d  _ZN3ros11NodeHandle_I15Msp432CHardwareLi25ELi25ELi512ELi512EE6setNowERNS_4TimeE                                    
0000302d  _ZN3ros11NodeHandle_I15Msp432CHardwareLi25ELi25ELi512ELi512EE7publishEiPKNS_3MsgE                                  
0000536f  _ZN3ros11NodeHandle_I15Msp432CHardwareLi25ELi25ELi512ELi512EE8initNodeEv                                           
00005797  _ZN3ros11NodeHandle_I15Msp432CHardwareLi25ELi25ELi512ELi512EE8logerrorEPKc                                         
000017f1  _ZN3ros11NodeHandle_I15Msp432CHardwareLi25ELi25ELi512ELi512EE8spinOnceEv                                           
00004335  _ZN3ros11NodeHandle_I15Msp432CHardwareLi25ELi25ELi512ELi512EE8syncTimeEPh                                          
00004bab  _ZN3ros11NodeHandle_I15Msp432CHardwareLi25ELi25ELi512ELi512EE9advertiseERNS_9PublisherE                            
0000583d  _ZN3ros11NodeHandle_I15Msp432CHardwareLi25ELi25ELi512ELi512EE9connectedEv                                          
00004c4f  _ZN3ros11NodeHandle_I15Msp432CHardwareLi25ELi25ELi512ELi512EE9subscribeINS_10SubscriberIN8std_msgs6StringEvEEEEbRT_
000038bd  _ZN3ros11NodeHandle_I15Msp432CHardwareLi25ELi25ELi512ELi512EEC1Ev                                                  
00005661  _ZN3ros11Subscriber_C1Ev                                                                                           
00005969  _ZN3ros11Subscriber_C2Ev                                                                                           
00005679  _ZN3ros15NodeHandleBase_C1Ev                                                                                       
00005975  _ZN3ros15NodeHandleBase_C2Ev                                                                                       
00003be1  _ZN3ros16normalizeSecNSecERjS0_                                                                                    
00005051  _ZN3ros3Msg8arrToVarIjPhEEvRT_T0_                                                                                  
000052e1  _ZN3ros3Msg8varToArrIPhjEEvT_T0_                                                                                   
00005691  _ZN3ros3MsgC1ERKS0_                                                                                                
000056a9  _ZN3ros3MsgC1Ev                                                                                                    
0000584d  _ZN3ros3MsgC2ERKS0_                                                                                                
00005981  _ZN3ros3MsgC2Ev                                                                                                    
0000590d  _ZN3ros3MsgaSERKS0_                                                                                                
00003b5d  _ZN3ros4Time8fromNSecEi                                                                                            
000056c1  _ZN3ros4TimeC1Ev                                                                                                   
00003bb5  _ZN3ros4TimemIERKNS_8DurationE                                                                                     
00003b89  _ZN3ros4TimepLERKNS_8DurationE                                                                                     
0000591b  _ZN3ros9Publisher15getEndpointTypeEv                                                                               
000055bd  _ZN3ros9Publisher7publishEPKNS_3MsgE                                                                               
00005511  _ZN3ros9PublisherC1EPKcPNS_3MsgEi                                                                                  
00003ccf  _ZN8std_msgs4Time11deserializeEPh                                                                                  
0000585d  _ZN8std_msgs4Time6getMD5Ev                                                                                         
0000586d  _ZN8std_msgs4Time7getTypeEv                                                                                        
0000557d  _ZN8std_msgs4TimeC1Ev                                                                                              
000043a5  _ZN8std_msgs6String11deserializeEPh                                                                                
0000587d  _ZN8std_msgs6String6getMD5Ev                                                                                       
0000588d  _ZN8std_msgs6String7getTypeEv                                                                                      
00005535  _ZN8std_msgs6StringC1ERKS0_                                                                                        
00005559  _ZN8std_msgs6StringC1Ev                                                                                            
0000562f  _ZN8std_msgs6StringaSERKS0_                                                                                        
00002519  _ZNK14rosserial_msgs20RequestParamResponse9serializeEPh                                                            
00004999  _ZNK14rosserial_msgs3Log9serializeEPh                                                                              
0000327d  _ZNK14rosserial_msgs9TopicInfo9serializeEPh                                                                        
00003e09  _ZNK8std_msgs4Time9serializeEPh                                                                                    
00004d35  _ZNK8std_msgs6String9serializeEPh                                                                                  
00000b43  _ZNSt9type_infoD1Ev                                                                                                
00000b43  _ZNSt9type_infoD2Ev                                                                                                
000059e3  _ZSt17__throw_bad_allocv                                                                                           
00005fc8  _ZTIN10__cxxabiv117__class_type_infoE                                                                              
00005fd4  _ZTIN10__cxxabiv120__si_class_type_infoE                                                                           
00005fe0  _ZTIN14rosserial_msgs20RequestParamResponseE                                                                       
00005fec  _ZTIN14rosserial_msgs3LogE                                                                                         
00005ff8  _ZTIN14rosserial_msgs9TopicInfoE                                                                                   
00006004  _ZTIN3ros10SubscriberIN8std_msgs6StringEvEE                                                                        
00006010  _ZTIN3ros11NodeHandle_I15Msp432CHardwareLi25ELi25ELi512ELi512EEE                                                   
00006040  _ZTIN3ros11Subscriber_E                                                                                            
00006048  _ZTIN3ros15NodeHandleBase_E                                                                                        
00006050  _ZTIN3ros3MsgE                                                                                                     
0000601c  _ZTIN8std_msgs4TimeE                                                                                               
00006028  _ZTIN8std_msgs6StringE                                                                                             
00006058  _ZTISt9type_info                                                                                                   
00005cfc  _ZTSN10__cxxabiv117__class_type_infoE                                                                              
00005cb1  _ZTSN10__cxxabiv120__si_class_type_infoE                                                                           
00005c60  _ZTSN14rosserial_msgs20RequestParamResponseE                                                                       
00005ef0  _ZTSN14rosserial_msgs3LogE                                                                                         
00005dc3  _ZTSN14rosserial_msgs9TopicInfoE                                                                                   
00005c89  _ZTSN3ros10SubscriberIN8std_msgs6StringEvEE                                                                        
00005bb8  _ZTSN3ros11NodeHandle_I15Msp432CHardwareLi25ELi25ELi512ELi512EEE                                                   
00005f07  _ZTSN3ros11Subscriber_E                                                                                            
00005e15  _ZTSN3ros15NodeHandleBase_E                                                                                        
00006034  _ZTSN3ros3MsgE                                                                                                     
00005f6a  _ZTSN8std_msgs4TimeE                                                                                               
00005f57  _ZTSN8std_msgs6StringE                                                                                             
00005fba  _ZTSSt9type_info                                                                                                   
00005f8c  _ZTVN10__cxxabiv117__class_type_infoE                                                                              
00005f9c  _ZTVN10__cxxabiv120__si_class_type_infoE                                                                           
00005e30  _ZTVN14rosserial_msgs20RequestParamResponseE                                                                       
00005e48  _ZTVN14rosserial_msgs3LogE                                                                                         
00005e60  _ZTVN14rosserial_msgs9TopicInfoE                                                                                   
00005e78  _ZTVN3ros10SubscriberIN8std_msgs6StringEvEE                                                                        
00005f1c  _ZTVN3ros11NodeHandle_I15Msp432CHardwareLi25ELi25ELi512ELi512EEE                                                   
00005e90  _ZTVN3ros11Subscriber_E                                                                                            
00005f30  _ZTVN3ros15NodeHandleBase_E                                                                                        
00005ea8  _ZTVN3ros3MsgE                                                                                                     
00005ec0  _ZTVN8std_msgs4TimeE                                                                                               
00005ed8  _ZTVN8std_msgs6StringE                                                                                             
00005d1e  _ZZN14rosserial_msgs20RequestParamResponse6getMD5EvEs                                                              
00005d3f  _ZZN14rosserial_msgs3Log6getMD5EvEs                                                                                
00005f44  _ZZN14rosserial_msgs3Log7getTypeEvEs                                                                               
00005ae9  _ZZN14rosserial_msgs3LogC1EvEs                                                                                     
00005d60  _ZZN14rosserial_msgs9TopicInfo6getMD5EvEs                                                                          
00005dfc  _ZZN14rosserial_msgs9TopicInfo7getTypeEvEs                                                                         
00005aea  _ZZN14rosserial_msgs9TopicInfoC1EvEs                                                                               
00005bf5  _ZZN3ros11NodeHandle_I15Msp432CHardwareLi25ELi25ELi512ELi512EE7publishEiPKNS_3MsgEEs                               
00005d81  _ZZN8std_msgs4Time6getMD5EvEs                                                                                      
00005fac  _ZZN8std_msgs4Time7getTypeEvEs                                                                                     
00005da2  _ZZN8std_msgs6String6getMD5EvEs                                                                                    
00005f7b  _ZZN8std_msgs6String7getTypeEvEs                                                                                   
00005aeb  _ZZN8std_msgs6StringC1EvEs                                                                                         
000059ad  _ZdlPv                                                                                                             
000059cf  _ZdlPvj                                                                                                            
20000c24  __CIOBUF_                                                                                                          
20010000  __STACK_END                                                                                                        
00000200  __STACK_SIZE                                                                                                       
00000400  __SYSMEM_SIZE                                                                                                      
00006108  __TI_CINIT_Base                                                                                                    
00006120  __TI_CINIT_Limit                                                                                                   
000060e8  __TI_Handler_Table_Base                                                                                            
000060f4  __TI_Handler_Table_Limit                                                                                           
0000487d  __TI_auto_init_nobinit                                                                                             
00005249  __TI_cleanup                                                                                                       
200013d8  __TI_cleanup_ptr                                                                                                   
000042c1  __TI_closefile                                                                                                     
000045c1  __TI_decompress_lzss                                                                                               
00005929  __TI_decompress_none                                                                                               
00004c9b  __TI_doflush                                                                                                       
200013dc  __TI_dtors_ptr                                                                                                     
200013e0  __TI_enable_exit_profile_output                                                                                    
200013c8  __TI_ft_end                                                                                                        
ffffffff  __TI_pprof_out_hndl                                                                                                
000000e5  __TI_printfi                                                                                                       
ffffffff  __TI_prof_data_size                                                                                                
ffffffff  __TI_prof_data_start                                                                                               
0000527d  __TI_readmsg                                                                                                       
00000000  __TI_static_base__                                                                                                 
20000d44  __TI_tmpnams                                                                                                       
000050c9  __TI_writemsg                                                                                                      
00004759  __TI_wrt_ok                                                                                                        
0000598d  __TI_zero_init                                                                                                     
000059d3  __abort_execution                                                                                                  
00003fc5  __aeabi_cdcmpeq                                                                                                    
00003fc5  __aeabi_cdcmple                                                                                                    
0000404b  __aeabi_cdrcmple                                                                                                   
00004481  __aeabi_d2f                                                                                                        
00004dc5  __aeabi_d2iz                                                                                                       
000028e7  __aeabi_dadd                                                                                                       
00002ef5  __aeabi_ddiv                                                                                                       
000036cd  __aeabi_dmul                                                                                                       
000028dd  __aeabi_dsub                                                                                                       
000059b5  __aeabi_errno_addr                                                                                                 
00005171  __aeabi_f2d                                                                                                        
0000539d  __aeabi_i2d                                                                                                        
000048dd  __aeabi_idiv                                                                                                       
00001daf  __aeabi_idiv0                                                                                                      
000048dd  __aeabi_idivmod                                                                                                    
00001daf  __aeabi_ldiv0                                                                                                      
000041cf  __aeabi_memclr                                                                                                     
000041cf  __aeabi_memclr4                                                                                                    
000041cf  __aeabi_memclr8                                                                                                    
00003d6d  __aeabi_memcpy                                                                                                     
00003d6d  __aeabi_memcpy4                                                                                                    
00003d6d  __aeabi_memcpy8                                                                                                    
000041d1  __aeabi_memset                                                                                                     
000041d1  __aeabi_memset4                                                                                                    
000041d1  __aeabi_memset8                                                                                                    
200013d4  __aeabi_stderr                                                                                                     
200013cc  __aeabi_stdin                                                                                                      
200013d0  __aeabi_stdout                                                                                                     
00003ea3  __aeabi_uldivmod                                                                                                   
ffffffff  __binit__                                                                                                          
ffffffff  __c_args__                                                                                                         
000059bd  __cxa_pure_virtual                                                                                                 
UNDEFED   __mpu_init                                                                                                         
2000fe00  __stack                                                                                                            
0000386b  __sti___29_test_ros_msp432_interface_cpp_nh_                                                                       
00005101  _c_int00_noargs                                                                                                    
000059e8  _ctypes_                                                                                                           
200012f0  _device                                                                                                            
00002195  _flush                                                                                                             
20001200  _ftable                                                                                                            
00002255  _gotoLPM0                                                                                                          
200013fc  _lock                                                                                                              
[...]
00005943  EUSCIA3_IRQHandler                                                                                                 
00005943  EUSCIB0_IRQHandler                                                                                                 
00005943  EUSCIB1_IRQHandler                                                                                                 
00005943  EUSCIB2_IRQHandler                                                                                                 
00005943  EUSCIB3_IRQHandler                                                                                                 
00005943  FLCTL_IRQHandler                                                                                                   
00005943  FPU_IRQHandler                                                                                                     
00005943  HardFault_Handler                                                                                                  
00005943  MemManage_Handler                                                                                                  
00005943  NMI_Handler                                                                                                        
00005943  PCM_IRQHandler                                                                                                     
00005943  PORT1_IRQHandler                                                                                                   
00005943  PORT2_IRQHandler                                                                                                   
00005943  PORT3_IRQHandler                                                                                                   
00005943  PORT4_IRQHandler                                                                                                   
00005943  PORT5_IRQHandler                                                                                                   
00005943  PORT6_IRQHandler                                                                                                   
00005943  PSS_IRQHandler                                                                                                     
00005943  PendSV_Handler                                                                                                     
00005943  RTC_C_IRQHandler                                                                                                   
00005943  SVC_Handler                                                                                                        
00005943  T32_INT1_IRQHandler                                                                                                
00005943  T32_INT2_IRQHandler                                                                                                
00005943  T32_INTC_IRQHandler                                                                                                
00005943  TA0_0_IRQHandler                                                                                                   
00005943  TA0_N_IRQHandler                                                                                                   
00005943  TA1_0_IRQHandler                                                                                                   
00005943  TA1_N_IRQHandler                                                                                                   
00005943  TA2_0_IRQHandler                                                                                                   
00005943  TA2_N_IRQHandler                                                                                                   
00005943  TA3_0_IRQHandler                                                                                                   
00005943  TA3_N_IRQHandler                                                                                                   
00005943  UsageFault_Handler                                                                                                 
00005943  WDT_A_IRQHandler                                                                                                   
00005945  CPU_cpsie                                                                                                          
00005951  _ZN15Msp432CHardware4initEv                                                                                        
0000595d  _ZN15Msp432CHardwareC1Ev                                                                                           
00005969  _ZN3ros11Subscriber_C2Ev                                                                                           
00005975  _ZN3ros15NodeHandleBase_C2Ev                                                                                       
00005981  _ZN3ros3MsgC2Ev                                                                                                    
0000598d  __TI_zero_init                                                                                                     
00005999  _ZN15Msp432CHardware4readEv                                                                                        
000059ad  _ZdlPv                                                                                                             
000059b5  __aeabi_errno_addr                                                                                                 
000059bd  __cxa_pure_virtual                                                                                                 
000059c3  CPU_wfi                                                                                                            
000059c7  _ZN10__cxxabiv117__class_type_infoD1Ev                                                                             
000059c7  _ZN10__cxxabiv117__class_type_infoD2Ev                                                                             
000059cb  _ZN10__cxxabiv120__si_class_type_infoD1Ev                                                                          
000059cb  _ZN10__cxxabiv120__si_class_type_infoD2Ev                                                                          
000059cf  _ZdlPvj                                                                                                            
000059d3  __abort_execution                                                                                                  
000059df  _system_pre_init                                                                                                   
000059e3  C$$EXIT                                                                                                            
000059e3  _ZSt17__throw_bad_allocv                                                                                           
000059e3  abort                                                                                                              
000059e8  _ctypes_                                                                                                           
00005ae9  _ZZN14rosserial_msgs3LogC1EvEs                                                                                     
00005aea  _ZZN14rosserial_msgs9TopicInfoC1EvEs                                                                               
00005aeb  _ZZN8std_msgs6StringC1EvEs                                                                                         
00005bb8  _ZTSN3ros11NodeHandle_I15Msp432CHardwareLi25ELi25ELi512ELi512EEE                                                   
00005bf5  _ZZN3ros11NodeHandle_I15Msp432CHardwareLi25ELi25ELi512ELi512EE7publishEiPKNS_3MsgEEs                               
00005c60  _ZTSN14rosserial_msgs20RequestParamResponseE                                                                       
00005c89  _ZTSN3ros10SubscriberIN8std_msgs6StringEvEE                                                                        
00005cb1  _ZTSN10__cxxabiv120__si_class_type_infoE                                                                           
00005cd8  uartConfig                                                                                                         
00005cfc  _ZTSN10__cxxabiv117__class_type_infoE                                                                              
00005d1e  _ZZN14rosserial_msgs20RequestParamResponse6getMD5EvEs                                                              
00005d3f  _ZZN14rosserial_msgs3Log6getMD5EvEs                                                                                
00005d60  _ZZN14rosserial_msgs9TopicInfo6getMD5EvEs                                                                          
00005d81  _ZZN8std_msgs4Time6getMD5EvEs                                                                                      
00005da2  _ZZN8std_msgs6String6getMD5EvEs                                                                                    
00005dc3  _ZTSN14rosserial_msgs9TopicInfoE                                                                                   
00005dfc  _ZZN14rosserial_msgs9TopicInfo7getTypeEvEs                                                                         
00005e15  _ZTSN3ros15NodeHandleBase_E                                                                                        
00005e30  _ZTVN14rosserial_msgs20RequestParamResponseE                                                                       
00005e48  _ZTVN14rosserial_msgs3LogE                                                                                         
00005e60  _ZTVN14rosserial_msgs9TopicInfoE                                                                                   
00005e78  _ZTVN3ros10SubscriberIN8std_msgs6StringEvEE                                                                        
00005e90  _ZTVN3ros11Subscriber_E                                                                                            
00005ea8  _ZTVN3ros3MsgE                                                                                                     
00005ec0  _ZTVN8std_msgs4TimeE                                                                                               
00005ed8  _ZTVN8std_msgs6StringE                                                                                             
00005ef0  _ZTSN14rosserial_msgs3LogE                                                                                         
00005f07  _ZTSN3ros11Subscriber_E                                                                                            
00005f1c  _ZTVN3ros11NodeHandle_I15Msp432CHardwareLi25ELi25ELi512ELi512EEE                                                   
00005f30  _ZTVN3ros15NodeHandleBase_E                                                                                        
00005f44  _ZZN14rosserial_msgs3Log7getTypeEvEs                                                                               
00005f57  _ZTSN8std_msgs6StringE                                                                                             
00005f6a  _ZTSN8std_msgs4TimeE                                                                                               
00005f7b  _ZZN8std_msgs6String7getTypeEvEs                                                                                   
00005f8c  _ZTVN10__cxxabiv117__class_type_infoE                                                                              
00005f9c  _ZTVN10__cxxabiv120__si_class_type_infoE                                                                           
00005fac  _ZZN8std_msgs4Time7getTypeEvEs                                                                                     
00005fba  _ZTSSt9type_info                                                                                                   
00005fc8  _ZTIN10__cxxabiv117__class_type_infoE                                                                              
00005fd4  _ZTIN10__cxxabiv120__si_class_type_infoE                                                                           
00005fe0  _ZTIN14rosserial_msgs20RequestParamResponseE                                                                       
00005fec  _ZTIN14rosserial_msgs3LogE                                                                                         
00005ff8  _ZTIN14rosserial_msgs9TopicInfoE                                                                                   
00006004  _ZTIN3ros10SubscriberIN8std_msgs6StringEvEE                                                                        
00006010  _ZTIN3ros11NodeHandle_I15Msp432CHardwareLi25ELi25ELi512ELi512EEE                                                   
0000601c  _ZTIN8std_msgs4TimeE                                                                                               
00006028  _ZTIN8std_msgs6StringE                                                                                             
00006034  _ZTSN3ros3MsgE                                                                                                     
00006040  _ZTIN3ros11Subscriber_E                                                                                            
00006048  _ZTIN3ros15NodeHandleBase_E                                                                                        
00006050  _ZTIN3ros3MsgE                                                                                                     
00006058  _ZTISt9type_info                                                                                                   
00006068  SHT$$INIT_ARRAY$$Base                                                                                              
0000606c  SHT$$INIT_ARRAY$$Limit                                                                                             
000060e8  __TI_Handler_Table_Base                                                                                            
000060f4  __TI_Handler_Table_Limit                                                                                           
00006108  __TI_CINIT_Base                                                                                                    
00006120  __TI_CINIT_Limit                                                                                                   
20000000  g_pfnRAMVectors                                                                                                    
200000e8  nh_                                                                                                                
20000614  msp                                                                                                                
20000824  _uartRxBuffer                                                                                                      
20000a24  _uartTxBuffer                                                                                                      
20000c24  __CIOBUF_                                                                                                          
20000d44  __TI_tmpnams                                                                                                       
20000de4  rxMsg                                                                                                              
20000dec  txMsg                                                                                                              
20000df4  parmbuf                                                                                                            
20000dfc  _periodicSvc                                                                                                       
20000e00  _sys_memory                                                                                                        
20001200  _ftable                                                                                                            
200012f0  _device                                                                                                            
20001368  _stream                                                                                                            
200013b8  _uartRxHead                                                                                                        
200013bc  _uartRxTail                                                                                                        
200013c0  _uartTxHead                                                                                                        
200013c4  _uartTxTail                                                                                                        
200013c8  __TI_ft_end                                                                                                        
200013cc  __aeabi_stdin                                                                                                      
200013d0  __aeabi_stdout                                                                                                     
200013d4  __aeabi_stderr                                                                                                     
200013d8  __TI_cleanup_ptr                                                                                                   
200013dc  __TI_dtors_ptr                                                                                                     
200013e0  __TI_enable_exit_profile_output                                                                                    
200013f0  tickCount                                                                                                          
200013fc  _lock                                                                                                              
20001400  _unlock                                                                                                            
20001404  errno                                                                                                              
20001408  SystemCoreClock                                                                                                    
2000140c  msgReceived                                                                                                        
2000fe00  __stack                                                                                                            
20010000  __STACK_END                                                                                                        
4000480c  WDTCTL_SYM                                                                                                         
ffffffff  __TI_pprof_out_hndl                                                                                                
ffffffff  __TI_prof_data_size                                                                                                
ffffffff  __TI_prof_data_start                                                                                               
ffffffff  __binit__                                                                                                          
ffffffff  __c_args__                                                                                                         
ffffffff  binit                                                                                                              
UNDEFED   __mpu_init                                                                                                         
UNDEFED   _system_post_cinit                                                                                                 

[378 symbols]
