<?xml version="1.0" encoding="ISO-8859-1" ?>
<link_info>
   <banner>TI ARM Linker Unix v18.1.4.LTS</banner>
   <copyright>Copyright (c) 1996-2018 Texas Instruments Incorporated</copyright>
   <link_time>0x5c361af7</link_time>
   <link_errors>0x0</link_errors>
   <output_file>RosInterface.out</output_file>
   <entry_point>
      <name>_c_int00_noargs</name>
      <address>0x5101</address>
   </entry_point>
   <input_file_list>
      <input_file id="fl-1">
         <path>./ccs/</path>
         <kind>object</kind>
         <file>startup_msp432p401r_ccs.obj</file>
         <name>startup_msp432p401r_ccs.obj</name>
      </input_file>
      <input_file id="fl-2">
         <path>./ccs/</path>
         <kind>object</kind>
         <file>system_msp432p401r.obj</file>
         <name>system_msp432p401r.obj</name>
      </input_file>
      <input_file id="fl-3">
         <path>./src/</path>
         <kind>object</kind>
         <file>ros_msp432_io.obj</file>
         <name>ros_msp432_io.obj</name>
      </input_file>
      <input_file id="fl-4">
         <path>./src/</path>
         <kind>object</kind>
         <file>test_ros_msp432_interface.obj</file>
         <name>test_ros_msp432_interface.obj</name>
      </input_file>
      <input_file id="fl-9">
         <kind>object</kind>
         <file>&lt;internal&gt;</file>
         <name>&lt;internal&gt;</name>
      </input_file>
      <input_file id="fl-a">
         <path>/home/pops/ti/simplelink_msp432p4_sdk_2_20_00_12/source/ti/devices/msp432p4xx/driverlib/ccs/</path>
         <kind>archive</kind>
         <file>msp432p4xx_driverlib.lib</file>
         <name>gpio.o</name>
      </input_file>
      <input_file id="fl-b">
         <path>/home/pops/ti/simplelink_msp432p4_sdk_2_20_00_12/source/ti/devices/msp432p4xx/driverlib/ccs/</path>
         <kind>archive</kind>
         <file>msp432p4xx_driverlib.lib</file>
         <name>interrupt.o</name>
      </input_file>
      <input_file id="fl-c">
         <path>/home/pops/ti/simplelink_msp432p4_sdk_2_20_00_12/source/ti/devices/msp432p4xx/driverlib/ccs/</path>
         <kind>archive</kind>
         <file>msp432p4xx_driverlib.lib</file>
         <name>cpu.o</name>
      </input_file>
      <input_file id="fl-d">
         <path>/home/pops/MicroControllers/ROS_MSP432_Red/RosMspHwdLib/Debug/</path>
         <kind>archive</kind>
         <file>RosMspHwdLib.lib</file>
         <name>clocks.obj</name>
      </input_file>
      <input_file id="fl-e">
         <path>/home/pops/MicroControllers/ROS_MSP432_Red/RosMspHwdLib/Debug/</path>
         <kind>archive</kind>
         <file>RosMspHwdLib.lib</file>
         <name>my_uart.obj</name>
      </input_file>
      <input_file id="fl-f">
         <path>/home/pops/MicroControllers/ROS_MSP432_Red/RosMspHwdLib/Debug/</path>
         <kind>archive</kind>
         <file>RosMspHwdLib.lib</file>
         <name>time.obj</name>
      </input_file>
      <input_file id="fl-10">
         <path>/home/pops/ti/simplelink_msp432p4_sdk_2_20_00_12/source/ti/devices/msp432p4xx/driverlib/ccs/</path>
         <kind>archive</kind>
         <file>msp432p4xx_driverlib.lib</file>
         <name>timer32.o</name>
      </input_file>
      <input_file id="fl-c7">
         <path>/opt/ti/ccsv8/tools/compiler/ti-cgt-arm_18.1.4.LTS/lib/</path>
         <kind>archive</kind>
         <file>rtsv7M4_T_le_v4SPD16_eabi.lib</file>
         <name>pure_virt.c.obj</name>
      </input_file>
      <input_file id="fl-c8">
         <path>/opt/ti/ccsv8/tools/compiler/ti-cgt-arm_18.1.4.LTS/lib/</path>
         <kind>archive</kind>
         <file>rtsv7M4_T_le_v4SPD16_eabi.lib</file>
         <name>typeinfo.c.obj</name>
      </input_file>
      <input_file id="fl-c9">
         <path>/opt/ti/ccsv8/tools/compiler/ti-cgt-arm_18.1.4.LTS/lib/</path>
         <kind>archive</kind>
         <file>rtsv7M4_T_le_v4SPD16_eabi.lib</file>
         <name>i_divt2.asm.obj</name>
      </input_file>
      <input_file id="fl-ca">
         <path>/opt/ti/ccsv8/tools/compiler/ti-cgt-arm_18.1.4.LTS/lib/</path>
         <kind>archive</kind>
         <file>rtsv7M4_T_le_v4SPD16_eabi.lib</file>
         <name>fd_tos_t2.asm.obj</name>
      </input_file>
      <input_file id="fl-cb">
         <path>/opt/ti/ccsv8/tools/compiler/ti-cgt-arm_18.1.4.LTS/lib/</path>
         <kind>archive</kind>
         <file>rtsv7M4_T_le_v4SPD16_eabi.lib</file>
         <name>fs_tod_t2.asm.obj</name>
      </input_file>
      <input_file id="fl-cc">
         <path>/opt/ti/ccsv8/tools/compiler/ti-cgt-arm_18.1.4.LTS/lib/</path>
         <kind>archive</kind>
         <file>rtsv7M4_T_le_v4SPD16_eabi.lib</file>
         <name>memcpy_t2.asm.obj</name>
      </input_file>
      <input_file id="fl-cd">
         <path>/opt/ti/ccsv8/tools/compiler/ti-cgt-arm_18.1.4.LTS/lib/</path>
         <kind>archive</kind>
         <file>rtsv7M4_T_le_v4SPD16_eabi.lib</file>
         <name>copy_zero_init.c.obj</name>
      </input_file>
      <input_file id="fl-ce">
         <path>/opt/ti/ccsv8/tools/compiler/ti-cgt-arm_18.1.4.LTS/lib/</path>
         <kind>archive</kind>
         <file>rtsv7M4_T_le_v4SPD16_eabi.lib</file>
         <name>copy_decompress_none.c.obj</name>
      </input_file>
      <input_file id="fl-cf">
         <path>/opt/ti/ccsv8/tools/compiler/ti-cgt-arm_18.1.4.LTS/lib/</path>
         <kind>archive</kind>
         <file>rtsv7M4_T_le_v4SPD16_eabi.lib</file>
         <name>copy_decompress_lzss.c.obj</name>
      </input_file>
      <input_file id="fl-d0">
         <path>/opt/ti/ccsv8/tools/compiler/ti-cgt-arm_18.1.4.LTS/lib/</path>
         <kind>archive</kind>
         <file>rtsv7M4_T_le_v4SPD16_eabi.lib</file>
         <name>boot_cortex_m.c.obj</name>
      </input_file>
      <input_file id="fl-d1">
         <path>/opt/ti/ccsv8/tools/compiler/ti-cgt-arm_18.1.4.LTS/lib/</path>
         <kind>archive</kind>
         <file>rtsv7M4_T_le_v4SPD16_eabi.lib</file>
         <name>exit.c.obj</name>
      </input_file>
      <input_file id="fl-d2">
         <path>/opt/ti/ccsv8/tools/compiler/ti-cgt-arm_18.1.4.LTS/lib/</path>
         <kind>archive</kind>
         <file>rtsv7M4_T_le_v4SPD16_eabi.lib</file>
         <name>memory.c.obj</name>
      </input_file>
      <input_file id="fl-d3">
         <path>/opt/ti/ccsv8/tools/compiler/ti-cgt-arm_18.1.4.LTS/lib/</path>
         <kind>archive</kind>
         <file>rtsv7M4_T_le_v4SPD16_eabi.lib</file>
         <name>_lock.c.obj</name>
      </input_file>
      <input_file id="fl-d4">
         <path>/opt/ti/ccsv8/tools/compiler/ti-cgt-arm_18.1.4.LTS/lib/</path>
         <kind>archive</kind>
         <file>rtsv7M4_T_le_v4SPD16_eabi.lib</file>
         <name>args_main.c.obj</name>
      </input_file>
      <input_file id="fl-d5">
         <path>/opt/ti/ccsv8/tools/compiler/ti-cgt-arm_18.1.4.LTS/lib/</path>
         <kind>archive</kind>
         <file>rtsv7M4_T_le_v4SPD16_eabi.lib</file>
         <name>atof.c.obj</name>
      </input_file>
      <input_file id="fl-d6">
         <path>/opt/ti/ccsv8/tools/compiler/ti-cgt-arm_18.1.4.LTS/lib/</path>
         <kind>archive</kind>
         <file>rtsv7M4_T_le_v4SPD16_eabi.lib</file>
         <name>atoi.c.obj</name>
      </input_file>
      <input_file id="fl-d7">
         <path>/opt/ti/ccsv8/tools/compiler/ti-cgt-arm_18.1.4.LTS/lib/</path>
         <kind>archive</kind>
         <file>rtsv7M4_T_le_v4SPD16_eabi.lib</file>
         <name>ctype.c.obj</name>
      </input_file>
      <input_file id="fl-d8">
         <path>/opt/ti/ccsv8/tools/compiler/ti-cgt-arm_18.1.4.LTS/lib/</path>
         <kind>archive</kind>
         <file>rtsv7M4_T_le_v4SPD16_eabi.lib</file>
         <name>printf.c.obj</name>
      </input_file>
      <input_file id="fl-d9">
         <path>/opt/ti/ccsv8/tools/compiler/ti-cgt-arm_18.1.4.LTS/lib/</path>
         <kind>archive</kind>
         <file>rtsv7M4_T_le_v4SPD16_eabi.lib</file>
         <name>sprintf.c.obj</name>
      </input_file>
      <input_file id="fl-da">
         <path>/opt/ti/ccsv8/tools/compiler/ti-cgt-arm_18.1.4.LTS/lib/</path>
         <kind>archive</kind>
         <file>rtsv7M4_T_le_v4SPD16_eabi.lib</file>
         <name>strchr.c.obj</name>
      </input_file>
      <input_file id="fl-db">
         <path>/opt/ti/ccsv8/tools/compiler/ti-cgt-arm_18.1.4.LTS/lib/</path>
         <kind>archive</kind>
         <file>rtsv7M4_T_le_v4SPD16_eabi.lib</file>
         <name>strlen.c.obj</name>
      </input_file>
      <input_file id="fl-dc">
         <path>/opt/ti/ccsv8/tools/compiler/ti-cgt-arm_18.1.4.LTS/lib/</path>
         <kind>archive</kind>
         <file>rtsv7M4_T_le_v4SPD16_eabi.lib</file>
         <name>strncpy.c.obj</name>
      </input_file>
      <input_file id="fl-dd">
         <path>/opt/ti/ccsv8/tools/compiler/ti-cgt-arm_18.1.4.LTS/lib/</path>
         <kind>archive</kind>
         <file>rtsv7M4_T_le_v4SPD16_eabi.lib</file>
         <name>strtod.c.obj</name>
      </input_file>
      <input_file id="fl-de">
         <path>/opt/ti/ccsv8/tools/compiler/ti-cgt-arm_18.1.4.LTS/lib/</path>
         <kind>archive</kind>
         <file>rtsv7M4_T_le_v4SPD16_eabi.lib</file>
         <name>new.cpp.obj</name>
      </input_file>
      <input_file id="fl-df">
         <path>/opt/ti/ccsv8/tools/compiler/ti-cgt-arm_18.1.4.LTS/lib/</path>
         <kind>archive</kind>
         <file>rtsv7M4_T_le_v4SPD16_eabi.lib</file>
         <name>stdlib_typeinfo.cpp.obj</name>
      </input_file>
      <input_file id="fl-e0">
         <path>/opt/ti/ccsv8/tools/compiler/ti-cgt-arm_18.1.4.LTS/lib/</path>
         <kind>archive</kind>
         <file>rtsv7M4_T_le_v4SPD16_eabi.lib</file>
         <name>error.c.obj</name>
      </input_file>
      <input_file id="fl-e1">
         <path>/opt/ti/ccsv8/tools/compiler/ti-cgt-arm_18.1.4.LTS/lib/</path>
         <kind>archive</kind>
         <file>rtsv7M4_T_le_v4SPD16_eabi.lib</file>
         <name>s_scalbn.c.obj</name>
      </input_file>
      <input_file id="fl-e2">
         <path>/opt/ti/ccsv8/tools/compiler/ti-cgt-arm_18.1.4.LTS/lib/</path>
         <kind>archive</kind>
         <file>rtsv7M4_T_le_v4SPD16_eabi.lib</file>
         <name>div0.asm.obj</name>
      </input_file>
      <input_file id="fl-e3">
         <path>/opt/ti/ccsv8/tools/compiler/ti-cgt-arm_18.1.4.LTS/lib/</path>
         <kind>archive</kind>
         <file>rtsv7M4_T_le_v4SPD16_eabi.lib</file>
         <name>fd_add_t2.asm.obj</name>
      </input_file>
      <input_file id="fl-e4">
         <path>/opt/ti/ccsv8/tools/compiler/ti-cgt-arm_18.1.4.LTS/lib/</path>
         <kind>archive</kind>
         <file>rtsv7M4_T_le_v4SPD16_eabi.lib</file>
         <name>fd_cmp_t2.asm.obj</name>
      </input_file>
      <input_file id="fl-e5">
         <path>/opt/ti/ccsv8/tools/compiler/ti-cgt-arm_18.1.4.LTS/lib/</path>
         <kind>archive</kind>
         <file>rtsv7M4_T_le_v4SPD16_eabi.lib</file>
         <name>fd_div_t2.asm.obj</name>
      </input_file>
      <input_file id="fl-e6">
         <path>/opt/ti/ccsv8/tools/compiler/ti-cgt-arm_18.1.4.LTS/lib/</path>
         <kind>archive</kind>
         <file>rtsv7M4_T_le_v4SPD16_eabi.lib</file>
         <name>fd_mul_t2.asm.obj</name>
      </input_file>
      <input_file id="fl-e7">
         <path>/opt/ti/ccsv8/tools/compiler/ti-cgt-arm_18.1.4.LTS/lib/</path>
         <kind>archive</kind>
         <file>rtsv7M4_T_le_v4SPD16_eabi.lib</file>
         <name>memset_t2.asm.obj</name>
      </input_file>
      <input_file id="fl-e8">
         <path>/opt/ti/ccsv8/tools/compiler/ti-cgt-arm_18.1.4.LTS/lib/</path>
         <kind>archive</kind>
         <file>rtsv7M4_T_le_v4SPD16_eabi.lib</file>
         <name>autoinit.c.obj</name>
      </input_file>
      <input_file id="fl-e9">
         <path>/opt/ti/ccsv8/tools/compiler/ti-cgt-arm_18.1.4.LTS/lib/</path>
         <kind>archive</kind>
         <file>rtsv7M4_T_le_v4SPD16_eabi.lib</file>
         <name>pre_init.c.obj</name>
      </input_file>
      <input_file id="fl-ea">
         <path>/opt/ti/ccsv8/tools/compiler/ti-cgt-arm_18.1.4.LTS/lib/</path>
         <kind>archive</kind>
         <file>rtsv7M4_T_le_v4SPD16_eabi.lib</file>
         <name>cpy_tbl.c.obj</name>
      </input_file>
      <input_file id="fl-eb">
         <path>/opt/ti/ccsv8/tools/compiler/ti-cgt-arm_18.1.4.LTS/lib/</path>
         <kind>archive</kind>
         <file>rtsv7M4_T_le_v4SPD16_eabi.lib</file>
         <name>errno.c.obj</name>
      </input_file>
      <input_file id="fl-ec">
         <path>/opt/ti/ccsv8/tools/compiler/ti-cgt-arm_18.1.4.LTS/lib/</path>
         <kind>archive</kind>
         <file>rtsv7M4_T_le_v4SPD16_eabi.lib</file>
         <name>_printfi.c.obj</name>
      </input_file>
      <input_file id="fl-ed">
         <path>/opt/ti/ccsv8/tools/compiler/ti-cgt-arm_18.1.4.LTS/lib/</path>
         <kind>archive</kind>
         <file>rtsv7M4_T_le_v4SPD16_eabi.lib</file>
         <name>defs.c.obj</name>
      </input_file>
      <input_file id="fl-ee">
         <path>/opt/ti/ccsv8/tools/compiler/ti-cgt-arm_18.1.4.LTS/lib/</path>
         <kind>archive</kind>
         <file>rtsv7M4_T_le_v4SPD16_eabi.lib</file>
         <name>fputc.c.obj</name>
      </input_file>
      <input_file id="fl-ef">
         <path>/opt/ti/ccsv8/tools/compiler/ti-cgt-arm_18.1.4.LTS/lib/</path>
         <kind>archive</kind>
         <file>rtsv7M4_T_le_v4SPD16_eabi.lib</file>
         <name>fputs.c.obj</name>
      </input_file>
      <input_file id="fl-f0">
         <path>/opt/ti/ccsv8/tools/compiler/ti-cgt-arm_18.1.4.LTS/lib/</path>
         <kind>archive</kind>
         <file>rtsv7M4_T_le_v4SPD16_eabi.lib</file>
         <name>ltoa.c.obj</name>
      </input_file>
      <input_file id="fl-f1">
         <path>/opt/ti/ccsv8/tools/compiler/ti-cgt-arm_18.1.4.LTS/lib/</path>
         <kind>archive</kind>
         <file>rtsv7M4_T_le_v4SPD16_eabi.lib</file>
         <name>memccpy.c.obj</name>
      </input_file>
      <input_file id="fl-f2">
         <path>/opt/ti/ccsv8/tools/compiler/ti-cgt-arm_18.1.4.LTS/lib/</path>
         <kind>archive</kind>
         <file>rtsv7M4_T_le_v4SPD16_eabi.lib</file>
         <name>memchr.c.obj</name>
      </input_file>
      <input_file id="fl-f3">
         <path>/opt/ti/ccsv8/tools/compiler/ti-cgt-arm_18.1.4.LTS/lib/</path>
         <kind>archive</kind>
         <file>rtsv7M4_T_le_v4SPD16_eabi.lib</file>
         <name>write.c.obj</name>
      </input_file>
      <input_file id="fl-f4">
         <path>/opt/ti/ccsv8/tools/compiler/ti-cgt-arm_18.1.4.LTS/lib/</path>
         <kind>archive</kind>
         <file>rtsv7M4_T_le_v4SPD16_eabi.lib</file>
         <name>stdlib_exception.cpp.obj</name>
      </input_file>
      <input_file id="fl-f5">
         <path>/opt/ti/ccsv8/tools/compiler/ti-cgt-arm_18.1.4.LTS/lib/</path>
         <kind>archive</kind>
         <file>rtsv7M4_T_le_v4SPD16_eabi.lib</file>
         <name>wcslen.c.obj</name>
      </input_file>
      <input_file id="fl-f6">
         <path>/opt/ti/ccsv8/tools/compiler/ti-cgt-arm_18.1.4.LTS/lib/</path>
         <kind>archive</kind>
         <file>rtsv7M4_T_le_v4SPD16_eabi.lib</file>
         <name>s_copysign.c.obj</name>
      </input_file>
      <input_file id="fl-f7">
         <path>/opt/ti/ccsv8/tools/compiler/ti-cgt-arm_18.1.4.LTS/lib/</path>
         <kind>archive</kind>
         <file>rtsv7M4_T_le_v4SPD16_eabi.lib</file>
         <name>s_frexp.c.obj</name>
      </input_file>
      <input_file id="fl-f8">
         <path>/opt/ti/ccsv8/tools/compiler/ti-cgt-arm_18.1.4.LTS/lib/</path>
         <kind>archive</kind>
         <file>rtsv7M4_T_le_v4SPD16_eabi.lib</file>
         <name>fd_toi_t2.asm.obj</name>
      </input_file>
      <input_file id="fl-f9">
         <path>/opt/ti/ccsv8/tools/compiler/ti-cgt-arm_18.1.4.LTS/lib/</path>
         <kind>archive</kind>
         <file>rtsv7M4_T_le_v4SPD16_eabi.lib</file>
         <name>i_tofd_t2.asm.obj</name>
      </input_file>
      <input_file id="fl-fa">
         <path>/opt/ti/ccsv8/tools/compiler/ti-cgt-arm_18.1.4.LTS/lib/</path>
         <kind>archive</kind>
         <file>rtsv7M4_T_le_v4SPD16_eabi.lib</file>
         <name>ull_div_t2.asm.obj</name>
      </input_file>
      <input_file id="fl-fb">
         <path>/opt/ti/ccsv8/tools/compiler/ti-cgt-arm_18.1.4.LTS/lib/</path>
         <kind>archive</kind>
         <file>rtsv7M4_T_le_v4SPD16_eabi.lib</file>
         <name>_io_perm.c.obj</name>
      </input_file>
      <input_file id="fl-fc">
         <path>/opt/ti/ccsv8/tools/compiler/ti-cgt-arm_18.1.4.LTS/lib/</path>
         <kind>archive</kind>
         <file>rtsv7M4_T_le_v4SPD16_eabi.lib</file>
         <name>fflush.c.obj</name>
      </input_file>
      <input_file id="fl-fd">
         <path>/opt/ti/ccsv8/tools/compiler/ti-cgt-arm_18.1.4.LTS/lib/</path>
         <kind>archive</kind>
         <file>rtsv7M4_T_le_v4SPD16_eabi.lib</file>
         <name>fseek.c.obj</name>
      </input_file>
      <input_file id="fl-fe">
         <path>/opt/ti/ccsv8/tools/compiler/ti-cgt-arm_18.1.4.LTS/lib/</path>
         <kind>archive</kind>
         <file>rtsv7M4_T_le_v4SPD16_eabi.lib</file>
         <name>lseek.c.obj</name>
      </input_file>
      <input_file id="fl-ff">
         <path>/opt/ti/ccsv8/tools/compiler/ti-cgt-arm_18.1.4.LTS/lib/</path>
         <kind>archive</kind>
         <file>rtsv7M4_T_le_v4SPD16_eabi.lib</file>
         <name>setvbuf.c.obj</name>
      </input_file>
      <input_file id="fl-100">
         <path>/opt/ti/ccsv8/tools/compiler/ti-cgt-arm_18.1.4.LTS/lib/</path>
         <kind>archive</kind>
         <file>rtsv7M4_T_le_v4SPD16_eabi.lib</file>
         <name>hostclose.c.obj</name>
      </input_file>
      <input_file id="fl-101">
         <path>/opt/ti/ccsv8/tools/compiler/ti-cgt-arm_18.1.4.LTS/lib/</path>
         <kind>archive</kind>
         <file>rtsv7M4_T_le_v4SPD16_eabi.lib</file>
         <name>hostlseek.c.obj</name>
      </input_file>
      <input_file id="fl-102">
         <path>/opt/ti/ccsv8/tools/compiler/ti-cgt-arm_18.1.4.LTS/lib/</path>
         <kind>archive</kind>
         <file>rtsv7M4_T_le_v4SPD16_eabi.lib</file>
         <name>hostopen.c.obj</name>
      </input_file>
      <input_file id="fl-103">
         <path>/opt/ti/ccsv8/tools/compiler/ti-cgt-arm_18.1.4.LTS/lib/</path>
         <kind>archive</kind>
         <file>rtsv7M4_T_le_v4SPD16_eabi.lib</file>
         <name>hostread.c.obj</name>
      </input_file>
      <input_file id="fl-104">
         <path>/opt/ti/ccsv8/tools/compiler/ti-cgt-arm_18.1.4.LTS/lib/</path>
         <kind>archive</kind>
         <file>rtsv7M4_T_le_v4SPD16_eabi.lib</file>
         <name>hostrename.c.obj</name>
      </input_file>
      <input_file id="fl-105">
         <path>/opt/ti/ccsv8/tools/compiler/ti-cgt-arm_18.1.4.LTS/lib/</path>
         <kind>archive</kind>
         <file>rtsv7M4_T_le_v4SPD16_eabi.lib</file>
         <name>hostunlink.c.obj</name>
      </input_file>
      <input_file id="fl-106">
         <path>/opt/ti/ccsv8/tools/compiler/ti-cgt-arm_18.1.4.LTS/lib/</path>
         <kind>archive</kind>
         <file>rtsv7M4_T_le_v4SPD16_eabi.lib</file>
         <name>hostwrite.c.obj</name>
      </input_file>
      <input_file id="fl-107">
         <path>/opt/ti/ccsv8/tools/compiler/ti-cgt-arm_18.1.4.LTS/lib/</path>
         <kind>archive</kind>
         <file>rtsv7M4_T_le_v4SPD16_eabi.lib</file>
         <name>trgmsg.c.obj</name>
      </input_file>
      <input_file id="fl-108">
         <path>/opt/ti/ccsv8/tools/compiler/ti-cgt-arm_18.1.4.LTS/lib/</path>
         <kind>archive</kind>
         <file>rtsv7M4_T_le_v4SPD16_eabi.lib</file>
         <name>fopen.c.obj</name>
      </input_file>
      <input_file id="fl-109">
         <path>/opt/ti/ccsv8/tools/compiler/ti-cgt-arm_18.1.4.LTS/lib/</path>
         <kind>archive</kind>
         <file>rtsv7M4_T_le_v4SPD16_eabi.lib</file>
         <name>open.c.obj</name>
      </input_file>
      <input_file id="fl-10a">
         <path>/opt/ti/ccsv8/tools/compiler/ti-cgt-arm_18.1.4.LTS/lib/</path>
         <kind>archive</kind>
         <file>rtsv7M4_T_le_v4SPD16_eabi.lib</file>
         <name>strcpy.c.obj</name>
      </input_file>
      <input_file id="fl-10b">
         <path>/opt/ti/ccsv8/tools/compiler/ti-cgt-arm_18.1.4.LTS/lib/</path>
         <kind>archive</kind>
         <file>rtsv7M4_T_le_v4SPD16_eabi.lib</file>
         <name>fclose.c.obj</name>
      </input_file>
      <input_file id="fl-10c">
         <path>/opt/ti/ccsv8/tools/compiler/ti-cgt-arm_18.1.4.LTS/lib/</path>
         <kind>archive</kind>
         <file>rtsv7M4_T_le_v4SPD16_eabi.lib</file>
         <name>getdevice.c.obj</name>
      </input_file>
      <input_file id="fl-10d">
         <path>/opt/ti/ccsv8/tools/compiler/ti-cgt-arm_18.1.4.LTS/lib/</path>
         <kind>archive</kind>
         <file>rtsv7M4_T_le_v4SPD16_eabi.lib</file>
         <name>remove.c.obj</name>
      </input_file>
      <input_file id="fl-10e">
         <path>/opt/ti/ccsv8/tools/compiler/ti-cgt-arm_18.1.4.LTS/lib/</path>
         <kind>archive</kind>
         <file>rtsv7M4_T_le_v4SPD16_eabi.lib</file>
         <name>strcmp.c.obj</name>
      </input_file>
      <input_file id="fl-10f">
         <path>/opt/ti/ccsv8/tools/compiler/ti-cgt-arm_18.1.4.LTS/lib/</path>
         <kind>archive</kind>
         <file>rtsv7M4_T_le_v4SPD16_eabi.lib</file>
         <name>unlink.c.obj</name>
      </input_file>
      <input_file id="fl-110">
         <path>/opt/ti/ccsv8/tools/compiler/ti-cgt-arm_18.1.4.LTS/lib/</path>
         <kind>archive</kind>
         <file>rtsv7M4_T_le_v4SPD16_eabi.lib</file>
         <name>close.c.obj</name>
      </input_file>
   </input_file_list>
   <object_component_list>
      <object_component id="oc-23">
         <name>.intvecs:retain</name>
         <load_address>0x0</load_address>
         <run_address>0x0</run_address>
         <size>0xe4</size>
         <input_file_ref idref="fl-1"/>
      </object_component>
      <object_component id="oc-42b">
         <name>.text:__TI_printfi</name>
         <load_address>0xe4</load_address>
         <run_address>0xe4</run_address>
         <size>0xa5e</size>
         <input_file_ref idref="fl-ec"/>
      </object_component>
      <object_component id="oc-819">
         <name>.text:_ZNSt9type_infoD1Ev</name>
         <load_address>0xb42</load_address>
         <run_address>0xb42</run_address>
         <size>0x2</size>
         <input_file_ref idref="fl-df"/>
      </object_component>
      <object_component id="oc-128">
         <name>.text</name>
         <load_address>0xb44</load_address>
         <run_address>0xb44</run_address>
         <size>0x516</size>
         <input_file_ref idref="fl-3"/>
      </object_component>
      <object_component id="oc-4cd">
         <name>.text:_nop</name>
         <load_address>0x105a</load_address>
         <run_address>0x105a</run_address>
         <size>0x2</size>
         <input_file_ref idref="fl-d3"/>
      </object_component>
      <object_component id="oc-461">
         <name>.text:strtod</name>
         <load_address>0x105c</load_address>
         <run_address>0x105c</run_address>
         <size>0x460</size>
         <input_file_ref idref="fl-dd"/>
      </object_component>
      <object_component id="oc-b6">
         <name>.text</name>
         <load_address>0x14bc</load_address>
         <run_address>0x14bc</run_address>
         <size>0x334</size>
         <input_file_ref idref="fl-2"/>
      </object_component>
      <object_component id="oc-121">
         <name>.text:_ZN3ros11NodeHandle_I15Msp432CHardwareLi25ELi25ELi512ELi512EE8spinOnceEv</name>
         <load_address>0x17f0</load_address>
         <run_address>0x17f0</run_address>
         <size>0x326</size>
         <input_file_ref idref="fl-4"/>
      </object_component>
      <object_component id="oc-246">
         <name>.text:_ZN14rosserial_msgs20RequestParamResponse11deserializeEPh</name>
         <load_address>0x1b16</load_address>
         <run_address>0x1b16</run_address>
         <size>0x298</size>
         <input_file_ref idref="fl-4"/>
      </object_component>
      <object_component id="oc-7b2">
         <name>.text</name>
         <load_address>0x1dae</load_address>
         <run_address>0x1dae</run_address>
         <size>0x2</size>
         <input_file_ref idref="fl-e2"/>
      </object_component>
      <object_component id="oc-6e">
         <name>.text</name>
         <load_address>0x1db0</load_address>
         <run_address>0x1db0</run_address>
         <size>0x27c</size>
         <input_file_ref idref="fl-d"/>
      </object_component>
      <object_component id="oc-74">
         <name>.text</name>
         <load_address>0x202c</load_address>
         <run_address>0x202c</run_address>
         <size>0x27c</size>
         <input_file_ref idref="fl-e"/>
      </object_component>
      <object_component id="oc-566">
         <name>.text:_pconv_a</name>
         <load_address>0x22a8</load_address>
         <run_address>0x22a8</run_address>
         <size>0x270</size>
         <input_file_ref idref="fl-ec"/>
      </object_component>
      <object_component id="oc-5fe">
         <name>.text:_ZNK14rosserial_msgs20RequestParamResponse9serializeEPh</name>
         <load_address>0x2518</load_address>
         <run_address>0x2518</run_address>
         <size>0x1f2</size>
         <input_file_ref idref="fl-4"/>
      </object_component>
      <object_component id="oc-554">
         <name>.text:_pconv_g</name>
         <load_address>0x270c</load_address>
         <run_address>0x270c</run_address>
         <size>0x1d0</size>
         <input_file_ref idref="fl-ec"/>
      </object_component>
      <object_component id="oc-5ba">
         <name>.text</name>
         <load_address>0x28dc</load_address>
         <run_address>0x28dc</run_address>
         <size>0x1b6</size>
         <input_file_ref idref="fl-e3"/>
      </object_component>
      <object_component id="oc-238">
         <name>.text:_ZN3ros11NodeHandle_I15Msp432CHardwareLi25ELi25ELi512ELi512EE15negotiateTopicsEv</name>
         <load_address>0x2a92</load_address>
         <run_address>0x2a92</run_address>
         <size>0x196</size>
         <input_file_ref idref="fl-4"/>
      </object_component>
      <object_component id="oc-68a">
         <name>.text:_ZN14rosserial_msgs9TopicInfo11deserializeEPh</name>
         <load_address>0x2c28</load_address>
         <run_address>0x2c28</run_address>
         <size>0x190</size>
         <input_file_ref idref="fl-4"/>
      </object_component>
      <object_component id="oc-560">
         <name>.text:_pconv_e</name>
         <load_address>0x2db8</load_address>
         <run_address>0x2db8</run_address>
         <size>0x13c</size>
         <input_file_ref idref="fl-ec"/>
      </object_component>
      <object_component id="oc-5bf">
         <name>.text</name>
         <load_address>0x2ef4</load_address>
         <run_address>0x2ef4</run_address>
         <size>0x136</size>
         <input_file_ref idref="fl-e5"/>
      </object_component>
      <object_component id="oc-4b6">
         <name>.text:_ZN3ros11NodeHandle_I15Msp432CHardwareLi25ELi25ELi512ELi512EE7publishEiPKNS_3MsgE</name>
         <load_address>0x302c</load_address>
         <run_address>0x302c</run_address>
         <size>0x12c</size>
         <input_file_ref idref="fl-4"/>
      </object_component>
      <object_component id="oc-6d7">
         <name>.text:fcvt</name>
         <load_address>0x3158</load_address>
         <run_address>0x3158</run_address>
         <size>0x124</size>
         <input_file_ref idref="fl-ec"/>
      </object_component>
      <object_component id="oc-683">
         <name>.text:_ZNK14rosserial_msgs9TopicInfo9serializeEPh</name>
         <load_address>0x327c</load_address>
         <run_address>0x327c</run_address>
         <size>0x116</size>
         <input_file_ref idref="fl-4"/>
      </object_component>
      <object_component id="oc-597">
         <name>.text:fputs</name>
         <load_address>0x3394</load_address>
         <run_address>0x3394</run_address>
         <size>0x114</size>
         <input_file_ref idref="fl-ef"/>
      </object_component>
      <object_component id="oc-418">
         <name>.text:realloc</name>
         <load_address>0x34a8</load_address>
         <run_address>0x34a8</run_address>
         <size>0x114</size>
         <input_file_ref idref="fl-d2"/>
      </object_component>
      <object_component id="oc-5c4">
         <name>.text:scalbn</name>
         <load_address>0x35bc</load_address>
         <run_address>0x35bc</run_address>
         <size>0x110</size>
         <input_file_ref idref="fl-e1"/>
      </object_component>
      <object_component id="oc-5b5">
         <name>.text</name>
         <load_address>0x36cc</load_address>
         <run_address>0x36cc</run_address>
         <size>0xfc</size>
         <input_file_ref idref="fl-e6"/>
      </object_component>
      <object_component id="oc-7d">
         <name>.text</name>
         <load_address>0x37c8</load_address>
         <run_address>0x37c8</run_address>
         <size>0xf4</size>
         <input_file_ref idref="fl-4"/>
      </object_component>
      <object_component id="oc-143">
         <name>.text:_ZN3ros11NodeHandle_I15Msp432CHardwareLi25ELi25ELi512ELi512EEC1Ev</name>
         <load_address>0x38bc</load_address>
         <run_address>0x38bc</run_address>
         <size>0xec</size>
         <input_file_ref idref="fl-4"/>
      </object_component>
      <object_component id="oc-7e8">
         <name>.text:setvbuf</name>
         <load_address>0x39a8</load_address>
         <run_address>0x39a8</run_address>
         <size>0xdc</size>
         <input_file_ref idref="fl-ff"/>
      </object_component>
      <object_component id="oc-52b">
         <name>.text:free</name>
         <load_address>0x3a84</load_address>
         <run_address>0x3a84</run_address>
         <size>0xd8</size>
         <input_file_ref idref="fl-d2"/>
      </object_component>
      <object_component id="oc-51f">
         <name>.text</name>
         <load_address>0x3b5c</load_address>
         <run_address>0x3b5c</run_address>
         <size>0xc0</size>
         <input_file_ref idref="fl-f"/>
      </object_component>
      <object_component id="oc-549">
         <name>.text:_ltostr</name>
         <load_address>0x3c1c</load_address>
         <run_address>0x3c1c</run_address>
         <size>0xb1</size>
         <input_file_ref idref="fl-ec"/>
      </object_component>
      <object_component id="oc-40a">
         <name>.text:_ZN8std_msgs4Time11deserializeEPh</name>
         <load_address>0x3cce</load_address>
         <run_address>0x3cce</run_address>
         <size>0x9e</size>
         <input_file_ref idref="fl-4"/>
      </object_component>
      <object_component id="oc-38">
         <name>.text</name>
         <load_address>0x3d6c</load_address>
         <run_address>0x3d6c</run_address>
         <size>0x9c</size>
         <input_file_ref idref="fl-cc"/>
      </object_component>
      <object_component id="oc-669">
         <name>.text:_ZNK8std_msgs4Time9serializeEPh</name>
         <load_address>0x3e08</load_address>
         <run_address>0x3e08</run_address>
         <size>0x9a</size>
         <input_file_ref idref="fl-4"/>
      </object_component>
      <object_component id="oc-6ae">
         <name>.text</name>
         <load_address>0x3ea2</load_address>
         <run_address>0x3ea2</run_address>
         <size>0x96</size>
         <input_file_ref idref="fl-fa"/>
      </object_component>
      <object_component id="oc-59e">
         <name>.text:fputc</name>
         <load_address>0x3f38</load_address>
         <run_address>0x3f38</run_address>
         <size>0x8c</size>
         <input_file_ref idref="fl-ee"/>
      </object_component>
      <object_component id="oc-54f">
         <name>.text:__aeabi_cdcmple</name>
         <load_address>0x3fc4</load_address>
         <run_address>0x3fc4</run_address>
         <size>0x86</size>
         <input_file_ref idref="fl-e4"/>
      </object_component>
      <object_component id="oc-6b5">
         <name>.text:__aeabi_cdrcmple</name>
         <load_address>0x404a</load_address>
         <run_address>0x404a</run_address>
         <size>0x86</size>
         <input_file_ref idref="fl-e4"/>
      </object_component>
      <object_component id="oc-1d6">
         <name>.text:Interrupt_enableInterrupt</name>
         <load_address>0x40d0</load_address>
         <run_address>0x40d0</run_address>
         <size>0x80</size>
         <input_file_ref idref="fl-b"/>
      </object_component>
      <object_component id="oc-8c2">
         <name>.text:_ZN14rosserial_msgs3Log11deserializeEPh</name>
         <load_address>0x4150</load_address>
         <run_address>0x4150</run_address>
         <size>0x7e</size>
         <input_file_ref idref="fl-4"/>
      </object_component>
      <object_component id="oc-9e">
         <name>.text</name>
         <load_address>0x41ce</load_address>
         <run_address>0x41ce</run_address>
         <size>0x7a</size>
         <input_file_ref idref="fl-e7"/>
      </object_component>
      <object_component id="oc-525">
         <name>.text:malloc</name>
         <load_address>0x4248</load_address>
         <run_address>0x4248</run_address>
         <size>0x78</size>
         <input_file_ref idref="fl-d2"/>
      </object_component>
      <object_component id="oc-87e">
         <name>.text:__TI_closefile</name>
         <load_address>0x42c0</load_address>
         <run_address>0x42c0</run_address>
         <size>0x74</size>
         <input_file_ref idref="fl-10b"/>
      </object_component>
      <object_component id="oc-23f">
         <name>.text:_ZN3ros11NodeHandle_I15Msp432CHardwareLi25ELi25ELi512ELi512EE8syncTimeEPh</name>
         <load_address>0x4334</load_address>
         <run_address>0x4334</run_address>
         <size>0x70</size>
         <input_file_ref idref="fl-4"/>
      </object_component>
      <object_component id="oc-490">
         <name>.text:_ZN8std_msgs6String11deserializeEPh</name>
         <load_address>0x43a4</load_address>
         <run_address>0x43a4</run_address>
         <size>0x6e</size>
         <input_file_ref idref="fl-4"/>
      </object_component>
      <object_component id="oc-6d0">
         <name>.text:_mcpy</name>
         <load_address>0x4412</load_address>
         <run_address>0x4412</run_address>
         <size>0x6e</size>
         <input_file_ref idref="fl-ec"/>
      </object_component>
      <object_component id="oc-2bc">
         <name>.text</name>
         <load_address>0x4480</load_address>
         <run_address>0x4480</run_address>
         <size>0x6e</size>
         <input_file_ref idref="fl-ca"/>
      </object_component>
      <object_component id="oc-8a2">
         <name>.text:HOSTlseek</name>
         <load_address>0x44f0</load_address>
         <run_address>0x44f0</run_address>
         <size>0x68</size>
         <input_file_ref idref="fl-101"/>
      </object_component>
      <object_component id="oc-8ae">
         <name>.text:HOSTrename</name>
         <load_address>0x4558</load_address>
         <run_address>0x4558</run_address>
         <size>0x68</size>
         <input_file_ref idref="fl-104"/>
      </object_component>
      <object_component id="oc-14">
         <name>.text:decompress:lzss:__TI_decompress_lzss</name>
         <load_address>0x45c0</load_address>
         <run_address>0x45c0</run_address>
         <size>0x68</size>
         <input_file_ref idref="fl-cf"/>
      </object_component>
      <object_component id="oc-27d">
         <name>.text:printf</name>
         <load_address>0x4628</load_address>
         <run_address>0x4628</run_address>
         <size>0x68</size>
         <input_file_ref idref="fl-d8"/>
      </object_component>
      <object_component id="oc-6e5">
         <name>.text:frexp</name>
         <load_address>0x4690</load_address>
         <run_address>0x4690</run_address>
         <size>0x64</size>
         <input_file_ref idref="fl-f7"/>
      </object_component>
      <object_component id="oc-7e2">
         <name>.text:fseek</name>
         <load_address>0x46f4</load_address>
         <run_address>0x46f4</run_address>
         <size>0x64</size>
         <input_file_ref idref="fl-fd"/>
      </object_component>
      <object_component id="oc-70d">
         <name>.text:__TI_wrt_ok</name>
         <load_address>0x4758</load_address>
         <run_address>0x4758</run_address>
         <size>0x62</size>
         <input_file_ref idref="fl-fb"/>
      </object_component>
      <object_component id="oc-88a">
         <name>.text:HOSTopen</name>
         <load_address>0x47bc</load_address>
         <run_address>0x47bc</run_address>
         <size>0x60</size>
         <input_file_ref idref="fl-102"/>
      </object_component>
      <object_component id="oc-411">
         <name>.text:_ZN3ros11NodeHandle_I15Msp432CHardwareLi25ELi25ELi512ELi512EE6setNowERNS_4TimeE</name>
         <load_address>0x481c</load_address>
         <run_address>0x481c</run_address>
         <size>0x60</size>
         <input_file_ref idref="fl-4"/>
      </object_component>
      <object_component id="oc-1a0">
         <name>.text:__TI_auto_init_nobinit:__TI_auto_init_nobinit</name>
         <load_address>0x487c</load_address>
         <run_address>0x487c</run_address>
         <size>0x60</size>
         <input_file_ref idref="fl-e8"/>
      </object_component>
      <object_component id="oc-69f">
         <name>.text</name>
         <load_address>0x48dc</load_address>
         <run_address>0x48dc</run_address>
         <size>0x5e</size>
         <input_file_ref idref="fl-c9"/>
      </object_component>
      <object_component id="oc-1d0">
         <name>.text:Interrupt_registerInterrupt</name>
         <load_address>0x493c</load_address>
         <run_address>0x493c</run_address>
         <size>0x5c</size>
         <input_file_ref idref="fl-b"/>
      </object_component>
      <object_component id="oc-8bb">
         <name>.text:_ZNK14rosserial_msgs3Log9serializeEPh</name>
         <load_address>0x4998</load_address>
         <run_address>0x4998</run_address>
         <size>0x5c</size>
         <input_file_ref idref="fl-4"/>
      </object_component>
      <object_component id="oc-8e5">
         <name>.text:close</name>
         <load_address>0x49f4</load_address>
         <run_address>0x49f4</run_address>
         <size>0x5c</size>
         <input_file_ref idref="fl-110"/>
      </object_component>
      <object_component id="oc-896">
         <name>.text:HOSTread</name>
         <load_address>0x4a50</load_address>
         <run_address>0x4a50</run_address>
         <size>0x58</size>
         <input_file_ref idref="fl-103"/>
      </object_component>
      <object_component id="oc-89c">
         <name>.text:HOSTwrite</name>
         <load_address>0x4aa8</load_address>
         <run_address>0x4aa8</run_address>
         <size>0x58</size>
         <input_file_ref idref="fl-106"/>
      </object_component>
      <object_component id="oc-55a">
         <name>.text:_pconv_f</name>
         <load_address>0x4b00</load_address>
         <run_address>0x4b00</run_address>
         <size>0x56</size>
         <input_file_ref idref="fl-ec"/>
      </object_component>
      <object_component id="oc-6bf">
         <name>.text:ltoa</name>
         <load_address>0x4b56</load_address>
         <run_address>0x4b56</run_address>
         <size>0x54</size>
         <input_file_ref idref="fl-f0"/>
      </object_component>
      <object_component id="oc-10c">
         <name>.text:_ZN3ros11NodeHandle_I15Msp432CHardwareLi25ELi25ELi512ELi512EE9advertiseERNS_9PublisherE</name>
         <load_address>0x4baa</load_address>
         <run_address>0x4baa</run_address>
         <size>0x52</size>
         <input_file_ref idref="fl-4"/>
      </object_component>
      <object_component id="oc-6ca">
         <name>.text:_ecpy</name>
         <load_address>0x4bfc</load_address>
         <run_address>0x4bfc</run_address>
         <size>0x52</size>
         <input_file_ref idref="fl-ec"/>
      </object_component>
      <object_component id="oc-11a">
         <name>.text:_ZN3ros11NodeHandle_I15Msp432CHardwareLi25ELi25ELi512ELi512EE9subscribeINS_10SubscriberIN8std_msgs6StringEvEEEEbRT_</name>
         <load_address>0x4c4e</load_address>
         <run_address>0x4c4e</run_address>
         <size>0x4c</size>
         <input_file_ref idref="fl-4"/>
      </object_component>
      <object_component id="oc-719">
         <name>.text:__TI_doflush</name>
         <load_address>0x4c9a</load_address>
         <run_address>0x4c9a</run_address>
         <size>0x4c</size>
         <input_file_ref idref="fl-fc"/>
      </object_component>
      <object_component id="oc-2b0">
         <name>.text:atoi</name>
         <load_address>0x4ce8</load_address>
         <run_address>0x4ce8</run_address>
         <size>0x4c</size>
         <input_file_ref idref="fl-d6"/>
      </object_component>
      <object_component id="oc-489">
         <name>.text:_ZNK8std_msgs6String9serializeEPh</name>
         <load_address>0x4d34</load_address>
         <run_address>0x4d34</run_address>
         <size>0x48</size>
         <input_file_ref idref="fl-4"/>
      </object_component>
      <object_component id="oc-194">
         <name>.text:exit</name>
         <load_address>0x4d7c</load_address>
         <run_address>0x4d7c</run_address>
         <size>0x48</size>
         <input_file_ref idref="fl-d1"/>
      </object_component>
      <object_component id="oc-6ba">
         <name>.text</name>
         <load_address>0x4dc4</load_address>
         <run_address>0x4dc4</run_address>
         <size>0x48</size>
         <input_file_ref idref="fl-f8"/>
      </object_component>
      <object_component id="oc-890">
         <name>.text:HOSTclose</name>
         <load_address>0x4e0c</load_address>
         <run_address>0x4e0c</run_address>
         <size>0x44</size>
         <input_file_ref idref="fl-100"/>
      </object_component>
      <object_component id="oc-8a8">
         <name>.text:HOSTunlink</name>
         <load_address>0x4e50</load_address>
         <run_address>0x4e50</run_address>
         <size>0x44</size>
         <input_file_ref idref="fl-105"/>
      </object_component>
      <object_component id="oc-929">
         <name>.text:getdevice</name>
         <load_address>0x4e94</load_address>
         <run_address>0x4e94</run_address>
         <size>0x44</size>
         <input_file_ref idref="fl-10c"/>
      </object_component>
      <object_component id="oc-252">
         <name>.text:GPIO_setAsOutputPin</name>
         <load_address>0x4ed8</load_address>
         <run_address>0x4ed8</run_address>
         <size>0x40</size>
         <input_file_ref idref="fl-a"/>
      </object_component>
      <object_component id="oc-113">
         <name>.text:_ZN3ros10SubscriberIN8std_msgs6StringEvEC1EPKcPFvRKS2_Ei</name>
         <load_address>0x4f18</load_address>
         <run_address>0x4f18</run_address>
         <size>0x40</size>
         <input_file_ref idref="fl-4"/>
      </object_component>
      <object_component id="oc-264">
         <name>.text:sprintf</name>
         <load_address>0x4f58</load_address>
         <run_address>0x4f58</run_address>
         <size>0x40</size>
         <input_file_ref idref="fl-d9"/>
      </object_component>
      <object_component id="oc-6dd">
         <name>.text:_fcpy</name>
         <load_address>0x4f98</load_address>
         <run_address>0x4f98</run_address>
         <size>0x3e</size>
         <input_file_ref idref="fl-ec"/>
      </object_component>
      <object_component id="oc-2ee">
         <name>.text:_ZN14rosserial_msgs20RequestParamResponseC1Ev</name>
         <load_address>0x4fd8</load_address>
         <run_address>0x4fd8</run_address>
         <size>0x3c</size>
         <input_file_ref idref="fl-4"/>
      </object_component>
      <object_component id="oc-3fc">
         <name>.text:_ZN14rosserial_msgs9TopicInfoC1Ev</name>
         <load_address>0x5014</load_address>
         <run_address>0x5014</run_address>
         <size>0x3c</size>
         <input_file_ref idref="fl-4"/>
      </object_component>
      <object_component id="oc-41e">
         <name>.text:_ZN3ros3Msg8arrToVarIjPhEEvRT_T0_</name>
         <load_address>0x5050</load_address>
         <run_address>0x5050</run_address>
         <size>0x3c</size>
         <input_file_ref idref="fl-4"/>
      </object_component>
      <object_component id="oc-53d">
         <name>.text:minsert</name>
         <load_address>0x508c</load_address>
         <run_address>0x508c</run_address>
         <size>0x3c</size>
         <input_file_ref idref="fl-d2"/>
      </object_component>
      <object_component id="oc-8f6">
         <name>.text:__TI_writemsg</name>
         <load_address>0x50c8</load_address>
         <run_address>0x50c8</run_address>
         <size>0x38</size>
         <input_file_ref idref="fl-107"/>
      </object_component>
      <object_component id="oc-56">
         <name>.text:_c_int00_noargs:_c_int00_noargs</name>
         <load_address>0x5100</load_address>
         <run_address>0x5100</run_address>
         <size>0x38</size>
         <input_file_ref idref="fl-d0"/>
      </object_component>
      <object_component id="oc-531">
         <name>.text:minit</name>
         <load_address>0x5138</load_address>
         <run_address>0x5138</run_address>
         <size>0x38</size>
         <input_file_ref idref="fl-d2"/>
      </object_component>
      <object_component id="oc-297">
         <name>.text</name>
         <load_address>0x5170</load_address>
         <run_address>0x5170</run_address>
         <size>0x38</size>
         <input_file_ref idref="fl-cb"/>
      </object_component>
      <object_component id="oc-2c1">
         <name>.text:strncpy</name>
         <load_address>0x51a8</load_address>
         <run_address>0x51a8</run_address>
         <size>0x36</size>
         <input_file_ref idref="fl-dc"/>
      </object_component>
      <object_component id="oc-61d">
         <name>.text:_ZN15Msp432CHardware5writeEPhi</name>
         <load_address>0x51de</load_address>
         <run_address>0x51de</run_address>
         <size>0x34</size>
         <input_file_ref idref="fl-4"/>
      </object_component>
      <object_component id="oc-756">
         <name>.text:_ZN3ros11NodeHandle_I15Msp432CHardwareLi25ELi25ELi512ELi512EE3logEcPKc</name>
         <load_address>0x5212</load_address>
         <run_address>0x5212</run_address>
         <size>0x34</size>
         <input_file_ref idref="fl-4"/>
      </object_component>
      <object_component id="oc-837">
         <name>.text:__TI_cleanup</name>
         <load_address>0x5248</load_address>
         <run_address>0x5248</run_address>
         <size>0x34</size>
         <input_file_ref idref="fl-108"/>
      </object_component>
      <object_component id="oc-8fc">
         <name>.text:__TI_readmsg</name>
         <load_address>0x527c</load_address>
         <run_address>0x527c</run_address>
         <size>0x34</size>
         <input_file_ref idref="fl-107"/>
      </object_component>
      <object_component id="oc-25e">
         <name>.text:GPIO_getInputPinValue</name>
         <load_address>0x52b0</load_address>
         <run_address>0x52b0</run_address>
         <size>0x30</size>
         <input_file_ref idref="fl-a"/>
      </object_component>
      <object_component id="oc-5e3">
         <name>.text:_ZN3ros3Msg8varToArrIPhjEEvT_T0_</name>
         <load_address>0x52e0</load_address>
         <run_address>0x52e0</run_address>
         <size>0x30</size>
         <input_file_ref idref="fl-4"/>
      </object_component>
      <object_component id="oc-94b">
         <name>.text:finddevice</name>
         <load_address>0x5310</load_address>
         <run_address>0x5310</run_address>
         <size>0x30</size>
         <input_file_ref idref="fl-10c"/>
      </object_component>
      <object_component id="oc-231">
         <name>.text:_ZN3ros11NodeHandle_I15Msp432CHardwareLi25ELi25ELi512ELi512EE15requestSyncTimeEv</name>
         <load_address>0x5340</load_address>
         <run_address>0x5340</run_address>
         <size>0x2e</size>
         <input_file_ref idref="fl-4"/>
      </object_component>
      <object_component id="oc-fe">
         <name>.text:_ZN3ros11NodeHandle_I15Msp432CHardwareLi25ELi25ELi512ELi512EE8initNodeEv</name>
         <load_address>0x536e</load_address>
         <run_address>0x536e</run_address>
         <size>0x2e</size>
         <input_file_ref idref="fl-4"/>
      </object_component>
      <object_component id="oc-6c5">
         <name>.text</name>
         <load_address>0x539c</load_address>
         <run_address>0x539c</run_address>
         <size>0x2e</size>
         <input_file_ref idref="fl-f9"/>
      </object_component>
      <object_component id="oc-8eb">
         <name>.text:unlink</name>
         <load_address>0x53cc</load_address>
         <run_address>0x53cc</run_address>
         <size>0x2c</size>
         <input_file_ref idref="fl-10f"/>
      </object_component>
      <object_component id="oc-271">
         <name>.text:GPIO_setOutputHighOnPin</name>
         <load_address>0x53f8</load_address>
         <run_address>0x53f8</run_address>
         <size>0x28</size>
         <input_file_ref idref="fl-a"/>
      </object_component>
      <object_component id="oc-277">
         <name>.text:GPIO_setOutputLowOnPin</name>
         <load_address>0x5420</load_address>
         <run_address>0x5420</run_address>
         <size>0x28</size>
         <input_file_ref idref="fl-a"/>
      </object_component>
      <object_component id="oc-258">
         <name>.text:GPIO_toggleOutputOnPin</name>
         <load_address>0x5448</load_address>
         <run_address>0x5448</run_address>
         <size>0x28</size>
         <input_file_ref idref="fl-a"/>
      </object_component>
      <object_component id="oc-807">
         <name>.text:_ZN14rosserial_msgs3LogC1Ev</name>
         <load_address>0x5470</load_address>
         <run_address>0x5470</run_address>
         <size>0x28</size>
         <input_file_ref idref="fl-4"/>
      </object_component>
      <object_component id="oc-82f">
         <name>.text:lseek</name>
         <load_address>0x5498</load_address>
         <run_address>0x5498</run_address>
         <size>0x28</size>
         <input_file_ref idref="fl-fe"/>
      </object_component>
      <object_component id="oc-537">
         <name>.text:mremove</name>
         <load_address>0x54c0</load_address>
         <run_address>0x54c0</run_address>
         <size>0x28</size>
         <input_file_ref idref="fl-d2"/>
      </object_component>
      <object_component id="oc-71f">
         <name>.text:write</name>
         <load_address>0x54e8</load_address>
         <run_address>0x54e8</run_address>
         <size>0x28</size>
         <input_file_ref idref="fl-f3"/>
      </object_component>
      <object_component id="oc-105">
         <name>.text:_ZN3ros9PublisherC1EPKcPNS_3MsgEi</name>
         <load_address>0x5510</load_address>
         <run_address>0x5510</run_address>
         <size>0x24</size>
         <input_file_ref idref="fl-4"/>
      </object_component>
      <object_component id="oc-12e">
         <name>.text:_ZN8std_msgs6StringC1ERKS0_</name>
         <load_address>0x5534</load_address>
         <run_address>0x5534</run_address>
         <size>0x24</size>
         <input_file_ref idref="fl-4"/>
      </object_component>
      <object_component id="oc-14a">
         <name>.text:_ZN8std_msgs6StringC1Ev</name>
         <load_address>0x5558</load_address>
         <run_address>0x5558</run_address>
         <size>0x24</size>
         <input_file_ref idref="fl-4"/>
      </object_component>
      <object_component id="oc-3f5">
         <name>.text:_ZN8std_msgs4TimeC1Ev</name>
         <load_address>0x557c</load_address>
         <run_address>0x557c</run_address>
         <size>0x20</size>
         <input_file_ref idref="fl-4"/>
      </object_component>
      <object_component id="oc-713">
         <name>.text:memchr</name>
         <load_address>0x559c</load_address>
         <run_address>0x559c</run_address>
         <size>0x20</size>
         <input_file_ref idref="fl-f2"/>
      </object_component>
      <object_component id="oc-26a">
         <name>.text:_ZN3ros9Publisher7publishEPKNS_3MsgE</name>
         <load_address>0x55bc</load_address>
         <run_address>0x55bc</run_address>
         <size>0x1e</size>
         <input_file_ref idref="fl-3"/>
      </object_component>
      <object_component id="oc-29c">
         <name>.text:_ZN12RosMSP432_Io8setFloatEi</name>
         <load_address>0x55da</load_address>
         <run_address>0x55da</run_address>
         <size>0x1c</size>
         <input_file_ref idref="fl-3"/>
      </object_component>
      <object_component id="oc-3d9">
         <name>.text:_ZN3ros10SubscriberIN8std_msgs6StringEvE8callbackEPh</name>
         <load_address>0x55f6</load_address>
         <run_address>0x55f6</run_address>
         <size>0x1c</size>
         <input_file_ref idref="fl-4"/>
      </object_component>
      <object_component id="oc-56c">
         <name>.text:memccpy</name>
         <load_address>0x5612</load_address>
         <run_address>0x5612</run_address>
         <size>0x1c</size>
         <input_file_ref idref="fl-f1"/>
      </object_component>
      <object_component id="oc-f7">
         <name>.text:_ZN8std_msgs6StringaSERKS0_</name>
         <load_address>0x562e</load_address>
         <run_address>0x562e</run_address>
         <size>0x1a</size>
         <input_file_ref idref="fl-4"/>
      </object_component>
      <object_component id="oc-2a3">
         <name>.text:_ZN12RosMSP432_Io8getFloatEv</name>
         <load_address>0x5648</load_address>
         <run_address>0x5648</run_address>
         <size>0x18</size>
         <input_file_ref idref="fl-3"/>
      </object_component>
      <object_component id="oc-3cd">
         <name>.text:_ZN3ros11Subscriber_C1Ev</name>
         <load_address>0x5660</load_address>
         <run_address>0x5660</run_address>
         <size>0x18</size>
         <input_file_ref idref="fl-4"/>
      </object_component>
      <object_component id="oc-4a5">
         <name>.text:_ZN3ros15NodeHandleBase_C1Ev</name>
         <load_address>0x5678</load_address>
         <run_address>0x5678</run_address>
         <size>0x18</size>
         <input_file_ref idref="fl-4"/>
      </object_component>
      <object_component id="oc-47d">
         <name>.text:_ZN3ros3MsgC1ERKS0_</name>
         <load_address>0x5690</load_address>
         <run_address>0x5690</run_address>
         <size>0x18</size>
         <input_file_ref idref="fl-4"/>
      </object_component>
      <object_component id="oc-4c4">
         <name>.text:_ZN3ros3MsgC1Ev</name>
         <load_address>0x56a8</load_address>
         <run_address>0x56a8</run_address>
         <size>0x18</size>
         <input_file_ref idref="fl-4"/>
      </object_component>
      <object_component id="oc-509">
         <name>.text:_ZN3ros4TimeC1Ev</name>
         <load_address>0x56c0</load_address>
         <run_address>0x56c0</run_address>
         <size>0x18</size>
         <input_file_ref idref="fl-4"/>
      </object_component>
      <object_component id="oc-431">
         <name>.text:_outs</name>
         <load_address>0x56d8</load_address>
         <run_address>0x56d8</run_address>
         <size>0x18</size>
         <input_file_ref idref="fl-d9"/>
      </object_component>
      <object_component id="oc-960">
         <name>.text:strcmp</name>
         <load_address>0x56f0</load_address>
         <run_address>0x56f0</run_address>
         <size>0x18</size>
         <input_file_ref idref="fl-10e"/>
      </object_component>
      <object_component id="oc-bd">
         <name>.text:Timer32_registerInterrupt</name>
         <load_address>0x5708</load_address>
         <run_address>0x5708</run_address>
         <size>0x16</size>
         <input_file_ref idref="fl-10"/>
      </object_component>
      <object_component id="oc-2aa">
         <name>.text:strchr</name>
         <load_address>0x571e</load_address>
         <run_address>0x571e</run_address>
         <size>0x16</size>
         <input_file_ref idref="fl-da"/>
      </object_component>
      <object_component id="oc-223">
         <name>.text:_ZN15Msp432CHardware4timeEv</name>
         <load_address>0x5734</load_address>
         <run_address>0x5734</run_address>
         <size>0x14</size>
         <input_file_ref idref="fl-4"/>
      </object_component>
      <object_component id="oc-72e">
         <name>.text:copysign</name>
         <load_address>0x5748</load_address>
         <run_address>0x5748</run_address>
         <size>0x14</size>
         <input_file_ref idref="fl-f6"/>
      </object_component>
      <object_component id="oc-910">
         <name>.text:strcpy</name>
         <load_address>0x575c</load_address>
         <run_address>0x575c</run_address>
         <size>0x14</size>
         <input_file_ref idref="fl-10a"/>
      </object_component>
      <object_component id="oc-283">
         <name>.text:strlen</name>
         <load_address>0x5770</load_address>
         <run_address>0x5770</run_address>
         <size>0x14</size>
         <input_file_ref idref="fl-db"/>
      </object_component>
      <object_component id="oc-289">
         <name>.text:_ZN12RosMSP432_Io10setIntegerEi</name>
         <load_address>0x5784</load_address>
         <run_address>0x5784</run_address>
         <size>0x12</size>
         <input_file_ref idref="fl-3"/>
      </object_component>
      <object_component id="oc-624">
         <name>.text:_ZN3ros11NodeHandle_I15Msp432CHardwareLi25ELi25ELi512ELi512EE8logerrorEPKc</name>
         <load_address>0x5796</load_address>
         <run_address>0x5796</run_address>
         <size>0x12</size>
         <input_file_ref idref="fl-4"/>
      </object_component>
      <object_component id="oc-2b6">
         <name>.text:atof</name>
         <load_address>0x57a8</load_address>
         <run_address>0x57a8</run_address>
         <size>0x12</size>
         <input_file_ref idref="fl-d5"/>
      </object_component>
      <object_component id="oc-572">
         <name>.text:wcslen</name>
         <load_address>0x57ba</load_address>
         <run_address>0x57ba</run_address>
         <size>0x12</size>
         <input_file_ref idref="fl-f5"/>
      </object_component>
      <object_component id="oc-c3">
         <name>.text:Interrupt_enableMaster</name>
         <load_address>0x57cc</load_address>
         <run_address>0x57cc</run_address>
         <size>0x10</size>
         <input_file_ref idref="fl-b"/>
      </object_component>
      <object_component id="oc-60c">
         <name>.text:_ZN14rosserial_msgs20RequestParamResponse6getMD5Ev</name>
         <load_address>0x57dc</load_address>
         <run_address>0x57dc</run_address>
         <size>0x10</size>
         <input_file_ref idref="fl-4"/>
      </object_component>
      <object_component id="oc-605">
         <name>.text:_ZN14rosserial_msgs20RequestParamResponse7getTypeEv</name>
         <load_address>0x57ec</load_address>
         <run_address>0x57ec</run_address>
         <size>0x10</size>
         <input_file_ref idref="fl-4"/>
      </object_component>
      <object_component id="oc-8d0">
         <name>.text:_ZN14rosserial_msgs3Log6getMD5Ev</name>
         <load_address>0x57fc</load_address>
         <run_address>0x57fc</run_address>
         <size>0x10</size>
         <input_file_ref idref="fl-4"/>
      </object_component>
      <object_component id="oc-8c9">
         <name>.text:_ZN14rosserial_msgs3Log7getTypeEv</name>
         <load_address>0x580c</load_address>
         <run_address>0x580c</run_address>
         <size>0x10</size>
         <input_file_ref idref="fl-4"/>
      </object_component>
      <object_component id="oc-698">
         <name>.text:_ZN14rosserial_msgs9TopicInfo6getMD5Ev</name>
         <load_address>0x581c</load_address>
         <run_address>0x581c</run_address>
         <size>0x10</size>
         <input_file_ref idref="fl-4"/>
      </object_component>
      <object_component id="oc-691">
         <name>.text:_ZN14rosserial_msgs9TopicInfo7getTypeEv</name>
         <load_address>0x582c</load_address>
         <run_address>0x582c</run_address>
         <size>0x10</size>
         <input_file_ref idref="fl-4"/>
      </object_component>
      <object_component id="oc-4bd">
         <name>.text:_ZN3ros11NodeHandle_I15Msp432CHardwareLi25ELi25ELi512ELi512EE9connectedEv</name>
         <load_address>0x583c</load_address>
         <run_address>0x583c</run_address>
         <size>0x10</size>
         <input_file_ref idref="fl-4"/>
      </object_component>
      <object_component id="oc-2cf">
         <name>.text:_ZN3ros3MsgC2ERKS0_</name>
         <load_address>0x584c</load_address>
         <run_address>0x584c</run_address>
         <size>0x10</size>
         <input_file_ref idref="fl-4"/>
      </object_component>
      <object_component id="oc-677">
         <name>.text:_ZN8std_msgs4Time6getMD5Ev</name>
         <load_address>0x585c</load_address>
         <run_address>0x585c</run_address>
         <size>0x10</size>
         <input_file_ref idref="fl-4"/>
      </object_component>
      <object_component id="oc-670">
         <name>.text:_ZN8std_msgs4Time7getTypeEv</name>
         <load_address>0x586c</load_address>
         <run_address>0x586c</run_address>
         <size>0x10</size>
         <input_file_ref idref="fl-4"/>
      </object_component>
      <object_component id="oc-49e">
         <name>.text:_ZN8std_msgs6String6getMD5Ev</name>
         <load_address>0x587c</load_address>
         <run_address>0x587c</run_address>
         <size>0x10</size>
         <input_file_ref idref="fl-4"/>
      </object_component>
      <object_component id="oc-497">
         <name>.text:_ZN8std_msgs6String7getTypeEv</name>
         <load_address>0x588c</load_address>
         <run_address>0x588c</run_address>
         <size>0x10</size>
         <input_file_ref idref="fl-4"/>
      </object_component>
      <object_component id="oc-78e">
         <name>.text:_ZN10__cxxabiv117__class_type_infoD0Ev</name>
         <load_address>0x589c</load_address>
         <run_address>0x589c</run_address>
         <size>0xe</size>
         <input_file_ref idref="fl-c8"/>
      </object_component>
      <object_component id="oc-652">
         <name>.text:_ZN10__cxxabiv120__si_class_type_infoD0Ev</name>
         <load_address>0x58aa</load_address>
         <run_address>0x58aa</run_address>
         <size>0xe</size>
         <input_file_ref idref="fl-c8"/>
      </object_component>
      <object_component id="oc-290">
         <name>.text:_ZN12RosMSP432_Io10getIntegerEv</name>
         <load_address>0x58b8</load_address>
         <run_address>0x58b8</run_address>
         <size>0xe</size>
         <input_file_ref idref="fl-3"/>
      </object_component>
      <object_component id="oc-13c">
         <name>.text:_ZN15Msp432CHardware5delayEj</name>
         <load_address>0x58c6</load_address>
         <run_address>0x58c6</run_address>
         <size>0xe</size>
         <input_file_ref idref="fl-4"/>
      </object_component>
      <object_component id="oc-3e7">
         <name>.text:_ZN3ros10SubscriberIN8std_msgs6StringEvE10getMsgTypeEv</name>
         <load_address>0x58d4</load_address>
         <run_address>0x58d4</run_address>
         <size>0xe</size>
         <input_file_ref idref="fl-4"/>
      </object_component>
      <object_component id="oc-3e0">
         <name>.text:_ZN3ros10SubscriberIN8std_msgs6StringEvE15getEndpointTypeEv</name>
         <load_address>0x58e2</load_address>
         <run_address>0x58e2</run_address>
         <size>0xe</size>
         <input_file_ref idref="fl-4"/>
      </object_component>
      <object_component id="oc-3ee">
         <name>.text:_ZN3ros10SubscriberIN8std_msgs6StringEvE9getMsgMD5Ev</name>
         <load_address>0x58f0</load_address>
         <run_address>0x58f0</run_address>
         <size>0xe</size>
         <input_file_ref idref="fl-4"/>
      </object_component>
      <object_component id="oc-135">
         <name>.text:_ZN3ros11NodeHandle_I15Msp432CHardwareLi25ELi25ELi512ELi512EE11getHardwareEv</name>
         <load_address>0x58fe</load_address>
         <run_address>0x58fe</run_address>
         <size>0xe</size>
         <input_file_ref idref="fl-4"/>
      </object_component>
      <object_component id="oc-204">
         <name>.text:_ZN3ros3MsgaSERKS0_</name>
         <load_address>0x590c</load_address>
         <run_address>0x590c</run_address>
         <size>0xe</size>
         <input_file_ref idref="fl-4"/>
      </object_component>
      <object_component id="oc-403">
         <name>.text:_ZN3ros9Publisher15getEndpointTypeEv</name>
         <load_address>0x591a</load_address>
         <run_address>0x591a</run_address>
         <size>0xe</size>
         <input_file_ref idref="fl-4"/>
      </object_component>
      <object_component id="oc-1a">
         <name>.text:decompress:none:__TI_decompress_none</name>
         <load_address>0x5928</load_address>
         <run_address>0x5928</run_address>
         <size>0xe</size>
         <input_file_ref idref="fl-ce"/>
      </object_component>
      <object_component id="oc-68">
         <name>.text</name>
         <load_address>0x5936</load_address>
         <run_address>0x5936</run_address>
         <size>0xe</size>
         <input_file_ref idref="fl-1"/>
      </object_component>
      <object_component id="oc-1de">
         <name>.text:CPU_cpsie</name>
         <load_address>0x5944</load_address>
         <run_address>0x5944</run_address>
         <size>0xc</size>
         <input_file_ref idref="fl-c"/>
      </object_component>
      <object_component id="oc-20b">
         <name>.text:_ZN15Msp432CHardware4initEv</name>
         <load_address>0x5950</load_address>
         <run_address>0x5950</run_address>
         <size>0xc</size>
         <input_file_ref idref="fl-4"/>
      </object_component>
      <object_component id="oc-2e7">
         <name>.text:_ZN15Msp432CHardwareC1Ev</name>
         <load_address>0x595c</load_address>
         <run_address>0x595c</run_address>
         <size>0xc</size>
         <input_file_ref idref="fl-4"/>
      </object_component>
      <object_component id="oc-217">
         <name>.text:_ZN3ros11Subscriber_C2Ev</name>
         <load_address>0x5968</load_address>
         <run_address>0x5968</run_address>
         <size>0xc</size>
         <input_file_ref idref="fl-4"/>
      </object_component>
      <object_component id="oc-2e0">
         <name>.text:_ZN3ros15NodeHandleBase_C2Ev</name>
         <load_address>0x5974</load_address>
         <run_address>0x5974</run_address>
         <size>0xc</size>
         <input_file_ref idref="fl-4"/>
      </object_component>
      <object_component id="oc-2fa">
         <name>.text:_ZN3ros3MsgC2Ev</name>
         <load_address>0x5980</load_address>
         <run_address>0x5980</run_address>
         <size>0xc</size>
         <input_file_ref idref="fl-4"/>
      </object_component>
      <object_component id="oc-4a">
         <name>.text:decompress:ZI:__TI_zero_init</name>
         <load_address>0x598c</load_address>
         <run_address>0x598c</run_address>
         <size>0xc</size>
         <input_file_ref idref="fl-cd"/>
      </object_component>
      <object_component id="oc-22a">
         <name>.text:_ZN15Msp432CHardware4readEv</name>
         <load_address>0x5998</load_address>
         <run_address>0x5998</run_address>
         <size>0xa</size>
         <input_file_ref idref="fl-4"/>
      </object_component>
      <object_component id="oc-437">
         <name>.text:_outc</name>
         <load_address>0x59a2</load_address>
         <run_address>0x59a2</run_address>
         <size>0xa</size>
         <input_file_ref idref="fl-d9"/>
      </object_component>
      <object_component id="oc-820">
         <name>.text:_ZdlPv</name>
         <load_address>0x59ac</load_address>
         <run_address>0x59ac</run_address>
         <size>0x8</size>
         <input_file_ref idref="fl-de"/>
      </object_component>
      <object_component id="oc-578">
         <name>.text:__aeabi_errno_addr</name>
         <load_address>0x59b4</load_address>
         <run_address>0x59b4</run_address>
         <size>0x8</size>
         <input_file_ref idref="fl-eb"/>
      </object_component>
      <object_component id="oc-641">
         <name>.text:__cxa_pure_virtual</name>
         <load_address>0x59bc</load_address>
         <run_address>0x59bc</run_address>
         <size>0x6</size>
         <input_file_ref idref="fl-c7"/>
      </object_component>
      <object_component id="oc-da">
         <name>.text:CPU_wfi</name>
         <load_address>0x59c2</load_address>
         <run_address>0x59c2</run_address>
         <size>0x4</size>
         <input_file_ref idref="fl-c"/>
      </object_component>
      <object_component id="oc-76e">
         <name>.text:_ZN10__cxxabiv117__class_type_infoD1Ev</name>
         <load_address>0x59c6</load_address>
         <run_address>0x59c6</run_address>
         <size>0x4</size>
         <input_file_ref idref="fl-c8"/>
      </object_component>
      <object_component id="oc-64c">
         <name>.text:_ZN10__cxxabiv120__si_class_type_infoD1Ev</name>
         <load_address>0x59ca</load_address>
         <run_address>0x59ca</run_address>
         <size>0x4</size>
         <input_file_ref idref="fl-c8"/>
      </object_component>
      <object_component id="oc-77a">
         <name>.text:_ZdlPvj</name>
         <load_address>0x59ce</load_address>
         <run_address>0x59ce</run_address>
         <size>0x4</size>
         <input_file_ref idref="fl-de"/>
      </object_component>
      <object_component id="oc-75d">
         <name>.text:__abort_execution</name>
         <load_address>0x59d2</load_address>
         <run_address>0x59d2</run_address>
         <size>0x4</size>
         <input_file_ref idref="fl-e0"/>
      </object_component>
      <object_component id="oc-44f">
         <name>.text:_outc</name>
         <load_address>0x59d6</load_address>
         <run_address>0x59d6</run_address>
         <size>0x4</size>
         <input_file_ref idref="fl-d8"/>
      </object_component>
      <object_component id="oc-449">
         <name>.text:_outs</name>
         <load_address>0x59da</load_address>
         <run_address>0x59da</run_address>
         <size>0x4</size>
         <input_file_ref idref="fl-d8"/>
      </object_component>
      <object_component id="oc-a4">
         <name>.text:_system_pre_init</name>
         <load_address>0x59de</load_address>
         <run_address>0x59de</run_address>
         <size>0x4</size>
         <input_file_ref idref="fl-e9"/>
      </object_component>
      <object_component id="oc-18e">
         <name>.text:abort:abort</name>
         <load_address>0x59e2</load_address>
         <run_address>0x59e2</run_address>
         <size>0x4</size>
         <input_file_ref idref="fl-d1"/>
      </object_component>
      <object_component id="oc-45c">
         <name>.const:.string:_ctypes_</name>
         <load_address>0x59e8</load_address>
         <run_address>0x59e8</run_address>
         <size>0x101</size>
         <input_file_ref idref="fl-d7"/>
      </object_component>
      <object_component id="oc-860">
         <name>.const:.string:_ZZN14rosserial_msgs3LogC1EvEs</name>
         <load_address>0x5ae9</load_address>
         <run_address>0x5ae9</run_address>
         <size>0x1</size>
         <input_file_ref idref="fl-4"/>
      </object_component>
      <object_component id="oc-51a">
         <name>.const:.string:_ZZN14rosserial_msgs9TopicInfoC1EvEs</name>
         <load_address>0x5aea</load_address>
         <run_address>0x5aea</run_address>
         <size>0x1</size>
         <input_file_ref idref="fl-4"/>
      </object_component>
      <object_component id="oc-301">
         <name>.const:.string:_ZZN8std_msgs6StringC1EvEs</name>
         <load_address>0x5aeb</load_address>
         <run_address>0x5aeb</run_address>
         <size>0x1</size>
         <input_file_ref idref="fl-4"/>
      </object_component>
      <object_component id="oc-5ca">
         <name>.const:$O1$$</name>
         <load_address>0x5af0</load_address>
         <run_address>0x5af0</run_address>
         <size>0xc8</size>
         <input_file_ref idref="fl-dd"/>
      </object_component>
      <object_component id="oc-613">
         <name>.const:.typeinfo:_ZTSN3ros11NodeHandle_I15Msp432CHardwareLi25ELi25ELi512ELi512EEE</name>
         <load_address>0x5bb8</load_address>
         <run_address>0x5bb8</run_address>
         <size>0x3d</size>
         <input_file_ref idref="fl-4"/>
      </object_component>
      <object_component id="oc-62b">
         <name>.const:.string:_ZZN3ros11NodeHandle_I15Msp432CHardwareLi25ELi25ELi512ELi512EE7publishEiPKNS_3MsgEEs</name>
         <load_address>0x5bf5</load_address>
         <run_address>0x5bf5</run_address>
         <size>0x39</size>
         <input_file_ref idref="fl-4"/>
      </object_component>
      <object_component id="oc-425">
         <name>.const:GPIO_PORT_TO_BASE</name>
         <load_address>0x5c30</load_address>
         <run_address>0x5c30</run_address>
         <size>0x30</size>
         <input_file_ref idref="fl-a"/>
      </object_component>
      <object_component id="oc-744">
         <name>.const:.typeinfo:_ZTSN14rosserial_msgs20RequestParamResponseE</name>
         <load_address>0x5c60</load_address>
         <run_address>0x5c60</run_address>
         <size>0x29</size>
         <input_file_ref idref="fl-4"/>
      </object_component>
      <object_component id="oc-4ff">
         <name>.const:.typeinfo:_ZTSN3ros10SubscriberIN8std_msgs6StringEvEE</name>
         <load_address>0x5c89</load_address>
         <run_address>0x5c89</run_address>
         <size>0x28</size>
         <input_file_ref idref="fl-4"/>
      </object_component>
      <object_component id="oc-764">
         <name>.const:.typeinfo:_ZTSN10__cxxabiv120__si_class_type_infoE</name>
         <load_address>0x5cb1</load_address>
         <run_address>0x5cb1</run_address>
         <size>0x25</size>
         <input_file_ref idref="fl-c8"/>
      </object_component>
      <object_component id="oc-e7">
         <name>.const:uartConfig</name>
         <load_address>0x5cd8</load_address>
         <run_address>0x5cd8</run_address>
         <size>0x24</size>
         <input_file_ref idref="fl-e"/>
      </object_component>
      <object_component id="oc-80f">
         <name>.const:.typeinfo:_ZTSN10__cxxabiv117__class_type_infoE</name>
         <load_address>0x5cfc</load_address>
         <run_address>0x5cfc</run_address>
         <size>0x22</size>
         <input_file_ref idref="fl-c8"/>
      </object_component>
      <object_component id="oc-74c">
         <name>.const:.string:_ZZN14rosserial_msgs20RequestParamResponse6getMD5EvEs</name>
         <load_address>0x5d1e</load_address>
         <run_address>0x5d1e</run_address>
         <size>0x21</size>
         <input_file_ref idref="fl-4"/>
      </object_component>
      <object_component id="oc-922">
         <name>.const:.string:_ZZN14rosserial_msgs3Log6getMD5EvEs</name>
         <load_address>0x5d3f</load_address>
         <run_address>0x5d3f</run_address>
         <size>0x21</size>
         <input_file_ref idref="fl-4"/>
      </object_component>
      <object_component id="oc-7ad">
         <name>.const:.string:_ZZN14rosserial_msgs9TopicInfo6getMD5EvEs</name>
         <load_address>0x5d60</load_address>
         <run_address>0x5d60</run_address>
         <size>0x21</size>
         <input_file_ref idref="fl-4"/>
      </object_component>
      <object_component id="oc-79e">
         <name>.const:.string:_ZZN8std_msgs4Time6getMD5EvEs</name>
         <load_address>0x5d81</load_address>
         <run_address>0x5d81</run_address>
         <size>0x21</size>
         <input_file_ref idref="fl-4"/>
      </object_component>
      <object_component id="oc-5ef">
         <name>.const:.string:_ZZN8std_msgs6String6getMD5EvEs</name>
         <load_address>0x5da2</load_address>
         <run_address>0x5da2</run_address>
         <size>0x21</size>
         <input_file_ref idref="fl-4"/>
      </object_component>
      <object_component id="oc-7a3">
         <name>.const:.typeinfo:_ZTSN14rosserial_msgs9TopicInfoE</name>
         <load_address>0x5dc3</load_address>
         <run_address>0x5dc3</run_address>
         <size>0x1d</size>
         <input_file_ref idref="fl-4"/>
      </object_component>
      <object_component id="oc-749">
         <name>.const:.string:_ZN46_INTERNAL_29_test_ros_msp432_interface_cpp_nh_14rosserial_msgs12REQUESTPARAME</name>
         <load_address>0x5de0</load_address>
         <run_address>0x5de0</run_address>
         <size>0x1c</size>
         <input_file_ref idref="fl-4"/>
      </object_component>
      <object_component id="oc-7a8">
         <name>.const:.string:_ZZN14rosserial_msgs9TopicInfo7getTypeEvEs</name>
         <load_address>0x5dfc</load_address>
         <run_address>0x5dfc</run_address>
         <size>0x19</size>
         <input_file_ref idref="fl-4"/>
      </object_component>
      <object_component id="oc-751">
         <name>.const:.typeinfo:_ZTSN3ros15NodeHandleBase_E</name>
         <load_address>0x5e15</load_address>
         <run_address>0x5e15</run_address>
         <size>0x18</size>
         <input_file_ref idref="fl-4"/>
      </object_component>
      <object_component id="oc-4ac">
         <name>.const:_ZTVN14rosserial_msgs20RequestParamResponseE</name>
         <load_address>0x5e30</load_address>
         <run_address>0x5e30</run_address>
         <size>0x18</size>
         <input_file_ref idref="fl-4"/>
      </object_component>
      <object_component id="oc-85b">
         <name>.const:_ZTVN14rosserial_msgs3LogE</name>
         <load_address>0x5e48</load_address>
         <run_address>0x5e48</run_address>
         <size>0x18</size>
         <input_file_ref idref="fl-4"/>
      </object_component>
      <object_component id="oc-515">
         <name>.const:_ZTVN14rosserial_msgs9TopicInfoE</name>
         <load_address>0x5e60</load_address>
         <run_address>0x5e60</run_address>
         <size>0x18</size>
         <input_file_ref idref="fl-4"/>
      </object_component>
      <object_component id="oc-21e">
         <name>.const:_ZTVN3ros10SubscriberIN8std_msgs6StringEvEE</name>
         <load_address>0x5e78</load_address>
         <run_address>0x5e78</run_address>
         <size>0x18</size>
         <input_file_ref idref="fl-4"/>
      </object_component>
      <object_component id="oc-4f5">
         <name>.const:_ZTVN3ros11Subscriber_E</name>
         <load_address>0x5e90</load_address>
         <run_address>0x5e90</run_address>
         <size>0x18</size>
         <input_file_ref idref="fl-4"/>
      </object_component>
      <object_component id="oc-5d4">
         <name>.const:_ZTVN3ros3MsgE</name>
         <load_address>0x5ea8</load_address>
         <run_address>0x5ea8</run_address>
         <size>0x18</size>
         <input_file_ref idref="fl-4"/>
      </object_component>
      <object_component id="oc-510">
         <name>.const:_ZTVN8std_msgs4TimeE</name>
         <load_address>0x5ec0</load_address>
         <run_address>0x5ec0</run_address>
         <size>0x18</size>
         <input_file_ref idref="fl-4"/>
      </object_component>
      <object_component id="oc-2d6">
         <name>.const:_ZTVN8std_msgs6StringE</name>
         <load_address>0x5ed8</load_address>
         <run_address>0x5ed8</run_address>
         <size>0x18</size>
         <input_file_ref idref="fl-4"/>
      </object_component>
      <object_component id="oc-918">
         <name>.const:.typeinfo:_ZTSN14rosserial_msgs3LogE</name>
         <load_address>0x5ef0</load_address>
         <run_address>0x5ef0</run_address>
         <size>0x17</size>
         <input_file_ref idref="fl-4"/>
      </object_component>
      <object_component id="oc-65f">
         <name>.const:.typeinfo:_ZTSN3ros11Subscriber_E</name>
         <load_address>0x5f07</load_address>
[...]
         <object_component_ref idref="oc-2b0"/>
      </symbol>
      <symbol id="sm-9c6">
         <name>_ctypes_</name>
         <value>0x59e8</value>
         <object_component_ref idref="oc-45c"/>
      </symbol>
      <symbol id="sm-9fc">
         <name>printf</name>
         <value>0x4629</value>
         <object_component_ref idref="oc-27d"/>
      </symbol>
      <symbol id="sm-a23">
         <name>sprintf</name>
         <value>0x4f59</value>
         <object_component_ref idref="oc-264"/>
      </symbol>
      <symbol id="sm-a33">
         <name>strchr</name>
         <value>0x571f</value>
         <object_component_ref idref="oc-2aa"/>
      </symbol>
      <symbol id="sm-a41">
         <name>strlen</name>
         <value>0x5771</value>
         <object_component_ref idref="oc-283"/>
      </symbol>
      <symbol id="sm-a51">
         <name>strncpy</name>
         <value>0x51a9</value>
         <object_component_ref idref="oc-2c1"/>
      </symbol>
      <symbol id="sm-ab1">
         <name>strtold</name>
         <value>0x105d</value>
         <object_component_ref idref="oc-461"/>
      </symbol>
      <symbol id="sm-ab2">
         <name>strtod</name>
         <value>0x105d</value>
         <object_component_ref idref="oc-461"/>
      </symbol>
      <symbol id="sm-ace">
         <name>_ZdlPv</name>
         <value>0x59ad</value>
         <object_component_ref idref="oc-820"/>
      </symbol>
      <symbol id="sm-acf">
         <name>_ZdlPvj</name>
         <value>0x59cf</value>
         <object_component_ref idref="oc-77a"/>
      </symbol>
      <symbol id="sm-af8">
         <name>_ZTSSt9type_info</name>
         <value>0x5fba</value>
         <object_component_ref idref="oc-865"/>
      </symbol>
      <symbol id="sm-af9">
         <name>_ZNSt9type_infoD2Ev</name>
         <value>0xb43</value>
         <object_component_ref idref="oc-819"/>
      </symbol>
      <symbol id="sm-afa">
         <name>_ZNSt9type_infoD1Ev</name>
         <value>0xb43</value>
         <object_component_ref idref="oc-819"/>
      </symbol>
      <symbol id="sm-afb">
         <name>_ZTISt9type_info</name>
         <value>0x6058</value>
         <object_component_ref idref="oc-814"/>
      </symbol>
      <symbol id="sm-b05">
         <name>__abort_execution</name>
         <value>0x59d3</value>
         <object_component_ref idref="oc-75d"/>
      </symbol>
      <symbol id="sm-b2c">
         <name>scalbn</name>
         <value>0x35bd</value>
         <object_component_ref idref="oc-5c4"/>
      </symbol>
      <symbol id="sm-b2d">
         <name>scalbnl</name>
         <value>0x35bd</value>
         <object_component_ref idref="oc-5c4"/>
      </symbol>
      <symbol id="sm-b2e">
         <name>ldexpl</name>
         <value>0x35bd</value>
         <object_component_ref idref="oc-5c4"/>
      </symbol>
      <symbol id="sm-b2f">
         <name>ldexp</name>
         <value>0x35bd</value>
         <object_component_ref idref="oc-5c4"/>
      </symbol>
      <symbol id="sm-b39">
         <name>__aeabi_idiv0</name>
         <value>0x1daf</value>
         <object_component_ref idref="oc-7b2"/>
      </symbol>
      <symbol id="sm-b3a">
         <name>__aeabi_ldiv0</name>
         <value>0x1daf</value>
         <object_component_ref idref="oc-7b2"/>
      </symbol>
      <symbol id="sm-b51">
         <name>__aeabi_dsub</name>
         <value>0x28dd</value>
         <object_component_ref idref="oc-5ba"/>
      </symbol>
      <symbol id="sm-b52">
         <name>__aeabi_dadd</name>
         <value>0x28e7</value>
         <object_component_ref idref="oc-5ba"/>
      </symbol>
      <symbol id="sm-b74">
         <name>__aeabi_cdcmpeq</name>
         <value>0x3fc5</value>
         <object_component_ref idref="oc-54f"/>
      </symbol>
      <symbol id="sm-b75">
         <name>__aeabi_cdcmple</name>
         <value>0x3fc5</value>
         <object_component_ref idref="oc-54f"/>
      </symbol>
      <symbol id="sm-b76">
         <name>__aeabi_cdrcmple</name>
         <value>0x404b</value>
         <object_component_ref idref="oc-6b5"/>
      </symbol>
      <symbol id="sm-b8a">
         <name>__aeabi_ddiv</name>
         <value>0x2ef5</value>
         <object_component_ref idref="oc-5bf"/>
      </symbol>
      <symbol id="sm-b95">
         <name>__aeabi_dmul</name>
         <value>0x36cd</value>
         <object_component_ref idref="oc-5b5"/>
      </symbol>
      <symbol id="sm-ba4">
         <name>__aeabi_memset</name>
         <value>0x41d1</value>
         <object_component_ref idref="oc-9e"/>
      </symbol>
      <symbol id="sm-ba5">
         <name>memset</name>
         <value>0x41d7</value>
         <object_component_ref idref="oc-9e"/>
      </symbol>
      <symbol id="sm-ba6">
         <name>__aeabi_memset8</name>
         <value>0x41d1</value>
         <object_component_ref idref="oc-9e"/>
      </symbol>
      <symbol id="sm-ba7">
         <name>__aeabi_memset4</name>
         <value>0x41d1</value>
         <object_component_ref idref="oc-9e"/>
      </symbol>
      <symbol id="sm-ba8">
         <name>__aeabi_memclr8</name>
         <value>0x41cf</value>
         <object_component_ref idref="oc-9e"/>
      </symbol>
      <symbol id="sm-ba9">
         <name>__aeabi_memclr4</name>
         <value>0x41cf</value>
         <object_component_ref idref="oc-9e"/>
      </symbol>
      <symbol id="sm-baa">
         <name>__aeabi_memclr</name>
         <value>0x41cf</value>
         <object_component_ref idref="oc-9e"/>
      </symbol>
      <symbol id="sm-bd7">
         <name>__TI_auto_init_nobinit</name>
         <value>0x487d</value>
         <object_component_ref idref="oc-1a0"/>
      </symbol>
      <symbol id="sm-be1">
         <name>_system_pre_init</name>
         <value>0x59df</value>
         <object_component_ref idref="oc-a4"/>
      </symbol>
      <symbol id="sm-bf8">
         <name>__aeabi_errno_addr</name>
         <value>0x59b5</value>
         <object_component_ref idref="oc-578"/>
      </symbol>
      <symbol id="sm-bf9">
         <name>errno</name>
         <value>0x20001404</value>
         <object_component_ref idref="oc-6f5"/>
      </symbol>
      <symbol id="sm-d5e">
         <name>__TI_printfi</name>
         <value>0xe5</value>
         <object_component_ref idref="oc-42b"/>
      </symbol>
      <symbol id="sm-d73">
         <name>__TI_tmpnams</name>
         <value>0x20000d44</value>
      </symbol>
      <symbol id="sm-d74">
         <name>__aeabi_stdout</name>
         <value>0x200013d0</value>
         <object_component_ref idref="oc-884"/>
      </symbol>
      <symbol id="sm-d75">
         <name>__aeabi_stderr</name>
         <value>0x200013d4</value>
         <object_component_ref idref="oc-884"/>
      </symbol>
      <symbol id="sm-d76">
         <name>__aeabi_stdin</name>
         <value>0x200013cc</value>
         <object_component_ref idref="oc-884"/>
      </symbol>
      <symbol id="sm-d77">
         <name>_ftable</name>
         <value>0x20001200</value>
         <object_component_ref idref="oc-446"/>
      </symbol>
      <symbol id="sm-d78">
         <name>__TI_ft_end</name>
         <value>0x200013c8</value>
         <object_component_ref idref="oc-884"/>
      </symbol>
      <symbol id="sm-d8d">
         <name>putc</name>
         <value>0x3f39</value>
         <object_component_ref idref="oc-59e"/>
      </symbol>
      <symbol id="sm-d8e">
         <name>fputc</name>
         <value>0x3f39</value>
         <object_component_ref idref="oc-59e"/>
      </symbol>
      <symbol id="sm-dac">
         <name>fputs</name>
         <value>0x3395</value>
         <object_component_ref idref="oc-597"/>
      </symbol>
      <symbol id="sm-dbb">
         <name>ltoa</name>
         <value>0x4b57</value>
         <object_component_ref idref="oc-6bf"/>
      </symbol>
      <symbol id="sm-dcb">
         <name>memccpy</name>
         <value>0x5613</value>
         <object_component_ref idref="oc-56c"/>
      </symbol>
      <symbol id="sm-ddb">
         <name>memchr</name>
         <value>0x559d</value>
         <object_component_ref idref="oc-713"/>
      </symbol>
      <symbol id="sm-e01">
         <name>_stream</name>
         <value>0x20001368</value>
         <object_component_ref idref="oc-7f4"/>
      </symbol>
      <symbol id="sm-e02">
         <name>_device</name>
         <value>0x200012f0</value>
         <object_component_ref idref="oc-84a"/>
      </symbol>
      <symbol id="sm-e03">
         <name>write</name>
         <value>0x54e9</value>
         <object_component_ref idref="oc-71f"/>
      </symbol>
      <symbol id="sm-e1d">
         <name>wcslen</name>
         <value>0x57bb</value>
         <object_component_ref idref="oc-572"/>
      </symbol>
      <symbol id="sm-e27">
         <name>copysign</name>
         <value>0x5749</value>
         <object_component_ref idref="oc-72e"/>
      </symbol>
      <symbol id="sm-e28">
         <name>copysignl</name>
         <value>0x5749</value>
         <object_component_ref idref="oc-72e"/>
      </symbol>
      <symbol id="sm-e3e">
         <name>frexpl</name>
         <value>0x4691</value>
         <object_component_ref idref="oc-6e5"/>
      </symbol>
      <symbol id="sm-e3f">
         <name>frexp</name>
         <value>0x4691</value>
         <object_component_ref idref="oc-6e5"/>
      </symbol>
      <symbol id="sm-e49">
         <name>__aeabi_d2iz</name>
         <value>0x4dc5</value>
         <object_component_ref idref="oc-6ba"/>
      </symbol>
      <symbol id="sm-e53">
         <name>__aeabi_i2d</name>
         <value>0x539d</value>
         <object_component_ref idref="oc-6c5"/>
      </symbol>
      <symbol id="sm-e60">
         <name>__aeabi_uldivmod</name>
         <value>0x3ea3</value>
         <object_component_ref idref="oc-6ae"/>
      </symbol>
      <symbol id="sm-e78">
         <name>__TI_wrt_ok</name>
         <value>0x4759</value>
         <object_component_ref idref="oc-70d"/>
      </symbol>
      <symbol id="sm-e88">
         <name>__TI_doflush</name>
         <value>0x4c9b</value>
         <object_component_ref idref="oc-719"/>
      </symbol>
      <symbol id="sm-e9a">
         <name>fseek</name>
         <value>0x46f5</value>
         <object_component_ref idref="oc-7e2"/>
      </symbol>
      <symbol id="sm-eaa">
         <name>lseek</name>
         <value>0x5499</value>
         <object_component_ref idref="oc-82f"/>
      </symbol>
      <symbol id="sm-ec6">
         <name>setvbuf</name>
         <value>0x39a9</value>
         <object_component_ref idref="oc-7e8"/>
      </symbol>
      <symbol id="sm-ed7">
         <name>HOSTclose</name>
         <value>0x4e0d</value>
         <object_component_ref idref="oc-890"/>
      </symbol>
      <symbol id="sm-ee8">
         <name>HOSTlseek</name>
         <value>0x44f1</value>
         <object_component_ref idref="oc-8a2"/>
      </symbol>
      <symbol id="sm-efa">
         <name>parmbuf</name>
         <value>0x20000df4</value>
      </symbol>
      <symbol id="sm-efb">
         <name>HOSTopen</name>
         <value>0x47bd</value>
         <object_component_ref idref="oc-88a"/>
      </symbol>
      <symbol id="sm-f0c">
         <name>HOSTread</name>
         <value>0x4a51</value>
         <object_component_ref idref="oc-896"/>
      </symbol>
      <symbol id="sm-f1d">
         <name>HOSTrename</name>
         <value>0x4559</value>
         <object_component_ref idref="oc-8ae"/>
      </symbol>
      <symbol id="sm-f2e">
         <name>HOSTunlink</name>
         <value>0x4e51</value>
         <object_component_ref idref="oc-8a8"/>
      </symbol>
      <symbol id="sm-f3f">
         <name>HOSTwrite</name>
         <value>0x4aa9</value>
         <object_component_ref idref="oc-89c"/>
      </symbol>
      <symbol id="sm-f63">
         <name>__TI_readmsg</name>
         <value>0x527d</value>
         <object_component_ref idref="oc-8fc"/>
      </symbol>
      <symbol id="sm-f64">
         <name>C$$IO$$</name>
         <value>0x50f7</value>
         <object_component_ref idref="oc-8f6"/>
      </symbol>
      <symbol id="sm-f65">
         <name>__CIOBUF_</name>
         <value>0x20000c24</value>
         <object_component_ref idref="oc-933"/>
      </symbol>
      <symbol id="sm-f66">
         <name>__TI_writemsg</name>
         <value>0x50c9</value>
         <object_component_ref idref="oc-8f6"/>
      </symbol>
      <symbol id="sm-f76">
         <name>__TI_cleanup</name>
         <value>0x5249</value>
         <object_component_ref idref="oc-837"/>
      </symbol>
      <symbol id="sm-f85">
         <name>strcpy</name>
         <value>0x575d</value>
         <object_component_ref idref="oc-910"/>
      </symbol>
      <symbol id="sm-f9a">
         <name>__TI_closefile</name>
         <value>0x42c1</value>
         <object_component_ref idref="oc-87e"/>
      </symbol>
      <symbol id="sm-fbd">
         <name>finddevice</name>
         <value>0x5311</value>
         <object_component_ref idref="oc-94b"/>
      </symbol>
      <symbol id="sm-fbe">
         <name>getdevice</name>
         <value>0x4e95</value>
         <object_component_ref idref="oc-929"/>
      </symbol>
      <symbol id="sm-fce">
         <name>strcmp</name>
         <value>0x56f1</value>
         <object_component_ref idref="oc-960"/>
      </symbol>
      <symbol id="sm-fde">
         <name>unlink</name>
         <value>0x53cd</value>
         <object_component_ref idref="oc-8eb"/>
      </symbol>
      <symbol id="sm-ff2">
         <name>close</name>
         <value>0x49f5</value>
         <object_component_ref idref="oc-8e5"/>
      </symbol>
      <symbol id="sm-ff3">
         <name>__TI_static_base__</name>
         <value>0x0</value>
      </symbol>
      <symbol id="sm-ff6">
         <name>__mpu_init</name>
         <value>0x0</value>
      </symbol>
      <symbol id="sm-ff7">
         <name>_system_post_cinit</name>
         <value>0x0</value>
      </symbol>
      <symbol id="sm-ff8">
         <name>NMI_Handler</name>
         <value>0x5943</value>
      </symbol>
      <symbol id="sm-ff9">
         <name>HardFault_Handler</name>
         <value>0x5943</value>
      </symbol>
      <symbol id="sm-ffa">
         <name>MemManage_Handler</name>
         <value>0x5943</value>
      </symbol>
      <symbol id="sm-ffb">
         <name>BusFault_Handler</name>
         <value>0x5943</value>
      </symbol>
      <symbol id="sm-ffc">
         <name>UsageFault_Handler</name>
         <value>0x5943</value>
      </symbol>
      <symbol id="sm-ffd">
         <name>SVC_Handler</name>
         <value>0x5943</value>
      </symbol>
      <symbol id="sm-ffe">
         <name>DebugMon_Handler</name>
         <value>0x5943</value>
      </symbol>
      <symbol id="sm-fff">
         <name>PendSV_Handler</name>
         <value>0x5943</value>
      </symbol>
      <symbol id="sm-1000">
         <name>SysTick_Handler</name>
         <value>0x1ec9</value>
      </symbol>
      <symbol id="sm-1001">
         <name>PSS_IRQHandler</name>
         <value>0x5943</value>
      </symbol>
      <symbol id="sm-1002">
         <name>CS_IRQHandler</name>
         <value>0x5943</value>
      </symbol>
      <symbol id="sm-1003">
         <name>PCM_IRQHandler</name>
         <value>0x5943</value>
      </symbol>
      <symbol id="sm-1004">
         <name>WDT_A_IRQHandler</name>
         <value>0x5943</value>
      </symbol>
      <symbol id="sm-1005">
         <name>FPU_IRQHandler</name>
         <value>0x5943</value>
      </symbol>
      <symbol id="sm-1006">
         <name>FLCTL_IRQHandler</name>
         <value>0x5943</value>
      </symbol>
      <symbol id="sm-1007">
         <name>COMP_E0_IRQHandler</name>
         <value>0x5943</value>
      </symbol>
      <symbol id="sm-1008">
         <name>COMP_E1_IRQHandler</name>
         <value>0x5943</value>
      </symbol>
      <symbol id="sm-1009">
         <name>TA0_0_IRQHandler</name>
         <value>0x5943</value>
      </symbol>
      <symbol id="sm-100a">
         <name>TA0_N_IRQHandler</name>
         <value>0x5943</value>
      </symbol>
      <symbol id="sm-100b">
         <name>TA1_0_IRQHandler</name>
         <value>0x5943</value>
      </symbol>
      <symbol id="sm-100c">
         <name>TA1_N_IRQHandler</name>
         <value>0x5943</value>
      </symbol>
      <symbol id="sm-100d">
         <name>TA2_0_IRQHandler</name>
         <value>0x5943</value>
      </symbol>
      <symbol id="sm-100e">
         <name>TA2_N_IRQHandler</name>
         <value>0x5943</value>
      </symbol>
      <symbol id="sm-100f">
         <name>TA3_0_IRQHandler</name>
         <value>0x5943</value>
      </symbol>
      <symbol id="sm-1010">
         <name>TA3_N_IRQHandler</name>
         <value>0x5943</value>
      </symbol>
      <symbol id="sm-1011">
         <name>EUSCIA0_IRQHandler</name>
         <value>0x202d</value>
      </symbol>
      <symbol id="sm-1012">
         <name>EUSCIA1_IRQHandler</name>
         <value>0x5943</value>
      </symbol>
      <symbol id="sm-1013">
         <name>EUSCIA2_IRQHandler</name>
         <value>0x5943</value>
      </symbol>
      <symbol id="sm-1014">
         <name>EUSCIA3_IRQHandler</name>
         <value>0x5943</value>
      </symbol>
      <symbol id="sm-1015">
         <name>EUSCIB0_IRQHandler</name>
         <value>0x5943</value>
      </symbol>
      <symbol id="sm-1016">
         <name>EUSCIB1_IRQHandler</name>
         <value>0x5943</value>
      </symbol>
      <symbol id="sm-1017">
         <name>EUSCIB2_IRQHandler</name>
         <value>0x5943</value>
      </symbol>
      <symbol id="sm-1018">
         <name>EUSCIB3_IRQHandler</name>
         <value>0x5943</value>
      </symbol>
      <symbol id="sm-1019">
         <name>ADC14_IRQHandler</name>
         <value>0x5943</value>
      </symbol>
      <symbol id="sm-101a">
         <name>T32_INT1_IRQHandler</name>
         <value>0x5943</value>
      </symbol>
      <symbol id="sm-101b">
         <name>T32_INT2_IRQHandler</name>
         <value>0x5943</value>
      </symbol>
      <symbol id="sm-101c">
         <name>T32_INTC_IRQHandler</name>
         <value>0x5943</value>
      </symbol>
      <symbol id="sm-101d">
         <name>AES256_IRQHandler</name>
         <value>0x5943</value>
      </symbol>
      <symbol id="sm-101e">
         <name>RTC_C_IRQHandler</name>
         <value>0x5943</value>
      </symbol>
      <symbol id="sm-101f">
         <name>DMA_ERR_IRQHandler</name>
         <value>0x5943</value>
      </symbol>
      <symbol id="sm-1020">
         <name>DMA_INT3_IRQHandler</name>
         <value>0x5943</value>
      </symbol>
      <symbol id="sm-1021">
         <name>DMA_INT2_IRQHandler</name>
         <value>0x5943</value>
      </symbol>
      <symbol id="sm-1022">
         <name>DMA_INT1_IRQHandler</name>
         <value>0x5943</value>
      </symbol>
      <symbol id="sm-1023">
         <name>DMA_INT0_IRQHandler</name>
         <value>0x5943</value>
      </symbol>
      <symbol id="sm-1024">
         <name>PORT1_IRQHandler</name>
         <value>0x5943</value>
      </symbol>
      <symbol id="sm-1025">
         <name>PORT2_IRQHandler</name>
         <value>0x5943</value>
      </symbol>
      <symbol id="sm-1026">
         <name>PORT3_IRQHandler</name>
         <value>0x5943</value>
      </symbol>
      <symbol id="sm-1027">
         <name>PORT4_IRQHandler</name>
         <value>0x5943</value>
      </symbol>
      <symbol id="sm-1028">
         <name>PORT5_IRQHandler</name>
         <value>0x5943</value>
      </symbol>
      <symbol id="sm-1029">
         <name>PORT6_IRQHandler</name>
         <value>0x5943</value>
      </symbol>
      <symbol id="sm-102a">
         <name>_ZSt17__throw_bad_allocv</name>
         <value>0x59e3</value>
      </symbol>
      <symbol id="sm-102b">
         <name>remove</name>
         <value>0x53cd</value>
      </symbol>
   </symbol_table>
   <title>Link successful</title>
</link_info>
