<?xml version="1.0" encoding="ISO-8859-1" ?>
<link_info>
   <banner>TI ARM Linker Unix v18.1.4.LTS</banner>
   <copyright>Copyright (c) 1996-2018 Texas Instruments Incorporated</copyright>
   <link_time>0x5c361ae8</link_time>
   <link_errors>0x0</link_errors>
   <output_file>Joystick.out</output_file>
   <entry_point>
      <name>_c_int00_noargs</name>
      <address>0x4c6d</address>
   </entry_point>
   <input_file_list>
      <input_file id="fl-1">
         <path>./ccs/</path>
         <kind>object</kind>
         <file>startup_msp432p401r_ccs.obj</file>
         <name>startup_msp432p401r_ccs.obj</name>
      </input_file>
      <input_file id="fl-2">
         <path>./ccs/</path>
         <kind>object</kind>
         <file>system_msp432p401r.obj</file>
         <name>system_msp432p401r.obj</name>
      </input_file>
      <input_file id="fl-3">
         <path>./src/</path>
         <kind>object</kind>
         <file>joystick.obj</file>
         <name>joystick.obj</name>
      </input_file>
      <input_file id="fl-4">
         <path>./src/</path>
         <kind>object</kind>
         <file>led.obj</file>
         <name>led.obj</name>
      </input_file>
      <input_file id="fl-a">
         <kind>object</kind>
         <file>&lt;internal&gt;</file>
         <name>&lt;internal&gt;</name>
      </input_file>
      <input_file id="fl-c0">
         <path>/opt/ti/ccsv8/tools/compiler/ti-cgt-arm_18.1.4.LTS/lib/</path>
         <kind>archive</kind>
         <file>rtsv7M4_T_le_v4SPD16_eabi.lib</file>
         <name>pure_virt.c.obj</name>
      </input_file>
      <input_file id="fl-c1">
         <path>/opt/ti/ccsv8/tools/compiler/ti-cgt-arm_18.1.4.LTS/lib/</path>
         <kind>archive</kind>
         <file>rtsv7M4_T_le_v4SPD16_eabi.lib</file>
         <name>typeinfo.c.obj</name>
      </input_file>
      <input_file id="fl-c2">
         <path>/opt/ti/ccsv8/tools/compiler/ti-cgt-arm_18.1.4.LTS/lib/</path>
         <kind>archive</kind>
         <file>rtsv7M4_T_le_v4SPD16_eabi.lib</file>
         <name>fs_tod_t2.asm.obj</name>
      </input_file>
      <input_file id="fl-c3">
         <path>/opt/ti/ccsv8/tools/compiler/ti-cgt-arm_18.1.4.LTS/lib/</path>
         <kind>archive</kind>
         <file>rtsv7M4_T_le_v4SPD16_eabi.lib</file>
         <name>memcpy_t2.asm.obj</name>
      </input_file>
      <input_file id="fl-c4">
         <path>/opt/ti/ccsv8/tools/compiler/ti-cgt-arm_18.1.4.LTS/lib/</path>
         <kind>archive</kind>
         <file>rtsv7M4_T_le_v4SPD16_eabi.lib</file>
         <name>copy_zero_init.c.obj</name>
      </input_file>
      <input_file id="fl-c5">
         <path>/opt/ti/ccsv8/tools/compiler/ti-cgt-arm_18.1.4.LTS/lib/</path>
         <kind>archive</kind>
         <file>rtsv7M4_T_le_v4SPD16_eabi.lib</file>
         <name>copy_decompress_none.c.obj</name>
      </input_file>
      <input_file id="fl-c6">
         <path>/opt/ti/ccsv8/tools/compiler/ti-cgt-arm_18.1.4.LTS/lib/</path>
         <kind>archive</kind>
         <file>rtsv7M4_T_le_v4SPD16_eabi.lib</file>
         <name>copy_decompress_lzss.c.obj</name>
      </input_file>
      <input_file id="fl-c7">
         <path>/opt/ti/ccsv8/tools/compiler/ti-cgt-arm_18.1.4.LTS/lib/</path>
         <kind>archive</kind>
         <file>rtsv7M4_T_le_v4SPD16_eabi.lib</file>
         <name>boot_cortex_m.c.obj</name>
      </input_file>
      <input_file id="fl-c8">
         <path>/opt/ti/ccsv8/tools/compiler/ti-cgt-arm_18.1.4.LTS/lib/</path>
         <kind>archive</kind>
         <file>rtsv7M4_T_le_v4SPD16_eabi.lib</file>
         <name>exit.c.obj</name>
      </input_file>
      <input_file id="fl-c9">
         <path>/opt/ti/ccsv8/tools/compiler/ti-cgt-arm_18.1.4.LTS/lib/</path>
         <kind>archive</kind>
         <file>rtsv7M4_T_le_v4SPD16_eabi.lib</file>
         <name>memory.c.obj</name>
      </input_file>
      <input_file id="fl-ca">
         <path>/opt/ti/ccsv8/tools/compiler/ti-cgt-arm_18.1.4.LTS/lib/</path>
         <kind>archive</kind>
         <file>rtsv7M4_T_le_v4SPD16_eabi.lib</file>
         <name>_lock.c.obj</name>
      </input_file>
      <input_file id="fl-cb">
         <path>/opt/ti/ccsv8/tools/compiler/ti-cgt-arm_18.1.4.LTS/lib/</path>
         <kind>archive</kind>
         <file>rtsv7M4_T_le_v4SPD16_eabi.lib</file>
         <name>args_main.c.obj</name>
      </input_file>
      <input_file id="fl-cc">
         <path>/opt/ti/ccsv8/tools/compiler/ti-cgt-arm_18.1.4.LTS/lib/</path>
         <kind>archive</kind>
         <file>rtsv7M4_T_le_v4SPD16_eabi.lib</file>
         <name>printf.c.obj</name>
      </input_file>
      <input_file id="fl-cd">
         <path>/opt/ti/ccsv8/tools/compiler/ti-cgt-arm_18.1.4.LTS/lib/</path>
         <kind>archive</kind>
         <file>rtsv7M4_T_le_v4SPD16_eabi.lib</file>
         <name>strlen.c.obj</name>
      </input_file>
      <input_file id="fl-ce">
         <path>/opt/ti/ccsv8/tools/compiler/ti-cgt-arm_18.1.4.LTS/lib/</path>
         <kind>archive</kind>
         <file>rtsv7M4_T_le_v4SPD16_eabi.lib</file>
         <name>new.cpp.obj</name>
      </input_file>
      <input_file id="fl-cf">
         <path>/opt/ti/ccsv8/tools/compiler/ti-cgt-arm_18.1.4.LTS/lib/</path>
         <kind>archive</kind>
         <file>rtsv7M4_T_le_v4SPD16_eabi.lib</file>
         <name>stdlib_typeinfo.cpp.obj</name>
      </input_file>
      <input_file id="fl-d0">
         <path>/opt/ti/ccsv8/tools/compiler/ti-cgt-arm_18.1.4.LTS/lib/</path>
         <kind>archive</kind>
         <file>rtsv7M4_T_le_v4SPD16_eabi.lib</file>
         <name>error.c.obj</name>
      </input_file>
      <input_file id="fl-d1">
         <path>/opt/ti/ccsv8/tools/compiler/ti-cgt-arm_18.1.4.LTS/lib/</path>
         <kind>archive</kind>
         <file>rtsv7M4_T_le_v4SPD16_eabi.lib</file>
         <name>memset_t2.asm.obj</name>
      </input_file>
      <input_file id="fl-d2">
         <path>/opt/ti/ccsv8/tools/compiler/ti-cgt-arm_18.1.4.LTS/lib/</path>
         <kind>archive</kind>
         <file>rtsv7M4_T_le_v4SPD16_eabi.lib</file>
         <name>autoinit.c.obj</name>
      </input_file>
      <input_file id="fl-d3">
         <path>/opt/ti/ccsv8/tools/compiler/ti-cgt-arm_18.1.4.LTS/lib/</path>
         <kind>archive</kind>
         <file>rtsv7M4_T_le_v4SPD16_eabi.lib</file>
         <name>pre_init.c.obj</name>
      </input_file>
      <input_file id="fl-d4">
         <path>/opt/ti/ccsv8/tools/compiler/ti-cgt-arm_18.1.4.LTS/lib/</path>
         <kind>archive</kind>
         <file>rtsv7M4_T_le_v4SPD16_eabi.lib</file>
         <name>cpy_tbl.c.obj</name>
      </input_file>
      <input_file id="fl-d5">
         <path>/opt/ti/ccsv8/tools/compiler/ti-cgt-arm_18.1.4.LTS/lib/</path>
         <kind>archive</kind>
         <file>rtsv7M4_T_le_v4SPD16_eabi.lib</file>
         <name>_printfi.c.obj</name>
      </input_file>
      <input_file id="fl-d6">
         <path>/opt/ti/ccsv8/tools/compiler/ti-cgt-arm_18.1.4.LTS/lib/</path>
         <kind>archive</kind>
         <file>rtsv7M4_T_le_v4SPD16_eabi.lib</file>
         <name>atoi.c.obj</name>
      </input_file>
      <input_file id="fl-d7">
         <path>/opt/ti/ccsv8/tools/compiler/ti-cgt-arm_18.1.4.LTS/lib/</path>
         <kind>archive</kind>
         <file>rtsv7M4_T_le_v4SPD16_eabi.lib</file>
         <name>ctype.c.obj</name>
      </input_file>
      <input_file id="fl-d8">
         <path>/opt/ti/ccsv8/tools/compiler/ti-cgt-arm_18.1.4.LTS/lib/</path>
         <kind>archive</kind>
         <file>rtsv7M4_T_le_v4SPD16_eabi.lib</file>
         <name>defs.c.obj</name>
      </input_file>
      <input_file id="fl-d9">
         <path>/opt/ti/ccsv8/tools/compiler/ti-cgt-arm_18.1.4.LTS/lib/</path>
         <kind>archive</kind>
         <file>rtsv7M4_T_le_v4SPD16_eabi.lib</file>
         <name>fputc.c.obj</name>
      </input_file>
      <input_file id="fl-da">
         <path>/opt/ti/ccsv8/tools/compiler/ti-cgt-arm_18.1.4.LTS/lib/</path>
         <kind>archive</kind>
         <file>rtsv7M4_T_le_v4SPD16_eabi.lib</file>
         <name>fputs.c.obj</name>
      </input_file>
      <input_file id="fl-db">
         <path>/opt/ti/ccsv8/tools/compiler/ti-cgt-arm_18.1.4.LTS/lib/</path>
         <kind>archive</kind>
         <file>rtsv7M4_T_le_v4SPD16_eabi.lib</file>
         <name>ltoa.c.obj</name>
      </input_file>
      <input_file id="fl-dc">
         <path>/opt/ti/ccsv8/tools/compiler/ti-cgt-arm_18.1.4.LTS/lib/</path>
         <kind>archive</kind>
         <file>rtsv7M4_T_le_v4SPD16_eabi.lib</file>
         <name>memccpy.c.obj</name>
      </input_file>
      <input_file id="fl-dd">
         <path>/opt/ti/ccsv8/tools/compiler/ti-cgt-arm_18.1.4.LTS/lib/</path>
         <kind>archive</kind>
         <file>rtsv7M4_T_le_v4SPD16_eabi.lib</file>
         <name>memchr.c.obj</name>
      </input_file>
      <input_file id="fl-de">
         <path>/opt/ti/ccsv8/tools/compiler/ti-cgt-arm_18.1.4.LTS/lib/</path>
         <kind>archive</kind>
         <file>rtsv7M4_T_le_v4SPD16_eabi.lib</file>
         <name>strchr.c.obj</name>
      </input_file>
      <input_file id="fl-df">
         <path>/opt/ti/ccsv8/tools/compiler/ti-cgt-arm_18.1.4.LTS/lib/</path>
         <kind>archive</kind>
         <file>rtsv7M4_T_le_v4SPD16_eabi.lib</file>
         <name>write.c.obj</name>
      </input_file>
      <input_file id="fl-e0">
         <path>/opt/ti/ccsv8/tools/compiler/ti-cgt-arm_18.1.4.LTS/lib/</path>
         <kind>archive</kind>
         <file>rtsv7M4_T_le_v4SPD16_eabi.lib</file>
         <name>stdlib_exception.cpp.obj</name>
      </input_file>
      <input_file id="fl-e1">
         <path>/opt/ti/ccsv8/tools/compiler/ti-cgt-arm_18.1.4.LTS/lib/</path>
         <kind>archive</kind>
         <file>rtsv7M4_T_le_v4SPD16_eabi.lib</file>
         <name>wcslen.c.obj</name>
      </input_file>
      <input_file id="fl-e2">
         <path>/opt/ti/ccsv8/tools/compiler/ti-cgt-arm_18.1.4.LTS/lib/</path>
         <kind>archive</kind>
         <file>rtsv7M4_T_le_v4SPD16_eabi.lib</file>
         <name>s_frexp.c.obj</name>
      </input_file>
      <input_file id="fl-e3">
         <path>/opt/ti/ccsv8/tools/compiler/ti-cgt-arm_18.1.4.LTS/lib/</path>
         <kind>archive</kind>
         <file>rtsv7M4_T_le_v4SPD16_eabi.lib</file>
         <name>s_scalbn.c.obj</name>
      </input_file>
      <input_file id="fl-e4">
         <path>/opt/ti/ccsv8/tools/compiler/ti-cgt-arm_18.1.4.LTS/lib/</path>
         <kind>archive</kind>
         <file>rtsv7M4_T_le_v4SPD16_eabi.lib</file>
         <name>fd_add_t2.asm.obj</name>
      </input_file>
      <input_file id="fl-e5">
         <path>/opt/ti/ccsv8/tools/compiler/ti-cgt-arm_18.1.4.LTS/lib/</path>
         <kind>archive</kind>
         <file>rtsv7M4_T_le_v4SPD16_eabi.lib</file>
         <name>fd_cmp_t2.asm.obj</name>
      </input_file>
      <input_file id="fl-e6">
         <path>/opt/ti/ccsv8/tools/compiler/ti-cgt-arm_18.1.4.LTS/lib/</path>
         <kind>archive</kind>
         <file>rtsv7M4_T_le_v4SPD16_eabi.lib</file>
         <name>fd_div_t2.asm.obj</name>
      </input_file>
      <input_file id="fl-e7">
         <path>/opt/ti/ccsv8/tools/compiler/ti-cgt-arm_18.1.4.LTS/lib/</path>
         <kind>archive</kind>
         <file>rtsv7M4_T_le_v4SPD16_eabi.lib</file>
         <name>fd_mul_t2.asm.obj</name>
      </input_file>
      <input_file id="fl-e8">
         <path>/opt/ti/ccsv8/tools/compiler/ti-cgt-arm_18.1.4.LTS/lib/</path>
         <kind>archive</kind>
         <file>rtsv7M4_T_le_v4SPD16_eabi.lib</file>
         <name>fd_toi_t2.asm.obj</name>
      </input_file>
      <input_file id="fl-e9">
         <path>/opt/ti/ccsv8/tools/compiler/ti-cgt-arm_18.1.4.LTS/lib/</path>
         <kind>archive</kind>
         <file>rtsv7M4_T_le_v4SPD16_eabi.lib</file>
         <name>i_tofd_t2.asm.obj</name>
      </input_file>
      <input_file id="fl-ea">
         <path>/opt/ti/ccsv8/tools/compiler/ti-cgt-arm_18.1.4.LTS/lib/</path>
         <kind>archive</kind>
         <file>rtsv7M4_T_le_v4SPD16_eabi.lib</file>
         <name>ull_div_t2.asm.obj</name>
      </input_file>
      <input_file id="fl-eb">
         <path>/opt/ti/ccsv8/tools/compiler/ti-cgt-arm_18.1.4.LTS/lib/</path>
         <kind>archive</kind>
         <file>rtsv7M4_T_le_v4SPD16_eabi.lib</file>
         <name>errno.c.obj</name>
      </input_file>
      <input_file id="fl-ec">
         <path>/opt/ti/ccsv8/tools/compiler/ti-cgt-arm_18.1.4.LTS/lib/</path>
         <kind>archive</kind>
         <file>rtsv7M4_T_le_v4SPD16_eabi.lib</file>
         <name>_io_perm.c.obj</name>
      </input_file>
      <input_file id="fl-ed">
         <path>/opt/ti/ccsv8/tools/compiler/ti-cgt-arm_18.1.4.LTS/lib/</path>
         <kind>archive</kind>
         <file>rtsv7M4_T_le_v4SPD16_eabi.lib</file>
         <name>fflush.c.obj</name>
      </input_file>
      <input_file id="fl-ee">
         <path>/opt/ti/ccsv8/tools/compiler/ti-cgt-arm_18.1.4.LTS/lib/</path>
         <kind>archive</kind>
         <file>rtsv7M4_T_le_v4SPD16_eabi.lib</file>
         <name>fseek.c.obj</name>
      </input_file>
      <input_file id="fl-ef">
         <path>/opt/ti/ccsv8/tools/compiler/ti-cgt-arm_18.1.4.LTS/lib/</path>
         <kind>archive</kind>
         <file>rtsv7M4_T_le_v4SPD16_eabi.lib</file>
         <name>lseek.c.obj</name>
      </input_file>
      <input_file id="fl-f0">
         <path>/opt/ti/ccsv8/tools/compiler/ti-cgt-arm_18.1.4.LTS/lib/</path>
         <kind>archive</kind>
         <file>rtsv7M4_T_le_v4SPD16_eabi.lib</file>
         <name>setvbuf.c.obj</name>
      </input_file>
      <input_file id="fl-f1">
         <path>/opt/ti/ccsv8/tools/compiler/ti-cgt-arm_18.1.4.LTS/lib/</path>
         <kind>archive</kind>
         <file>rtsv7M4_T_le_v4SPD16_eabi.lib</file>
         <name>hostclose.c.obj</name>
      </input_file>
      <input_file id="fl-f2">
         <path>/opt/ti/ccsv8/tools/compiler/ti-cgt-arm_18.1.4.LTS/lib/</path>
         <kind>archive</kind>
         <file>rtsv7M4_T_le_v4SPD16_eabi.lib</file>
         <name>hostlseek.c.obj</name>
      </input_file>
      <input_file id="fl-f3">
         <path>/opt/ti/ccsv8/tools/compiler/ti-cgt-arm_18.1.4.LTS/lib/</path>
         <kind>archive</kind>
         <file>rtsv7M4_T_le_v4SPD16_eabi.lib</file>
         <name>hostopen.c.obj</name>
      </input_file>
      <input_file id="fl-f4">
         <path>/opt/ti/ccsv8/tools/compiler/ti-cgt-arm_18.1.4.LTS/lib/</path>
         <kind>archive</kind>
         <file>rtsv7M4_T_le_v4SPD16_eabi.lib</file>
         <name>hostread.c.obj</name>
      </input_file>
      <input_file id="fl-f5">
         <path>/opt/ti/ccsv8/tools/compiler/ti-cgt-arm_18.1.4.LTS/lib/</path>
         <kind>archive</kind>
         <file>rtsv7M4_T_le_v4SPD16_eabi.lib</file>
         <name>hostrename.c.obj</name>
      </input_file>
      <input_file id="fl-f6">
         <path>/opt/ti/ccsv8/tools/compiler/ti-cgt-arm_18.1.4.LTS/lib/</path>
         <kind>archive</kind>
         <file>rtsv7M4_T_le_v4SPD16_eabi.lib</file>
         <name>hostunlink.c.obj</name>
      </input_file>
      <input_file id="fl-f7">
         <path>/opt/ti/ccsv8/tools/compiler/ti-cgt-arm_18.1.4.LTS/lib/</path>
         <kind>archive</kind>
         <file>rtsv7M4_T_le_v4SPD16_eabi.lib</file>
         <name>hostwrite.c.obj</name>
      </input_file>
      <input_file id="fl-f8">
         <path>/opt/ti/ccsv8/tools/compiler/ti-cgt-arm_18.1.4.LTS/lib/</path>
         <kind>archive</kind>
         <file>rtsv7M4_T_le_v4SPD16_eabi.lib</file>
         <name>trgmsg.c.obj</name>
      </input_file>
      <input_file id="fl-f9">
         <path>/opt/ti/ccsv8/tools/compiler/ti-cgt-arm_18.1.4.LTS/lib/</path>
         <kind>archive</kind>
         <file>rtsv7M4_T_le_v4SPD16_eabi.lib</file>
         <name>s_copysign.c.obj</name>
      </input_file>
      <input_file id="fl-fa">
         <path>/opt/ti/ccsv8/tools/compiler/ti-cgt-arm_18.1.4.LTS/lib/</path>
         <kind>archive</kind>
         <file>rtsv7M4_T_le_v4SPD16_eabi.lib</file>
         <name>div0.asm.obj</name>
      </input_file>
      <input_file id="fl-fb">
         <path>/opt/ti/ccsv8/tools/compiler/ti-cgt-arm_18.1.4.LTS/lib/</path>
         <kind>archive</kind>
         <file>rtsv7M4_T_le_v4SPD16_eabi.lib</file>
         <name>fopen.c.obj</name>
      </input_file>
      <input_file id="fl-fc">
         <path>/opt/ti/ccsv8/tools/compiler/ti-cgt-arm_18.1.4.LTS/lib/</path>
         <kind>archive</kind>
         <file>rtsv7M4_T_le_v4SPD16_eabi.lib</file>
         <name>open.c.obj</name>
      </input_file>
      <input_file id="fl-fd">
         <path>/opt/ti/ccsv8/tools/compiler/ti-cgt-arm_18.1.4.LTS/lib/</path>
         <kind>archive</kind>
         <file>rtsv7M4_T_le_v4SPD16_eabi.lib</file>
         <name>strcpy.c.obj</name>
      </input_file>
      <input_file id="fl-fe">
         <path>/opt/ti/ccsv8/tools/compiler/ti-cgt-arm_18.1.4.LTS/lib/</path>
         <kind>archive</kind>
         <file>rtsv7M4_T_le_v4SPD16_eabi.lib</file>
         <name>fclose.c.obj</name>
      </input_file>
      <input_file id="fl-ff">
         <path>/opt/ti/ccsv8/tools/compiler/ti-cgt-arm_18.1.4.LTS/lib/</path>
         <kind>archive</kind>
         <file>rtsv7M4_T_le_v4SPD16_eabi.lib</file>
         <name>getdevice.c.obj</name>
      </input_file>
      <input_file id="fl-100">
         <path>/opt/ti/ccsv8/tools/compiler/ti-cgt-arm_18.1.4.LTS/lib/</path>
         <kind>archive</kind>
         <file>rtsv7M4_T_le_v4SPD16_eabi.lib</file>
         <name>remove.c.obj</name>
      </input_file>
      <input_file id="fl-101">
         <path>/opt/ti/ccsv8/tools/compiler/ti-cgt-arm_18.1.4.LTS/lib/</path>
         <kind>archive</kind>
         <file>rtsv7M4_T_le_v4SPD16_eabi.lib</file>
         <name>strcmp.c.obj</name>
      </input_file>
      <input_file id="fl-102">
         <path>/opt/ti/ccsv8/tools/compiler/ti-cgt-arm_18.1.4.LTS/lib/</path>
         <kind>archive</kind>
         <file>rtsv7M4_T_le_v4SPD16_eabi.lib</file>
         <name>strncpy.c.obj</name>
      </input_file>
      <input_file id="fl-103">
         <path>/opt/ti/ccsv8/tools/compiler/ti-cgt-arm_18.1.4.LTS/lib/</path>
         <kind>archive</kind>
         <file>rtsv7M4_T_le_v4SPD16_eabi.lib</file>
         <name>unlink.c.obj</name>
      </input_file>
      <input_file id="fl-104">
         <path>/opt/ti/ccsv8/tools/compiler/ti-cgt-arm_18.1.4.LTS/lib/</path>
         <kind>archive</kind>
         <file>rtsv7M4_T_le_v4SPD16_eabi.lib</file>
         <name>close.c.obj</name>
      </input_file>
      <input_file id="fl-105">
         <path>/home/pops/MicroControllers/ROS_MSP432_Red/RosMspHwdLib/Debug/</path>
         <kind>archive</kind>
         <file>RosMspHwdLib.lib</file>
         <name>clocks.obj</name>
      </input_file>
      <input_file id="fl-106">
         <path>/home/pops/MicroControllers/ROS_MSP432_Red/RosMspHwdLib/Debug/</path>
         <kind>archive</kind>
         <file>RosMspHwdLib.lib</file>
         <name>my_uart.obj</name>
      </input_file>
      <input_file id="fl-107">
         <path>/home/pops/MicroControllers/ROS_MSP432_Red/RosMspHwdLib/Debug/</path>
         <kind>archive</kind>
         <file>RosMspHwdLib.lib</file>
         <name>time.obj</name>
      </input_file>
      <input_file id="fl-108">
         <path>/home/pops/ti/simplelink_msp432p4_sdk_2_20_00_12/source/ti/devices/msp432p4xx/driverlib/ccs/</path>
         <kind>archive</kind>
         <file>msp432p4xx_driverlib.lib</file>
         <name>cpu.o</name>
      </input_file>
      <input_file id="fl-109">
         <path>/home/pops/ti/simplelink_msp432p4_sdk_2_20_00_12/source/ti/devices/msp432p4xx/driverlib/ccs/</path>
         <kind>archive</kind>
         <file>msp432p4xx_driverlib.lib</file>
         <name>interrupt.o</name>
      </input_file>
      <input_file id="fl-10a">
         <path>/home/pops/ti/simplelink_msp432p4_sdk_2_20_00_12/source/ti/devices/msp432p4xx/driverlib/ccs/</path>
         <kind>archive</kind>
         <file>msp432p4xx_driverlib.lib</file>
         <name>timer32.o</name>
      </input_file>
      <input_file id="fl-10b">
         <path>/opt/ti/ccsv8/tools/compiler/ti-cgt-arm_18.1.4.LTS/lib/</path>
         <kind>archive</kind>
         <file>rtsv7M4_T_le_v4SPD16_eabi.lib</file>
         <name>i_divt2.asm.obj</name>
      </input_file>
   </input_file_list>
   <object_component_list>
      <object_component id="oc-23">
         <name>.intvecs:retain</name>
         <load_address>0x0</load_address>
         <run_address>0x0</run_address>
         <size>0xe4</size>
         <input_file_ref idref="fl-1"/>
      </object_component>
      <object_component id="oc-1f1">
         <name>.text:__TI_printfi</name>
         <load_address>0xe4</load_address>
         <run_address>0xe4</run_address>
         <size>0xa5e</size>
         <input_file_ref idref="fl-d5"/>
      </object_component>
      <object_component id="oc-832">
         <name>.text:_ZNSt9type_infoD1Ev</name>
         <load_address>0xb42</load_address>
         <run_address>0xb42</run_address>
         <size>0x2</size>
         <input_file_ref idref="fl-cf"/>
      </object_component>
      <object_component id="oc-b6">
         <name>.text</name>
         <load_address>0xb44</load_address>
         <run_address>0xb44</run_address>
         <size>0x32c</size>
         <input_file_ref idref="fl-2"/>
      </object_component>
      <object_component id="oc-116">
         <name>.text:_ZN3ros11NodeHandle_I15Msp432CHardwareLi25ELi25ELi512ELi512EE8spinOnceEv</name>
         <load_address>0xe70</load_address>
         <run_address>0xe70</run_address>
         <size>0x326</size>
         <input_file_ref idref="fl-3"/>
      </object_component>
      <object_component id="oc-233">
         <name>.text:_ZN14rosserial_msgs20RequestParamResponse11deserializeEPh</name>
         <load_address>0x1196</load_address>
         <run_address>0x1196</run_address>
         <size>0x298</size>
         <input_file_ref idref="fl-3"/>
      </object_component>
      <object_component id="oc-3a3">
         <name>.text:_nop</name>
         <load_address>0x142e</load_address>
         <run_address>0x142e</run_address>
         <size>0x2</size>
         <input_file_ref idref="fl-ca"/>
      </object_component>
      <object_component id="oc-6e">
         <name>.text</name>
         <load_address>0x1430</load_address>
         <run_address>0x1430</run_address>
         <size>0x27c</size>
         <input_file_ref idref="fl-105"/>
      </object_component>
      <object_component id="oc-74">
         <name>.text</name>
         <load_address>0x16ac</load_address>
         <run_address>0x16ac</run_address>
         <size>0x27c</size>
         <input_file_ref idref="fl-106"/>
      </object_component>
      <object_component id="oc-37f">
         <name>.text:_pconv_a</name>
         <load_address>0x1928</load_address>
         <run_address>0x1928</run_address>
         <size>0x270</size>
         <input_file_ref idref="fl-d5"/>
      </object_component>
      <object_component id="oc-5a8">
         <name>.text:_ZNK14rosserial_msgs20RequestParamResponse9serializeEPh</name>
         <load_address>0x1b98</load_address>
         <run_address>0x1b98</run_address>
         <size>0x1f2</size>
         <input_file_ref idref="fl-3"/>
      </object_component>
      <object_component id="oc-629">
         <name>.text</name>
         <load_address>0x1d8a</load_address>
         <run_address>0x1d8a</run_address>
         <size>0x2</size>
         <input_file_ref idref="fl-fa"/>
      </object_component>
      <object_component id="oc-36d">
         <name>.text:_pconv_g</name>
         <load_address>0x1d8c</load_address>
         <run_address>0x1d8c</run_address>
         <size>0x1d0</size>
         <input_file_ref idref="fl-d5"/>
      </object_component>
      <object_component id="oc-5f5">
         <name>.text:_ZN11sensor_msgs3Joy11deserializeEPh</name>
         <load_address>0x1f5c</load_address>
         <run_address>0x1f5c</run_address>
         <size>0x1cc</size>
         <input_file_ref idref="fl-3"/>
      </object_component>
      <object_component id="oc-4c8">
         <name>.text</name>
         <load_address>0x2128</load_address>
         <run_address>0x2128</run_address>
         <size>0x1b6</size>
         <input_file_ref idref="fl-e4"/>
      </object_component>
      <object_component id="oc-225">
         <name>.text:_ZN3ros11NodeHandle_I15Msp432CHardwareLi25ELi25ELi512ELi512EE15negotiateTopicsEv</name>
         <load_address>0x22de</load_address>
         <run_address>0x22de</run_address>
         <size>0x196</size>
         <input_file_ref idref="fl-3"/>
      </object_component>
      <object_component id="oc-69f">
         <name>.text:_ZN14rosserial_msgs9TopicInfo11deserializeEPh</name>
         <load_address>0x2474</load_address>
         <run_address>0x2474</run_address>
         <size>0x190</size>
         <input_file_ref idref="fl-3"/>
      </object_component>
      <object_component id="oc-5ee">
         <name>.text:_ZNK11sensor_msgs3Joy9serializeEPh</name>
         <load_address>0x2604</load_address>
         <run_address>0x2604</run_address>
         <size>0x16c</size>
         <input_file_ref idref="fl-3"/>
      </object_component>
      <object_component id="oc-70b">
         <name>.text:_ZN8std_msgs6Header11deserializeEPh</name>
         <load_address>0x2770</load_address>
         <run_address>0x2770</run_address>
         <size>0x140</size>
         <input_file_ref idref="fl-3"/>
      </object_component>
      <object_component id="oc-379">
         <name>.text:_pconv_e</name>
         <load_address>0x28b0</load_address>
         <run_address>0x28b0</run_address>
         <size>0x13c</size>
         <input_file_ref idref="fl-d5"/>
      </object_component>
      <object_component id="oc-4ae">
         <name>.text</name>
         <load_address>0x29ec</load_address>
         <run_address>0x29ec</run_address>
         <size>0x136</size>
         <input_file_ref idref="fl-e6"/>
      </object_component>
      <object_component id="oc-434">
         <name>.text:_ZN3ros11NodeHandle_I15Msp432CHardwareLi25ELi25ELi512ELi512EE7publishEiPKNS_3MsgE</name>
         <load_address>0x2b24</load_address>
         <run_address>0x2b24</run_address>
         <size>0x12c</size>
         <input_file_ref idref="fl-3"/>
      </object_component>
      <object_component id="oc-4da">
         <name>.text:fcvt</name>
         <load_address>0x2c50</load_address>
         <run_address>0x2c50</run_address>
         <size>0x124</size>
         <input_file_ref idref="fl-d5"/>
      </object_component>
      <object_component id="oc-698">
         <name>.text:_ZNK14rosserial_msgs9TopicInfo9serializeEPh</name>
         <load_address>0x2d74</load_address>
         <run_address>0x2d74</run_address>
         <size>0x116</size>
         <input_file_ref idref="fl-3"/>
      </object_component>
      <object_component id="oc-704">
         <name>.text:_ZNK8std_msgs6Header9serializeEPh</name>
         <load_address>0x2e8a</load_address>
         <run_address>0x2e8a</run_address>
         <size>0x114</size>
         <input_file_ref idref="fl-3"/>
      </object_component>
      <object_component id="oc-3b1">
         <name>.text:fputs</name>
         <load_address>0x2fa0</load_address>
         <run_address>0x2fa0</run_address>
         <size>0x114</size>
         <input_file_ref idref="fl-da"/>
      </object_component>
      <object_component id="oc-7d">
         <name>.text</name>
         <load_address>0x30b4</load_address>
         <run_address>0x30b4</run_address>
         <size>0x114</size>
         <input_file_ref idref="fl-3"/>
      </object_component>
      <object_component id="oc-3ee">
         <name>.text:realloc</name>
         <load_address>0x31c8</load_address>
         <run_address>0x31c8</run_address>
         <size>0x114</size>
         <input_file_ref idref="fl-c9"/>
      </object_component>
      <object_component id="oc-4ee">
         <name>.text:scalbn</name>
         <load_address>0x32dc</load_address>
         <run_address>0x32dc</run_address>
         <size>0x110</size>
         <input_file_ref idref="fl-e3"/>
      </object_component>
      <object_component id="oc-4a9">
         <name>.text</name>
         <load_address>0x33ec</load_address>
         <run_address>0x33ec</run_address>
         <size>0xfc</size>
         <input_file_ref idref="fl-e7"/>
      </object_component>
      <object_component id="oc-132">
         <name>.text:_ZN3ros11NodeHandle_I15Msp432CHardwareLi25ELi25ELi512ELi512EEC1Ev</name>
         <load_address>0x34e8</load_address>
         <run_address>0x34e8</run_address>
         <size>0xec</size>
         <input_file_ref idref="fl-3"/>
      </object_component>
      <object_component id="oc-664">
         <name>.text:setvbuf</name>
         <load_address>0x35d4</load_address>
         <run_address>0x35d4</run_address>
         <size>0xdc</size>
         <input_file_ref idref="fl-f0"/>
      </object_component>
      <object_component id="oc-55d">
         <name>.text:free</name>
         <load_address>0x36b0</load_address>
         <run_address>0x36b0</run_address>
         <size>0xd8</size>
         <input_file_ref idref="fl-c9"/>
      </object_component>
      <object_component id="oc-551">
         <name>.text</name>
         <load_address>0x3788</load_address>
         <run_address>0x3788</run_address>
         <size>0xc0</size>
         <input_file_ref idref="fl-107"/>
      </object_component>
      <object_component id="oc-362">
         <name>.text:_ltostr</name>
         <load_address>0x3848</load_address>
         <run_address>0x3848</run_address>
         <size>0xb1</size>
         <input_file_ref idref="fl-d5"/>
      </object_component>
      <object_component id="oc-3e0">
         <name>.text:_ZN8std_msgs4Time11deserializeEPh</name>
         <load_address>0x38fa</load_address>
         <run_address>0x38fa</run_address>
         <size>0x9e</size>
         <input_file_ref idref="fl-3"/>
      </object_component>
      <object_component id="oc-38">
         <name>.text</name>
         <load_address>0x3998</load_address>
         <run_address>0x3998</run_address>
         <size>0x9c</size>
         <input_file_ref idref="fl-c3"/>
      </object_component>
      <object_component id="oc-67e">
         <name>.text:_ZNK8std_msgs4Time9serializeEPh</name>
         <load_address>0x3a34</load_address>
         <run_address>0x3a34</run_address>
         <size>0x9a</size>
         <input_file_ref idref="fl-3"/>
      </object_component>
      <object_component id="oc-4a2">
         <name>.text</name>
         <load_address>0x3ace</load_address>
         <run_address>0x3ace</run_address>
         <size>0x96</size>
         <input_file_ref idref="fl-ea"/>
      </object_component>
      <object_component id="oc-3b8">
         <name>.text:fputc</name>
         <load_address>0x3b64</load_address>
         <run_address>0x3b64</run_address>
         <size>0x8c</size>
         <input_file_ref idref="fl-d9"/>
      </object_component>
      <object_component id="oc-368">
         <name>.text:__aeabi_cdcmple</name>
         <load_address>0x3bf0</load_address>
         <run_address>0x3bf0</run_address>
         <size>0x86</size>
         <input_file_ref idref="fl-e5"/>
      </object_component>
      <object_component id="oc-4b3">
         <name>.text:__aeabi_cdrcmple</name>
         <load_address>0x3c76</load_address>
         <run_address>0x3c76</run_address>
         <size>0x86</size>
         <input_file_ref idref="fl-e5"/>
      </object_component>
      <object_component id="oc-1b5">
         <name>.text:Interrupt_enableInterrupt</name>
         <load_address>0x3cfc</load_address>
         <run_address>0x3cfc</run_address>
         <size>0x80</size>
         <input_file_ref idref="fl-109"/>
      </object_component>
      <object_component id="oc-8a3">
         <name>.text:_ZN14rosserial_msgs3Log11deserializeEPh</name>
         <load_address>0x3d7c</load_address>
         <run_address>0x3d7c</run_address>
         <size>0x7e</size>
         <input_file_ref idref="fl-3"/>
      </object_component>
      <object_component id="oc-9e">
         <name>.text</name>
         <load_address>0x3dfa</load_address>
         <run_address>0x3dfa</run_address>
         <size>0x7a</size>
         <input_file_ref idref="fl-d1"/>
      </object_component>
      <object_component id="oc-557">
         <name>.text:malloc</name>
         <load_address>0x3e74</load_address>
         <run_address>0x3e74</run_address>
         <size>0x78</size>
         <input_file_ref idref="fl-c9"/>
      </object_component>
      <object_component id="oc-7ef">
         <name>.text:__TI_closefile</name>
         <load_address>0x3eec</load_address>
         <run_address>0x3eec</run_address>
         <size>0x74</size>
         <input_file_ref idref="fl-fe"/>
      </object_component>
      <object_component id="oc-22c">
         <name>.text:_ZN3ros11NodeHandle_I15Msp432CHardwareLi25ELi25ELi512ELi512EE8syncTimeEPh</name>
         <load_address>0x3f60</load_address>
         <run_address>0x3f60</run_address>
         <size>0x70</size>
         <input_file_ref idref="fl-3"/>
      </object_component>
      <object_component id="oc-40e">
         <name>.text:_ZN8std_msgs6String11deserializeEPh</name>
         <load_address>0x3fd0</load_address>
         <run_address>0x3fd0</run_address>
         <size>0x6e</size>
         <input_file_ref idref="fl-3"/>
      </object_component>
      <object_component id="oc-4d3">
         <name>.text:_mcpy</name>
         <load_address>0x403e</load_address>
         <run_address>0x403e</run_address>
         <size>0x6e</size>
         <input_file_ref idref="fl-d5"/>
      </object_component>
      <object_component id="oc-813">
         <name>.text:HOSTlseek</name>
         <load_address>0x40ac</load_address>
         <run_address>0x40ac</run_address>
         <size>0x68</size>
         <input_file_ref idref="fl-f2"/>
      </object_component>
      <object_component id="oc-81f">
         <name>.text:HOSTrename</name>
         <load_address>0x4114</load_address>
         <run_address>0x4114</run_address>
         <size>0x68</size>
         <input_file_ref idref="fl-f5"/>
      </object_component>
      <object_component id="oc-14">
         <name>.text:decompress:lzss:__TI_decompress_lzss</name>
         <load_address>0x417c</load_address>
         <run_address>0x417c</run_address>
         <size>0x68</size>
         <input_file_ref idref="fl-c6"/>
      </object_component>
      <object_component id="oc-110">
         <name>.text:printf</name>
         <load_address>0x41e4</load_address>
         <run_address>0x41e4</run_address>
         <size>0x68</size>
         <input_file_ref idref="fl-cc"/>
      </object_component>
      <object_component id="oc-4e8">
         <name>.text:frexp</name>
         <load_address>0x424c</load_address>
         <run_address>0x424c</run_address>
         <size>0x64</size>
         <input_file_ref idref="fl-e2"/>
      </object_component>
      <object_component id="oc-65e">
         <name>.text:fseek</name>
         <load_address>0x42b0</load_address>
         <run_address>0x42b0</run_address>
         <size>0x64</size>
         <input_file_ref idref="fl-ee"/>
      </object_component>
      <object_component id="oc-51f">
         <name>.text:__TI_wrt_ok</name>
         <load_address>0x4314</load_address>
         <run_address>0x4314</run_address>
         <size>0x62</size>
         <input_file_ref idref="fl-ec"/>
      </object_component>
      <object_component id="oc-7fb">
         <name>.text:HOSTopen</name>
         <load_address>0x4378</load_address>
         <run_address>0x4378</run_address>
         <size>0x60</size>
         <input_file_ref idref="fl-f3"/>
      </object_component>
      <object_component id="oc-3e7">
         <name>.text:_ZN3ros11NodeHandle_I15Msp432CHardwareLi25ELi25ELi512ELi512EE6setNowERNS_4TimeE</name>
         <load_address>0x43d8</load_address>
         <run_address>0x43d8</run_address>
         <size>0x60</size>
         <input_file_ref idref="fl-3"/>
      </object_component>
      <object_component id="oc-17f">
         <name>.text:__TI_auto_init_nobinit:__TI_auto_init_nobinit</name>
         <load_address>0x4438</load_address>
         <run_address>0x4438</run_address>
         <size>0x60</size>
         <input_file_ref idref="fl-d2"/>
      </object_component>
      <object_component id="oc-6b4">
         <name>.text</name>
         <load_address>0x4498</load_address>
         <run_address>0x4498</run_address>
         <size>0x5e</size>
         <input_file_ref idref="fl-10b"/>
      </object_component>
      <object_component id="oc-1af">
         <name>.text:Interrupt_registerInterrupt</name>
         <load_address>0x44f8</load_address>
         <run_address>0x44f8</run_address>
         <size>0x5c</size>
         <input_file_ref idref="fl-109"/>
      </object_component>
      <object_component id="oc-89c">
         <name>.text:_ZNK14rosserial_msgs3Log9serializeEPh</name>
         <load_address>0x4554</load_address>
         <run_address>0x4554</run_address>
         <size>0x5c</size>
         <input_file_ref idref="fl-3"/>
      </object_component>
      <object_component id="oc-84f">
         <name>.text:close</name>
         <load_address>0x45b0</load_address>
         <run_address>0x45b0</run_address>
         <size>0x5c</size>
         <input_file_ref idref="fl-104"/>
      </object_component>
      <object_component id="oc-807">
         <name>.text:HOSTread</name>
         <load_address>0x460c</load_address>
         <run_address>0x460c</run_address>
         <size>0x58</size>
         <input_file_ref idref="fl-f4"/>
      </object_component>
      <object_component id="oc-80d">
         <name>.text:HOSTwrite</name>
         <load_address>0x4664</load_address>
         <run_address>0x4664</run_address>
         <size>0x58</size>
         <input_file_ref idref="fl-f7"/>
      </object_component>
      <object_component id="oc-373">
         <name>.text:_pconv_f</name>
         <load_address>0x46bc</load_address>
         <run_address>0x46bc</run_address>
         <size>0x56</size>
         <input_file_ref idref="fl-d5"/>
      </object_component>
      <object_component id="oc-4bd">
         <name>.text:ltoa</name>
         <load_address>0x4712</load_address>
         <run_address>0x4712</run_address>
         <size>0x54</size>
         <input_file_ref idref="fl-db"/>
      </object_component>
      <object_component id="oc-4cd">
         <name>.text:_ecpy</name>
         <load_address>0x4766</load_address>
         <run_address>0x4766</run_address>
         <size>0x52</size>
         <input_file_ref idref="fl-d5"/>
      </object_component>
      <object_component id="oc-104">
         <name>.text:_ZN3ros11NodeHandle_I15Msp432CHardwareLi25ELi25ELi512ELi512EE9subscribeINS_10SubscriberIN11sensor_msgs3JoyEvEEEEbRT_</name>
         <load_address>0x47b8</load_address>
         <run_address>0x47b8</run_address>
         <size>0x4c</size>
         <input_file_ref idref="fl-3"/>
      </object_component>
      <object_component id="oc-52b">
         <name>.text:__TI_doflush</name>
         <load_address>0x4804</load_address>
         <run_address>0x4804</run_address>
         <size>0x4c</size>
         <input_file_ref idref="fl-ed"/>
      </object_component>
      <object_component id="oc-35c">
         <name>.text:atoi</name>
         <load_address>0x4850</load_address>
         <run_address>0x4850</run_address>
         <size>0x4c</size>
         <input_file_ref idref="fl-d6"/>
      </object_component>
      <object_component id="oc-f7">
         <name>.text</name>
         <load_address>0x489c</load_address>
         <run_address>0x489c</run_address>
         <size>0x4c</size>
         <input_file_ref idref="fl-4"/>
      </object_component>
      <object_component id="oc-407">
         <name>.text:_ZNK8std_msgs6String9serializeEPh</name>
         <load_address>0x48e8</load_address>
         <run_address>0x48e8</run_address>
         <size>0x48</size>
         <input_file_ref idref="fl-3"/>
      </object_component>
      <object_component id="oc-173">
         <name>.text:exit</name>
         <load_address>0x4930</load_address>
         <run_address>0x4930</run_address>
         <size>0x48</size>
         <input_file_ref idref="fl-c8"/>
      </object_component>
      <object_component id="oc-4b8">
         <name>.text</name>
         <load_address>0x4978</load_address>
         <run_address>0x4978</run_address>
         <size>0x48</size>
         <input_file_ref idref="fl-e8"/>
      </object_component>
      <object_component id="oc-801">
         <name>.text:HOSTclose</name>
         <load_address>0x49c0</load_address>
         <run_address>0x49c0</run_address>
         <size>0x44</size>
         <input_file_ref idref="fl-f1"/>
      </object_component>
      <object_component id="oc-819">
         <name>.text:HOSTunlink</name>
         <load_address>0x4a04</load_address>
         <run_address>0x4a04</run_address>
         <size>0x44</size>
         <input_file_ref idref="fl-f6"/>
      </object_component>
      <object_component id="oc-8ba">
         <name>.text:getdevice</name>
         <load_address>0x4a48</load_address>
         <run_address>0x4a48</run_address>
         <size>0x44</size>
         <input_file_ref idref="fl-ff"/>
      </object_component>
      <object_component id="oc-139">
         <name>.text:_ZN3ros10SubscriberIN11sensor_msgs3JoyEvEC1EPKcPFvRKS2_Ei</name>
         <load_address>0x4a8c</load_address>
         <run_address>0x4a8c</run_address>
         <size>0x40</size>
         <input_file_ref idref="fl-3"/>
      </object_component>
      <object_component id="oc-4e0">
         <name>.text:_fcpy</name>
         <load_address>0x4acc</load_address>
         <run_address>0x4acc</run_address>
         <size>0x3e</size>
         <input_file_ref idref="fl-d5"/>
      </object_component>
      <object_component id="oc-268">
         <name>.text:_ZN14rosserial_msgs20RequestParamResponseC1Ev</name>
         <load_address>0x4b0c</load_address>
         <run_address>0x4b0c</run_address>
         <size>0x3c</size>
         <input_file_ref idref="fl-3"/>
      </object_component>
      <object_component id="oc-3d2">
         <name>.text:_ZN14rosserial_msgs9TopicInfoC1Ev</name>
         <load_address>0x4b48</load_address>
         <run_address>0x4b48</run_address>
         <size>0x3c</size>
         <input_file_ref idref="fl-3"/>
      </object_component>
      <object_component id="oc-3f4">
         <name>.text:_ZN3ros3Msg8arrToVarIjPhEEvRT_T0_</name>
         <load_address>0x4b84</load_address>
         <run_address>0x4b84</run_address>
         <size>0x3c</size>
         <input_file_ref idref="fl-3"/>
      </object_component>
      <object_component id="oc-56f">
         <name>.text:minsert</name>
         <load_address>0x4bc0</load_address>
         <run_address>0x4bc0</run_address>
         <size>0x3c</size>
         <input_file_ref idref="fl-c9"/>
      </object_component>
      <object_component id="oc-27b">
         <name>.text:_ZN11sensor_msgs3JoyC1Ev</name>
         <load_address>0x4bfc</load_address>
         <run_address>0x4bfc</run_address>
         <size>0x38</size>
         <input_file_ref idref="fl-3"/>
      </object_component>
      <object_component id="oc-860">
         <name>.text:__TI_writemsg</name>
         <load_address>0x4c34</load_address>
         <run_address>0x4c34</run_address>
         <size>0x38</size>
         <input_file_ref idref="fl-f8"/>
      </object_component>
      <object_component id="oc-56">
         <name>.text:_c_int00_noargs:_c_int00_noargs</name>
         <load_address>0x4c6c</load_address>
         <run_address>0x4c6c</run_address>
         <size>0x38</size>
         <input_file_ref idref="fl-c7"/>
      </object_component>
      <object_component id="oc-563">
         <name>.text:minit</name>
         <load_address>0x4ca4</load_address>
         <run_address>0x4ca4</run_address>
         <size>0x38</size>
         <input_file_ref idref="fl-c9"/>
      </object_component>
      <object_component id="oc-10b">
         <name>.text</name>
         <load_address>0x4cdc</load_address>
         <run_address>0x4cdc</run_address>
         <size>0x38</size>
         <input_file_ref idref="fl-c2"/>
      </object_component>
      <object_component id="oc-8f7">
         <name>.text:strncpy</name>
         <load_address>0x4d14</load_address>
         <run_address>0x4d14</run_address>
         <size>0x36</size>
         <input_file_ref idref="fl-102"/>
      </object_component>
      <object_component id="oc-5c7">
         <name>.text:_ZN15Msp432CHardware5writeEPhi</name>
         <load_address>0x4d4a</load_address>
         <run_address>0x4d4a</run_address>
         <size>0x34</size>
         <input_file_ref idref="fl-3"/>
      </object_component>
      <object_component id="oc-6f8">
         <name>.text:_ZN3ros11NodeHandle_I15Msp432CHardwareLi25ELi25ELi512ELi512EE3logEcPKc</name>
         <load_address>0x4d7e</load_address>
         <run_address>0x4d7e</run_address>
         <size>0x34</size>
         <input_file_ref idref="fl-3"/>
      </object_component>
      <object_component id="oc-74d">
         <name>.text:__TI_cleanup</name>
         <load_address>0x4db4</load_address>
         <run_address>0x4db4</run_address>
         <size>0x34</size>
         <input_file_ref idref="fl-fb"/>
      </object_component>
      <object_component id="oc-866">
         <name>.text:__TI_readmsg</name>
         <load_address>0x4de8</load_address>
         <run_address>0x4de8</run_address>
         <size>0x34</size>
         <input_file_ref idref="fl-f8"/>
      </object_component>
      <object_component id="oc-58d">
         <name>.text:_ZN3ros3Msg8varToArrIPhjEEvT_T0_</name>
         <load_address>0x4e1c</load_address>
         <run_address>0x4e1c</run_address>
         <size>0x30</size>
         <input_file_ref idref="fl-3"/>
      </object_component>
      <object_component id="oc-449">
         <name>.text:_ZN8std_msgs6HeaderC1Ev</name>
         <load_address>0x4e4c</load_address>
         <run_address>0x4e4c</run_address>
         <size>0x30</size>
         <input_file_ref idref="fl-3"/>
      </object_component>
      <object_component id="oc-8fd">
         <name>.text:finddevice</name>
         <load_address>0x4e7c</load_address>
         <run_address>0x4e7c</run_address>
         <size>0x30</size>
         <input_file_ref idref="fl-ff"/>
      </object_component>
      <object_component id="oc-21e">
         <name>.text:_ZN3ros11NodeHandle_I15Msp432CHardwareLi25ELi25ELi512ELi512EE15requestSyncTimeEv</name>
         <load_address>0x4eac</load_address>
         <run_address>0x4eac</run_address>
         <size>0x2e</size>
         <input_file_ref idref="fl-3"/>
      </object_component>
      <object_component id="oc-fd">
         <name>.text:_ZN3ros11NodeHandle_I15Msp432CHardwareLi25ELi25ELi512ELi512EE8initNodeEv</name>
         <load_address>0x4eda</load_address>
         <run_address>0x4eda</run_address>
         <size>0x2e</size>
         <input_file_ref idref="fl-3"/>
      </object_component>
      <object_component id="oc-4c3">
         <name>.text</name>
         <load_address>0x4f08</load_address>
         <run_address>0x4f08</run_address>
         <size>0x2e</size>
         <input_file_ref idref="fl-e9"/>
      </object_component>
      <object_component id="oc-855">
         <name>.text:unlink</name>
         <load_address>0x4f38</load_address>
         <run_address>0x4f38</run_address>
         <size>0x2c</size>
         <input_file_ref idref="fl-103"/>
      </object_component>
      <object_component id="oc-7d5">
         <name>.text:_ZN14rosserial_msgs3LogC1Ev</name>
         <load_address>0x4f64</load_address>
         <run_address>0x4f64</run_address>
         <size>0x28</size>
         <input_file_ref idref="fl-3"/>
      </object_component>
      <object_component id="oc-745">
         <name>.text:lseek</name>
         <load_address>0x4f8c</load_address>
         <run_address>0x4f8c</run_address>
         <size>0x28</size>
         <input_file_ref idref="fl-ef"/>
      </object_component>
      <object_component id="oc-569">
         <name>.text:mremove</name>
         <load_address>0x4fb4</load_address>
         <run_address>0x4fb4</run_address>
         <size>0x28</size>
         <input_file_ref idref="fl-c9"/>
      </object_component>
      <object_component id="oc-531">
         <name>.text:write</name>
         <load_address>0x4fdc</load_address>
         <run_address>0x4fdc</run_address>
         <size>0x28</size>
         <input_file_ref idref="fl-df"/>
      </object_component>
      <object_component id="oc-12b">
         <name>.text:_ZN8std_msgs6StringC1Ev</name>
         <load_address>0x5004</load_address>
         <run_address>0x5004</run_address>
         <size>0x24</size>
         <input_file_ref idref="fl-3"/>
      </object_component>
      <object_component id="oc-3cb">
         <name>.text:_ZN8std_msgs4TimeC1Ev</name>
         <load_address>0x5028</load_address>
         <run_address>0x5028</run_address>
         <size>0x20</size>
         <input_file_ref idref="fl-3"/>
      </object_component>
      <object_component id="oc-525">
         <name>.text:memchr</name>
         <load_address>0x5048</load_address>
         <run_address>0x5048</run_address>
         <size>0x20</size>
         <input_file_ref idref="fl-dd"/>
      </object_component>
      <object_component id="oc-45a">
         <name>.text:_ZN3ros10SubscriberIN11sensor_msgs3JoyEvE8callbackEPh</name>
         <load_address>0x5068</load_address>
         <run_address>0x5068</run_address>
         <size>0x1c</size>
         <input_file_ref idref="fl-3"/>
      </object_component>
      <object_component id="oc-385">
         <name>.text:memccpy</name>
         <load_address>0x5084</load_address>
         <run_address>0x5084</run_address>
         <size>0x1c</size>
         <input_file_ref idref="fl-dc"/>
      </object_component>
      <object_component id="oc-442">
         <name>.text:_ZN3ros11Subscriber_C1Ev</name>
         <load_address>0x50a0</load_address>
         <run_address>0x50a0</run_address>
         <size>0x18</size>
         <input_file_ref idref="fl-3"/>
      </object_component>
      <object_component id="oc-423">
         <name>.text:_ZN3ros15NodeHandleBase_C1Ev</name>
         <load_address>0x50b8</load_address>
         <run_address>0x50b8</run_address>
         <size>0x18</size>
         <input_file_ref idref="fl-3"/>
      </object_component>
      <object_component id="oc-3fb">
         <name>.text:_ZN3ros3MsgC1Ev</name>
         <load_address>0x50d0</load_address>
         <run_address>0x50d0</run_address>
         <size>0x18</size>
         <input_file_ref idref="fl-3"/>
      </object_component>
      <object_component id="oc-53b">
         <name>.text:_ZN3ros4TimeC1Ev</name>
         <load_address>0x50e8</load_address>
         <run_address>0x50e8</run_address>
         <size>0x18</size>
         <input_file_ref idref="fl-3"/>
      </object_component>
      <object_component id="oc-914">
         <name>.text:strcmp</name>
         <load_address>0x5100</load_address>
         <run_address>0x5100</run_address>
         <size>0x18</size>
         <input_file_ref idref="fl-101"/>
      </object_component>
      <object_component id="oc-bd">
         <name>.text:Timer32_registerInterrupt</name>
         <load_address>0x5118</load_address>
         <run_address>0x5118</run_address>
         <size>0x16</size>
         <input_file_ref idref="fl-10a"/>
      </object_component>
      <object_component id="oc-4f4">
         <name>.text:strchr</name>
         <load_address>0x512e</load_address>
         <run_address>0x512e</run_address>
         <size>0x16</size>
         <input_file_ref idref="fl-de"/>
      </object_component>
      <object_component id="oc-210">
         <name>.text:_ZN15Msp432CHardware4timeEv</name>
         <load_address>0x5144</load_address>
         <run_address>0x5144</run_address>
         <size>0x14</size>
         <input_file_ref idref="fl-3"/>
      </object_component>
      <object_component id="oc-642">
         <name>.text:copysign</name>
         <load_address>0x5158</load_address>
         <run_address>0x5158</run_address>
         <size>0x14</size>
         <input_file_ref idref="fl-f9"/>
      </object_component>
      <object_component id="oc-87a">
         <name>.text:strcpy</name>
         <load_address>0x516c</load_address>
         <run_address>0x516c</run_address>
         <size>0x14</size>
         <input_file_ref idref="fl-fd"/>
      </object_component>
      <object_component id="oc-356">
         <name>.text:strlen</name>
         <load_address>0x5180</load_address>
         <run_address>0x5180</run_address>
         <size>0x14</size>
         <input_file_ref idref="fl-cd"/>
      </object_component>
      <object_component id="oc-5ce">
         <name>.text:_ZN3ros11NodeHandle_I15Msp432CHardwareLi25ELi25ELi512ELi512EE8logerrorEPKc</name>
         <load_address>0x5194</load_address>
         <run_address>0x5194</run_address>
         <size>0x12</size>
         <input_file_ref idref="fl-3"/>
      </object_component>
      <object_component id="oc-38b">
         <name>.text:wcslen</name>
         <load_address>0x51a6</load_address>
         <run_address>0x51a6</run_address>
         <size>0x12</size>
         <input_file_ref idref="fl-e1"/>
      </object_component>
      <object_component id="oc-c3">
         <name>.text:Interrupt_enableMaster</name>
         <load_address>0x51b8</load_address>
         <run_address>0x51b8</run_address>
         <size>0x10</size>
         <input_file_ref idref="fl-109"/>
      </object_component>
      <object_component id="oc-603">
         <name>.text:_ZN11sensor_msgs3Joy6getMD5Ev</name>
         <load_address>0x51c8</load_address>
         <run_address>0x51c8</run_address>
         <size>0x10</size>
         <input_file_ref idref="fl-3"/>
      </object_component>
      <object_component id="oc-5fc">
         <name>.text:_ZN11sensor_msgs3Joy7getTypeEv</name>
         <load_address>0x51d8</load_address>
         <run_address>0x51d8</run_address>
         <size>0x10</size>
         <input_file_ref idref="fl-3"/>
      </object_component>
      <object_component id="oc-5b6">
         <name>.text:_ZN14rosserial_msgs20RequestParamResponse6getMD5Ev</name>
         <load_address>0x51e8</load_address>
         <run_address>0x51e8</run_address>
         <size>0x10</size>
         <input_file_ref idref="fl-3"/>
      </object_component>
      <object_component id="oc-5af">
         <name>.text:_ZN14rosserial_msgs20RequestParamResponse7getTypeEv</name>
         <load_address>0x51f8</load_address>
         <run_address>0x51f8</run_address>
         <size>0x10</size>
         <input_file_ref idref="fl-3"/>
      </object_component>
      <object_component id="oc-8b1">
         <name>.text:_ZN14rosserial_msgs3Log6getMD5Ev</name>
         <load_address>0x5208</load_address>
         <run_address>0x5208</run_address>
         <size>0x10</size>
         <input_file_ref idref="fl-3"/>
      </object_component>
      <object_component id="oc-8aa">
         <name>.text:_ZN14rosserial_msgs3Log7getTypeEv</name>
         <load_address>0x5218</load_address>
         <run_address>0x5218</run_address>
         <size>0x10</size>
         <input_file_ref idref="fl-3"/>
      </object_component>
      <object_component id="oc-6ad">
         <name>.text:_ZN14rosserial_msgs9TopicInfo6getMD5Ev</name>
         <load_address>0x5228</load_address>
         <run_address>0x5228</run_address>
         <size>0x10</size>
         <input_file_ref idref="fl-3"/>
      </object_component>
      <object_component id="oc-6a6">
         <name>.text:_ZN14rosserial_msgs9TopicInfo7getTypeEv</name>
         <load_address>0x5238</load_address>
         <run_address>0x5238</run_address>
         <size>0x10</size>
         <input_file_ref idref="fl-3"/>
      </object_component>
      <object_component id="oc-43b">
         <name>.text:_ZN3ros11NodeHandle_I15Msp432CHardwareLi25ELi25ELi512ELi512EE9connectedEv</name>
         <load_address>0x5248</load_address>
         <run_address>0x5248</run_address>
         <size>0x10</size>
         <input_file_ref idref="fl-3"/>
      </object_component>
      <object_component id="oc-68c">
         <name>.text:_ZN8std_msgs4Time6getMD5Ev</name>
         <load_address>0x5258</load_address>
         <run_address>0x5258</run_address>
         <size>0x10</size>
         <input_file_ref idref="fl-3"/>
      </object_component>
      <object_component id="oc-685">
         <name>.text:_ZN8std_msgs4Time7getTypeEv</name>
         <load_address>0x5268</load_address>
         <run_address>0x5268</run_address>
         <size>0x10</size>
         <input_file_ref idref="fl-3"/>
      </object_component>
      <object_component id="oc-719">
         <name>.text:_ZN8std_msgs6Header6getMD5Ev</name>
         <load_address>0x5278</load_address>
         <run_address>0x5278</run_address>
         <size>0x10</size>
         <input_file_ref idref="fl-3"/>
      </object_component>
      <object_component id="oc-712">
         <name>.text:_ZN8std_msgs6Header7getTypeEv</name>
         <load_address>0x5288</load_address>
         <run_address>0x5288</run_address>
         <size>0x10</size>
         <input_file_ref idref="fl-3"/>
      </object_component>
      <object_component id="oc-41c">
         <name>.text:_ZN8std_msgs6String6getMD5Ev</name>
         <load_address>0x5298</load_address>
         <run_address>0x5298</run_address>
         <size>0x10</size>
         <input_file_ref idref="fl-3"/>
      </object_component>
      <object_component id="oc-415">
         <name>.text:_ZN8std_msgs6String7getTypeEv</name>
         <load_address>0x52a8</load_address>
         <run_address>0x52a8</run_address>
         <size>0x10</size>
         <input_file_ref idref="fl-3"/>
      </object_component>
      <object_component id="oc-7cd">
         <name>.text:_ZN10__cxxabiv117__class_type_infoD0Ev</name>
         <load_address>0x52b8</load_address>
         <run_address>0x52b8</run_address>
         <size>0xe</size>
         <input_file_ref idref="fl-c1"/>
      </object_component>
      <object_component id="oc-6d4">
         <name>.text:_ZN10__cxxabiv120__si_class_type_infoD0Ev</name>
         <load_address>0x52c6</load_address>
         <run_address>0x52c6</run_address>
         <size>0xe</size>
         <input_file_ref idref="fl-c1"/>
      </object_component>
      <object_component id="oc-124">
         <name>.text:_ZN15Msp432CHardware5delayEj</name>
         <load_address>0x52d4</load_address>
         <run_address>0x52d4</run_address>
         <size>0xe</size>
         <input_file_ref idref="fl-3"/>
      </object_component>
      <object_component id="oc-468">
         <name>.text:_ZN3ros10SubscriberIN11sensor_msgs3JoyEvE10getMsgTypeEv</name>
         <load_address>0x52e2</load_address>
         <run_address>0x52e2</run_address>
         <size>0xe</size>
         <input_file_ref idref="fl-3"/>
      </object_component>
      <object_component id="oc-461">
         <name>.text:_ZN3ros10SubscriberIN11sensor_msgs3JoyEvE15getEndpointTypeEv</name>
         <load_address>0x52f0</load_address>
         <run_address>0x52f0</run_address>
         <size>0xe</size>
         <input_file_ref idref="fl-3"/>
      </object_component>
      <object_component id="oc-46f">
         <name>.text:_ZN3ros10SubscriberIN11sensor_msgs3JoyEvE9getMsgMD5Ev</name>
         <load_address>0x52fe</load_address>
         <run_address>0x52fe</run_address>
         <size>0xe</size>
         <input_file_ref idref="fl-3"/>
      </object_component>
      <object_component id="oc-11d">
         <name>.text:_ZN3ros11NodeHandle_I15Msp432CHardwareLi25ELi25ELi512ELi512EE11getHardwareEv</name>
         <load_address>0x530c</load_address>
         <run_address>0x530c</run_address>
         <size>0xe</size>
         <input_file_ref idref="fl-3"/>
      </object_component>
      <object_component id="oc-3d9">
         <name>.text:_ZN3ros9Publisher15getEndpointTypeEv</name>
         <load_address>0x531a</load_address>
         <run_address>0x531a</run_address>
         <size>0xe</size>
         <input_file_ref idref="fl-3"/>
      </object_component>
      <object_component id="oc-1a">
         <name>.text:decompress:none:__TI_decompress_none</name>
         <load_address>0x5328</load_address>
         <run_address>0x5328</run_address>
         <size>0xe</size>
         <input_file_ref idref="fl-c5"/>
      </object_component>
      <object_component id="oc-68">
         <name>.text</name>
         <load_address>0x5336</load_address>
         <run_address>0x5336</run_address>
         <size>0xe</size>
         <input_file_ref idref="fl-1"/>
      </object_component>
      <object_component id="oc-1bd">
         <name>.text:CPU_cpsie</name>
         <load_address>0x5344</load_address>
         <run_address>0x5344</run_address>
         <size>0xc</size>
         <input_file_ref idref="fl-108"/>
      </object_component>
      <object_component id="oc-1e4">
         <name>.text:_ZN15Msp432CHardware4initEv</name>
         <load_address>0x5350</load_address>
         <run_address>0x5350</run_address>
         <size>0xc</size>
         <input_file_ref idref="fl-3"/>
      </object_component>
      <object_component id="oc-261">
         <name>.text:_ZN15Msp432CHardwareC1Ev</name>
         <load_address>0x535c</load_address>
         <run_address>0x535c</run_address>
         <size>0xc</size>
         <input_file_ref idref="fl-3"/>
      </object_component>
      <object_component id="oc-274">
         <name>.text:_ZN3ros11Subscriber_C2Ev</name>
         <load_address>0x5368</load_address>
         <run_address>0x5368</run_address>
         <size>0xc</size>
         <input_file_ref idref="fl-3"/>
      </object_component>
      <object_component id="oc-25a">
         <name>.text:_ZN3ros15NodeHandleBase_C2Ev</name>
         <load_address>0x5374</load_address>
         <run_address>0x5374</run_address>
         <size>0xc</size>
         <input_file_ref idref="fl-3"/>
      </object_component>
      <object_component id="oc-244">
         <name>.text:_ZN3ros3MsgC2Ev</name>
         <load_address>0x5380</load_address>
         <run_address>0x5380</run_address>
         <size>0xc</size>
         <input_file_ref idref="fl-3"/>
      </object_component>
      <object_component id="oc-4a">
         <name>.text:decompress:ZI:__TI_zero_init</name>
         <load_address>0x538c</load_address>
         <run_address>0x538c</run_address>
         <size>0xc</size>
         <input_file_ref idref="fl-c4"/>
      </object_component>
      <object_component id="oc-217">
         <name>.text:_ZN15Msp432CHardware4readEv</name>
         <load_address>0x5398</load_address>
         <run_address>0x5398</run_address>
         <size>0xa</size>
         <input_file_ref idref="fl-3"/>
      </object_component>
      <object_component id="oc-839">
         <name>.text:_ZdlPv</name>
         <load_address>0x53a2</load_address>
         <run_address>0x53a2</run_address>
         <size>0x8</size>
         <input_file_ref idref="fl-ce"/>
      </object_component>
      <object_component id="oc-391">
         <name>.text:__aeabi_errno_addr</name>
         <load_address>0x53ac</load_address>
         <run_address>0x53ac</run_address>
         <size>0x8</size>
         <input_file_ref idref="fl-eb"/>
      </object_component>
      <object_component id="oc-6c3">
         <name>.text:__cxa_pure_virtual</name>
         <load_address>0x53b4</load_address>
         <run_address>0x53b4</run_address>
         <size>0x6</size>
         <input_file_ref idref="fl-c0"/>
      </object_component>
      <object_component id="oc-da">
         <name>.text:CPU_wfi</name>
         <load_address>0x53ba</load_address>
         <run_address>0x53ba</run_address>
         <size>0x4</size>
         <input_file_ref idref="fl-108"/>
      </object_component>
      <object_component id="oc-7ad">
         <name>.text:_ZN10__cxxabiv117__class_type_infoD1Ev</name>
         <load_address>0x53be</load_address>
         <run_address>0x53be</run_address>
         <size>0x4</size>
         <input_file_ref idref="fl-c1"/>
      </object_component>
      <object_component id="oc-6ce">
         <name>.text:_ZN10__cxxabiv120__si_class_type_infoD1Ev</name>
         <load_address>0x53c2</load_address>
         <run_address>0x53c2</run_address>
         <size>0x4</size>
         <input_file_ref idref="fl-c1"/>
      </object_component>
      <object_component id="oc-7b9">
         <name>.text:_ZdlPvj</name>
         <load_address>0x53c6</load_address>
         <run_address>0x53c6</run_address>
         <size>0x4</size>
         <input_file_ref idref="fl-ce"/>
      </object_component>
      <object_component id="oc-79c">
         <name>.text:__abort_execution</name>
         <load_address>0x53ca</load_address>
         <run_address>0x53ca</run_address>
         <size>0x4</size>
         <input_file_ref idref="fl-d0"/>
      </object_component>
      <object_component id="oc-203">
         <name>.text:_outc</name>
         <load_address>0x53ce</load_address>
         <run_address>0x53ce</run_address>
         <size>0x4</size>
         <input_file_ref idref="fl-cc"/>
      </object_component>
      <object_component id="oc-1fd">
         <name>.text:_outs</name>
         <load_address>0x53d2</load_address>
         <run_address>0x53d2</run_address>
         <size>0x4</size>
         <input_file_ref idref="fl-cc"/>
      </object_component>
      <object_component id="oc-a4">
         <name>.text:_system_pre_init</name>
         <load_address>0x53d6</load_address>
         <run_address>0x53d6</run_address>
         <size>0x4</size>
         <input_file_ref idref="fl-d3"/>
      </object_component>
      <object_component id="oc-16d">
         <name>.text:abort:abort</name>
         <load_address>0x53da</load_address>
         <run_address>0x53da</run_address>
         <size>0x4</size>
         <input_file_ref idref="fl-c8"/>
      </object_component>
      <object_component id="oc-49d">
         <name>.const:.string:_ctypes_</name>
         <load_address>0x53e0</load_address>
         <run_address>0x53e0</run_address>
         <size>0x101</size>
         <input_file_ref idref="fl-d7"/>
      </object_component>
      <object_component id="oc-5bd">
         <name>.const:.typeinfo:_ZTSN3ros11NodeHandle_I15Msp432CHardwareLi25ELi25ELi512ELi512EEE</name>
         <load_address>0x54e1</load_address>
         <run_address>0x54e1</run_address>
         <size>0x3d</size>
         <input_file_ref idref="fl-3"/>
      </object_component>
      <object_component id="oc-5d5">
         <name>.const:.string:_ZZN3ros11NodeHandle_I15Msp432CHardwareLi25ELi25ELi512ELi512EE7publishEiPKNS_3MsgEEs</name>
         <load_address>0x551e</load_address>
         <run_address>0x551e</run_address>
         <size>0x39</size>
         <input_file_ref idref="fl-3"/>
      </object_component>
      <object_component id="oc-6e6">
         <name>.const:.typeinfo:_ZTSN14rosserial_msgs20RequestParamResponseE</name>
         <load_address>0x5557</load_address>
         <run_address>0x5557</run_address>
         <size>0x29</size>
         <input_file_ref idref="fl-3"/>
      </object_component>
      <object_component id="oc-60a">
         <name>.const:.typeinfo:_ZTSN3ros10SubscriberIN11sensor_msgs3JoyEvEE</name>
         <load_address>0x5580</load_address>
         <run_address>0x5580</run_address>
         <size>0x29</size>
         <input_file_ref idref="fl-3"/>
      </object_component>
      <object_component id="oc-7a3">
         <name>.const:.typeinfo:_ZTSN10__cxxabiv120__si_class_type_infoE</name>
         <load_address>0x55a9</load_address>
         <run_address>0x55a9</run_address>
         <size>0x25</size>
         <input_file_ref idref="fl-c1"/>
      </object_component>
      <object_component id="oc-848">
         <name>.const:.string:_ZZN14rosserial_msgs3LogC1EvEs</name>
         <load_address>0x55ce</load_address>
         <run_address>0x55ce</run_address>
         <size>0x1</size>
         <input_file_ref idref="fl-3"/>
      </object_component>
      <object_component id="oc-54c">
         <name>.const:.string:_ZZN14rosserial_msgs9TopicInfoC1EvEs</name>
         <load_address>0x55cf</load_address>
         <run_address>0x55cf</run_address>
         <size>0x1</size>
         <input_file_ref idref="fl-3"/>
      </object_component>
      <object_component id="oc-e7">
         <name>.const:uartConfig</name>
         <load_address>0x55d0</load_address>
         <run_address>0x55d0</run_address>
         <size>0x24</size>
         <input_file_ref idref="fl-106"/>
      </object_component>
      <object_component id="oc-828">
         <name>.const:.typeinfo:_ZTSN10__cxxabiv117__class_type_infoE</name>
         <load_address>0x55f4</load_address>
         <run_address>0x55f4</run_address>
         <size>0x22</size>
         <input_file_ref idref="fl-c1"/>
      </object_component>
      <object_component id="oc-72a">
         <name>.const:.string:_ZZN11sensor_msgs3Joy6getMD5EvEs</name>
         <load_address>0x5616</load_address>
         <run_address>0x5616</run_address>
         <size>0x21</size>
         <input_file_ref idref="fl-3"/>
      </object_component>
      <object_component id="oc-6ee">
         <name>.const:.string:_ZZN14rosserial_msgs20RequestParamResponse6getMD5EvEs</name>
         <load_address>0x5637</load_address>
         <run_address>0x5637</run_address>
         <size>0x21</size>
         <input_file_ref idref="fl-3"/>
      </object_component>
      <object_component id="oc-8f0">
         <name>.const:.string:_ZZN14rosserial_msgs3Log6getMD5EvEs</name>
         <load_address>0x5658</load_address>
         <run_address>0x5658</run_address>
         <size>0x21</size>
         <input_file_ref idref="fl-3"/>
      </object_component>
      <object_component id="oc-78a">
         <name>.const:.string:_ZZN14rosserial_msgs9TopicInfo6getMD5EvEs</name>
         <load_address>0x5679</load_address>
         <run_address>0x5679</run_address>
         <size>0x21</size>
         <input_file_ref idref="fl-3"/>
      </object_component>
      <object_component id="oc-77b">
         <name>.const:.string:_ZZN8std_msgs4Time6getMD5EvEs</name>
         <load_address>0x569a</load_address>
         <run_address>0x569a</run_address>
         <size>0x21</size>
         <input_file_ref idref="fl-3"/>
      </object_component>
      <object_component id="oc-7e6">
         <name>.const:.string:_ZZN8std_msgs6Header6getMD5EvEs</name>
         <load_address>0x56bb</load_address>
         <run_address>0x56bb</run_address>
         <size>0x21</size>
         <input_file_ref idref="fl-3"/>
      </object_component>
      <object_component id="oc-599">
         <name>.const:.string:_ZZN8std_msgs6String6getMD5EvEs</name>
         <load_address>0x56dc</load_address>
         <run_address>0x56dc</run_address>
         <size>0x21</size>
         <input_file_ref idref="fl-3"/>
      </object_component>
      <object_component id="oc-780">
         <name>.const:.typeinfo:_ZTSN14rosserial_msgs9TopicInfoE</name>
         <load_address>0x56fd</load_address>
         <run_address>0x56fd</run_address>
         <size>0x1d</size>
         <input_file_ref idref="fl-3"/>
      </object_component>
      <object_component id="oc-6eb">
         <name>.const:.string:_ZN34_INTERNAL_12_joystick_cpp_040711aa14rosserial_msgs12REQUESTPARAME</name>
         <load_address>0x571a</load_address>
         <run_address>0x571a</run_address>
         <size>0x1c</size>
         <input_file_ref idref="fl-3"/>
      </object_component>
      <object_component id="oc-785">
         <name>.const:.string:_ZZN14rosserial_msgs9TopicInfo7getTypeEvEs</name>
         <load_address>0x5736</load_address>
         <run_address>0x5736</run_address>
         <size>0x19</size>
         <input_file_ref idref="fl-3"/>
      </object_component>
      <object_component id="oc-6f3">
         <name>.const:.typeinfo:_ZTSN3ros15NodeHandleBase_E</name>
         <load_address>0x574f</load_address>
         <run_address>0x574f</run_address>
         <size>0x18</size>
         <input_file_ref idref="fl-3"/>
      </object_component>
      <object_component id="oc-5e4">
         <name>.const:.string:_ZZN8std_msgs6HeaderC1EvEs</name>
         <load_address>0x5767</load_address>
         <run_address>0x5767</run_address>
         <size>0x1</size>
         <input_file_ref idref="fl-3"/>
      </object_component>
      <object_component id="oc-450">
         <name>.const:_ZTVN11sensor_msgs3JoyE</name>
         <load_address>0x5768</load_address>
         <run_address>0x5768</run_address>
         <size>0x18</size>
         <input_file_ref idref="fl-3"/>
      </object_component>
      <object_component id="oc-42a">
         <name>.const:_ZTVN14rosserial_msgs20RequestParamResponseE</name>
         <load_address>0x5780</load_address>
         <run_address>0x5780</run_address>
         <size>0x18</size>
         <input_file_ref idref="fl-3"/>
      </object_component>
      <object_component id="oc-843">
         <name>.const:_ZTVN14rosserial_msgs3LogE</name>
         <load_address>0x5798</load_address>
         <run_address>0x5798</run_address>
         <size>0x18</size>
         <input_file_ref idref="fl-3"/>
      </object_component>
      <object_component id="oc-547">
         <name>.const:_ZTVN14rosserial_msgs9TopicInfoE</name>
         <load_address>0x57b0</load_address>
         <run_address>0x57b0</run_address>
         <size>0x18</size>
         <input_file_ref idref="fl-3"/>
      </object_component>
      <object_component id="oc-282">
         <name>.const:_ZTVN3ros10SubscriberIN11sensor_msgs3JoyEvEE</name>
         <load_address>0x57c8</load_address>
         <run_address>0x57c8</run_address>
         <size>0x18</size>
         <input_file_ref idref="fl-3"/>
      </object_component>
      <object_component id="oc-5da">
         <name>.const:_ZTVN3ros11Subscriber_E</name>
         <load_address>0x57e0</load_address>
         <run_address>0x57e0</run_address>
         <size>0x18</size>
         <input_file_ref idref="fl-3"/>
      </object_component>
      <object_component id="oc-579">
         <name>.const:_ZTVN3ros3MsgE</name>
         <load_address>0x57f8</load_address>
         <run_address>0x57f8</run_address>
         <size>0x18</size>
         <input_file_ref idref="fl-3"/>
      </object_component>
      <object_component id="oc-542">
         <name>.const:_ZTVN8std_msgs4TimeE</name>
         <load_address>0x5810</load_address>
         <run_address>0x5810</run_address>
         <size>0x18</size>
         <input_file_ref idref="fl-3"/>
      </object_component>
      <object_component id="oc-5df">
         <name>.const:_ZTVN8std_msgs6HeaderE</name>
         <load_address>0x5828</load_address>
         <run_address>0x5828</run_address>
         <size>0x18</size>
         <input_file_ref idref="fl-3"/>
      </object_component>
      <object_component id="oc-24b">
         <name>.const:_ZTVN8std_msgs6StringE</name>
         <load_address>0x5840</load_address>
         <run_address>0x5840</run_address>
         <size>0x18</size>
         <input_file_ref idref="fl-3"/>
      </object_component>
      <object_component id="oc-8e6">
         <name>.const:.typeinfo:_ZTSN14rosserial_msgs3LogE</name>
         <load_address>0x5858</load_address>
         <run_address>0x5858</run_address>
         <size>0x17</size>
         <input_file_ref idref="fl-3"/>
      </object_component>
      <object_component id="oc-720">
         <name>.const:.typeinfo:_ZTSN11sensor_msgs3JoyE</name>
         <load_address>0x586f</load_address>
         <run_address>0x586f</run_address>
         <size>0x14</size>
         <input_file_ref idref="fl-3"/>
      </object_component>
      <object_component id="oc-72f">
         <name>.const:.typeinfo:_ZTSN3ros11Subscriber_E</name>
         <load_address>0x5883</load_address>
         <run_address>0x5883</run_address>
         <size>0x14</size>
         <input_file_ref idref="fl-3"/>
      </object_component>
      <object_component id="oc-250">
         <name>.const:.string:_ZZN8std_msgs6StringC1EvEs</name>
         <load_address>0x5897</load_address>
         <run_address>0x5897</run_address>
         <size>0x1</size>
         <input_file_ref idref="fl-3"/>
      </object_component>
      <object_component id="oc-26f">
         <name>.const:_ZTVN3ros11NodeHandle_I15Msp432CHardwareLi25ELi25ELi512ELi512EEE</name>
         <load_address>0x5898</load_address>
         <run_address>0x5898</run_address>
         <size>0x14</size>
         <input_file_ref idref="fl-3"/>
      </object_component>
      <object_component id="oc-59e">
         <name>.const:_ZTVN3ros15NodeHandleBase_E</name>
         <load_address>0x58ac</load_address>
         <run_address>0x58ac</run_address>
         <size>0x14</size>
         <input_file_ref idref="fl-3"/>
      </object_component>
      <object_component id="oc-8eb">
         <name>.const:.string:_ZZN14rosserial_msgs3Log7getTypeEvEs</name>
         <load_address>0x58c0</load_address>
         <run_address>0x58c0</run_address>
         <size>0x13</size>
         <input_file_ref idref="fl-3"/>
      </object_component>
      <object_component id="oc-7dc">
         <name>.const:.typeinfo:_ZTSN8std_msgs6HeaderE</name>
         <load_address>0x58d3</load_address>
         <run_address>0x58d3</run_address>
         <size>0x13</size>
         <input_file_ref idref="fl-3"/>
      </object_component>
      <object_component id="oc-583">
         <name>.const:.typeinfo:_ZTSN8std_msgs6StringE</name>
         <load_address>0x58e6</load_address>
         <run_address>0x58e6</run_address>
         <size>0x13</size>
         <input_file_ref idref="fl-3"/>
      </object_component>
      <object_component id="oc-771">
         <name>.const:.typeinfo:_ZTSN8std_msgs4TimeE</name>
         <load_address>0x58f9</load_address>
         <run_address>0x58f9</run_address>
         <size>0x11</size>
         <input_file_ref idref="fl-3"/>
      </object_component>
      <object_component id="oc-725">
         <name>.const:.string:_ZZN11sensor_msgs3Joy7getTypeEvEs</name>
         <load_address>0x590a</load_address>
         <run_address>0x590a</run_address>
         <size>0x10</size>
         <input_file_ref idref="fl-3"/>
      </object_component>
      <object_component id="oc-7e1">
         <name>.const:.string:_ZZN8std_msgs6Header7getTypeEvEs</name>
         <load_address>0x591a</load_address>
         <run_address>0x591a</run_address>
         <size>0x10</size>
         <input_file_ref idref="fl-3"/>
      </object_component>
      <object_component id="oc-594">
         <name>.const:.string:_ZZN8std_msgs6String7getTypeEvEs</name>
         <load_address>0x592a</load_address>
         <run_address>0x592a</run_address>
         <size>0x10</size>
         <input_file_ref idref="fl-3"/>
      </object_component>
      <object_component id="oc-6dc">
         <name>.const:_ZTVN10__cxxabiv117__class_type_infoE</name>
         <load_address>0x593c</load_address>
         <run_address>0x593c</run_address>
         <size>0x10</size>
         <input_file_ref idref="fl-c1"/>
      </object_component>
      <object_component id="oc-57e">
         <name>.const:_ZTVN10__cxxabiv120__si_class_type_infoE</name>
         <load_address>0x594c</load_address>
         <run_address>0x594c</run_address>
         <size>0x10</size>
         <input_file_ref idref="fl-c1"/>
      </object_component>
      <object_component id="oc-776">
         <name>.const:.string:_ZZN8std_msgs4Time7getTypeEvEs</name>
         <load_address>0x595c</load_address>
         <run_address>0x595c</run_address>
         <size>0xe</size>
         <input_file_ref idref="fl-3"/>
      </object_component>
[...]
         <object_component_ref idref="oc-670"/>
      </symbol>
      <symbol id="sm-b3d">
         <name>_device</name>
         <value>0x20001128</value>
         <object_component_ref idref="oc-760"/>
      </symbol>
      <symbol id="sm-b3e">
         <name>write</name>
         <value>0x4fdd</value>
         <object_component_ref idref="oc-531"/>
      </symbol>
      <symbol id="sm-b58">
         <name>wcslen</name>
         <value>0x51a7</value>
         <object_component_ref idref="oc-38b"/>
      </symbol>
      <symbol id="sm-b78">
         <name>frexpl</name>
         <value>0x424d</value>
         <object_component_ref idref="oc-4e8"/>
      </symbol>
      <symbol id="sm-b79">
         <name>frexp</name>
         <value>0x424d</value>
         <object_component_ref idref="oc-4e8"/>
      </symbol>
      <symbol id="sm-b96">
         <name>scalbn</name>
         <value>0x32dd</value>
         <object_component_ref idref="oc-4ee"/>
      </symbol>
      <symbol id="sm-b97">
         <name>scalbnl</name>
         <value>0x32dd</value>
         <object_component_ref idref="oc-4ee"/>
      </symbol>
      <symbol id="sm-b98">
         <name>ldexpl</name>
         <value>0x32dd</value>
         <object_component_ref idref="oc-4ee"/>
      </symbol>
      <symbol id="sm-b99">
         <name>ldexp</name>
         <value>0x32dd</value>
         <object_component_ref idref="oc-4ee"/>
      </symbol>
      <symbol id="sm-bb0">
         <name>__aeabi_dsub</name>
         <value>0x2129</value>
         <object_component_ref idref="oc-4c8"/>
      </symbol>
      <symbol id="sm-bb1">
         <name>__aeabi_dadd</name>
         <value>0x2133</value>
         <object_component_ref idref="oc-4c8"/>
      </symbol>
      <symbol id="sm-bd3">
         <name>__aeabi_cdcmpeq</name>
         <value>0x3bf1</value>
         <object_component_ref idref="oc-368"/>
      </symbol>
      <symbol id="sm-bd4">
         <name>__aeabi_cdcmple</name>
         <value>0x3bf1</value>
         <object_component_ref idref="oc-368"/>
      </symbol>
      <symbol id="sm-bd5">
         <name>__aeabi_cdrcmple</name>
         <value>0x3c77</value>
         <object_component_ref idref="oc-4b3"/>
      </symbol>
      <symbol id="sm-be9">
         <name>__aeabi_ddiv</name>
         <value>0x29ed</value>
         <object_component_ref idref="oc-4ae"/>
      </symbol>
      <symbol id="sm-bf4">
         <name>__aeabi_dmul</name>
         <value>0x33ed</value>
         <object_component_ref idref="oc-4a9"/>
      </symbol>
      <symbol id="sm-bfe">
         <name>__aeabi_d2iz</name>
         <value>0x4979</value>
         <object_component_ref idref="oc-4b8"/>
      </symbol>
      <symbol id="sm-c08">
         <name>__aeabi_i2d</name>
         <value>0x4f09</value>
         <object_component_ref idref="oc-4c3"/>
      </symbol>
      <symbol id="sm-c15">
         <name>__aeabi_uldivmod</name>
         <value>0x3acf</value>
         <object_component_ref idref="oc-4a2"/>
      </symbol>
      <symbol id="sm-c2b">
         <name>__aeabi_errno_addr</name>
         <value>0x53ad</value>
         <object_component_ref idref="oc-391"/>
      </symbol>
      <symbol id="sm-c2c">
         <name>errno</name>
         <value>0x2000123c</value>
         <object_component_ref idref="oc-504"/>
      </symbol>
      <symbol id="sm-c44">
         <name>__TI_wrt_ok</name>
         <value>0x4315</value>
         <object_component_ref idref="oc-51f"/>
      </symbol>
      <symbol id="sm-c54">
         <name>__TI_doflush</name>
         <value>0x4805</value>
         <object_component_ref idref="oc-52b"/>
      </symbol>
      <symbol id="sm-c66">
         <name>fseek</name>
         <value>0x42b1</value>
         <object_component_ref idref="oc-65e"/>
      </symbol>
      <symbol id="sm-c76">
         <name>lseek</name>
         <value>0x4f8d</value>
         <object_component_ref idref="oc-745"/>
      </symbol>
      <symbol id="sm-c92">
         <name>setvbuf</name>
         <value>0x35d5</value>
         <object_component_ref idref="oc-664"/>
      </symbol>
      <symbol id="sm-ca3">
         <name>HOSTclose</name>
         <value>0x49c1</value>
         <object_component_ref idref="oc-801"/>
      </symbol>
      <symbol id="sm-cb4">
         <name>HOSTlseek</name>
         <value>0x40ad</value>
         <object_component_ref idref="oc-813"/>
      </symbol>
      <symbol id="sm-cc6">
         <name>parmbuf</name>
         <value>0x20000c20</value>
      </symbol>
      <symbol id="sm-cc7">
         <name>HOSTopen</name>
         <value>0x4379</value>
         <object_component_ref idref="oc-7fb"/>
      </symbol>
      <symbol id="sm-cd8">
         <name>HOSTread</name>
         <value>0x460d</value>
         <object_component_ref idref="oc-807"/>
      </symbol>
      <symbol id="sm-ce9">
         <name>HOSTrename</name>
         <value>0x4115</value>
         <object_component_ref idref="oc-81f"/>
      </symbol>
      <symbol id="sm-cfa">
         <name>HOSTunlink</name>
         <value>0x4a05</value>
         <object_component_ref idref="oc-819"/>
      </symbol>
      <symbol id="sm-d0b">
         <name>HOSTwrite</name>
         <value>0x4665</value>
         <object_component_ref idref="oc-80d"/>
      </symbol>
      <symbol id="sm-d2f">
         <name>__TI_readmsg</name>
         <value>0x4de9</value>
         <object_component_ref idref="oc-866"/>
      </symbol>
      <symbol id="sm-d30">
         <name>C$$IO$$</name>
         <value>0x4c63</value>
         <object_component_ref idref="oc-860"/>
      </symbol>
      <symbol id="sm-d31">
         <name>__CIOBUF_</name>
         <value>0x20000a14</value>
         <object_component_ref idref="oc-8c4"/>
      </symbol>
      <symbol id="sm-d32">
         <name>__TI_writemsg</name>
         <value>0x4c35</value>
         <object_component_ref idref="oc-860"/>
      </symbol>
      <symbol id="sm-d3c">
         <name>copysign</name>
         <value>0x5159</value>
         <object_component_ref idref="oc-642"/>
      </symbol>
      <symbol id="sm-d3d">
         <name>copysignl</name>
         <value>0x5159</value>
         <object_component_ref idref="oc-642"/>
      </symbol>
      <symbol id="sm-d47">
         <name>__aeabi_idiv0</name>
         <value>0x1d8b</value>
         <object_component_ref idref="oc-629"/>
      </symbol>
      <symbol id="sm-d48">
         <name>__aeabi_ldiv0</name>
         <value>0x1d8b</value>
         <object_component_ref idref="oc-629"/>
      </symbol>
      <symbol id="sm-d58">
         <name>__TI_cleanup</name>
         <value>0x4db5</value>
         <object_component_ref idref="oc-74d"/>
      </symbol>
      <symbol id="sm-d67">
         <name>strcpy</name>
         <value>0x516d</value>
         <object_component_ref idref="oc-87a"/>
      </symbol>
      <symbol id="sm-d7c">
         <name>__TI_closefile</name>
         <value>0x3eed</value>
         <object_component_ref idref="oc-7ef"/>
      </symbol>
      <symbol id="sm-d9f">
         <name>finddevice</name>
         <value>0x4e7d</value>
         <object_component_ref idref="oc-8fd"/>
      </symbol>
      <symbol id="sm-da0">
         <name>getdevice</name>
         <value>0x4a49</value>
         <object_component_ref idref="oc-8ba"/>
      </symbol>
      <symbol id="sm-db0">
         <name>strcmp</name>
         <value>0x5101</value>
         <object_component_ref idref="oc-914"/>
      </symbol>
      <symbol id="sm-dc0">
         <name>strncpy</name>
         <value>0x4d15</value>
         <object_component_ref idref="oc-8f7"/>
      </symbol>
      <symbol id="sm-dd0">
         <name>unlink</name>
         <value>0x4f39</value>
         <object_component_ref idref="oc-855"/>
      </symbol>
      <symbol id="sm-de4">
         <name>close</name>
         <value>0x45b1</value>
         <object_component_ref idref="oc-84f"/>
      </symbol>
      <symbol id="sm-e1f">
         <name>_periodicSvc</name>
         <value>0x20000c28</value>
      </symbol>
      <symbol id="sm-e20">
         <name>SysTick_Handler</name>
         <value>0x1549</value>
         <object_component_ref idref="oc-6e"/>
      </symbol>
      <symbol id="sm-e21">
         <name>waitForInterrupt</name>
         <value>0x165f</value>
         <object_component_ref idref="oc-6e"/>
      </symbol>
      <symbol id="sm-e22">
         <name>initializePeriodicSvc</name>
         <value>0x1431</value>
         <object_component_ref idref="oc-6e"/>
      </symbol>
      <symbol id="sm-e23">
         <name>tickCount</name>
         <value>0x20001228</value>
         <object_component_ref idref="oc-cc"/>
      </symbol>
      <symbol id="sm-e24">
         <name>_sleepTimer</name>
         <value>0x1597</value>
         <object_component_ref idref="oc-6e"/>
      </symbol>
      <symbol id="sm-e25">
         <name>initializeClocks</name>
         <value>0x1441</value>
         <object_component_ref idref="oc-6e"/>
      </symbol>
      <symbol id="sm-e26">
         <name>mySleep</name>
         <value>0x15a5</value>
         <object_component_ref idref="oc-6e"/>
      </symbol>
      <symbol id="sm-e27">
         <name>mySleepMs</name>
         <value>0x1609</value>
         <object_component_ref idref="oc-6e"/>
      </symbol>
      <symbol id="sm-e6a">
         <name>_uartRxBuffer</name>
         <value>0x20000614</value>
      </symbol>
      <symbol id="sm-e6b">
         <name>_uartTxBuffer</name>
         <value>0x20000814</value>
      </symbol>
      <symbol id="sm-e6c">
         <name>uartConfig</name>
         <value>0x55d0</value>
         <object_component_ref idref="oc-e7"/>
      </symbol>
      <symbol id="sm-e6d">
         <name>initializeUart</name>
         <value>0x184f</value>
         <object_component_ref idref="oc-74"/>
      </symbol>
      <symbol id="sm-e6e">
         <name>_uartTxHead</name>
         <value>0x200011f8</value>
         <object_component_ref idref="oc-e3"/>
      </symbol>
      <symbol id="sm-e6f">
         <name>_rxReady</name>
         <value>0x17f7</value>
         <object_component_ref idref="oc-74"/>
      </symbol>
      <symbol id="sm-e70">
         <name>_uartRxHead</name>
         <value>0x200011f0</value>
         <object_component_ref idref="oc-e3"/>
      </symbol>
      <symbol id="sm-e71">
         <name>_rxChar</name>
         <value>0x17c3</value>
         <object_component_ref idref="oc-74"/>
      </symbol>
      <symbol id="sm-e72">
         <name>_txChar</name>
         <value>0x1723</value>
         <object_component_ref idref="oc-74"/>
      </symbol>
      <symbol id="sm-e73">
         <name>_flush</name>
         <value>0x1815</value>
         <object_component_ref idref="oc-74"/>
      </symbol>
      <symbol id="sm-e74">
         <name>_peek</name>
         <value>0x1821</value>
         <object_component_ref idref="oc-74"/>
      </symbol>
      <symbol id="sm-e75">
         <name>EUSCIA0_IRQHandler</name>
         <value>0x16ad</value>
         <object_component_ref idref="oc-74"/>
      </symbol>
      <symbol id="sm-e76">
         <name>_uartTxTail</name>
         <value>0x200011fc</value>
         <object_component_ref idref="oc-e3"/>
      </symbol>
      <symbol id="sm-e77">
         <name>_uartRxTail</name>
         <value>0x200011f4</value>
         <object_component_ref idref="oc-e3"/>
      </symbol>
      <symbol id="sm-e78">
         <name>_gotoLPM0</name>
         <value>0x18d5</value>
         <object_component_ref idref="oc-74"/>
      </symbol>
      <symbol id="sm-e95">
         <name>_ZN3ros4TimemIERKNS_8DurationE</name>
         <value>0x37e1</value>
         <object_component_ref idref="oc-551"/>
      </symbol>
      <symbol id="sm-e96">
         <name>_ZN3ros4Time8fromNSecEi</name>
         <value>0x3789</value>
         <object_component_ref idref="oc-551"/>
      </symbol>
      <symbol id="sm-e97">
         <name>_ZN3ros16normalizeSecNSecERjS0_</name>
         <value>0x380d</value>
         <object_component_ref idref="oc-551"/>
      </symbol>
      <symbol id="sm-e98">
         <name>_ZN3ros4TimepLERKNS_8DurationE</name>
         <value>0x37b5</value>
         <object_component_ref idref="oc-551"/>
      </symbol>
      <symbol id="sm-eb2">
         <name>CPU_wfi</name>
         <value>0x53bb</value>
         <object_component_ref idref="oc-da"/>
      </symbol>
      <symbol id="sm-eb3">
         <name>CPU_cpsie</name>
         <value>0x5345</value>
         <object_component_ref idref="oc-1bd"/>
      </symbol>
      <symbol id="sm-eec">
         <name>Interrupt_enableMaster</name>
         <value>0x51b9</value>
         <object_component_ref idref="oc-c3"/>
      </symbol>
      <symbol id="sm-eed">
         <name>Interrupt_enableInterrupt</name>
         <value>0x3cfd</value>
         <object_component_ref idref="oc-1b5"/>
      </symbol>
      <symbol id="sm-eee">
         <name>Interrupt_registerInterrupt</name>
         <value>0x44f9</value>
         <object_component_ref idref="oc-1af"/>
      </symbol>
      <symbol id="sm-eef">
         <name>g_pfnRAMVectors</name>
         <value>0x20000000</value>
         <object_component_ref idref="oc-344"/>
      </symbol>
      <symbol id="sm-efc">
         <name>Timer32_registerInterrupt</name>
         <value>0x5119</value>
         <object_component_ref idref="oc-bd"/>
      </symbol>
      <symbol id="sm-f0b">
         <name>__aeabi_idivmod</name>
         <value>0x4499</value>
         <object_component_ref idref="oc-6b4"/>
      </symbol>
      <symbol id="sm-f0c">
         <name>__aeabi_idiv</name>
         <value>0x4499</value>
         <object_component_ref idref="oc-6b4"/>
      </symbol>
      <symbol id="sm-f0d">
         <name>__TI_static_base__</name>
         <value>0x0</value>
      </symbol>
      <symbol id="sm-f10">
         <name>__mpu_init</name>
         <value>0x0</value>
      </symbol>
      <symbol id="sm-f11">
         <name>_system_post_cinit</name>
         <value>0x0</value>
      </symbol>
      <symbol id="sm-f12">
         <name>NMI_Handler</name>
         <value>0x5343</value>
      </symbol>
      <symbol id="sm-f13">
         <name>HardFault_Handler</name>
         <value>0x5343</value>
      </symbol>
      <symbol id="sm-f14">
         <name>MemManage_Handler</name>
         <value>0x5343</value>
      </symbol>
      <symbol id="sm-f15">
         <name>BusFault_Handler</name>
         <value>0x5343</value>
      </symbol>
      <symbol id="sm-f16">
         <name>UsageFault_Handler</name>
         <value>0x5343</value>
      </symbol>
      <symbol id="sm-f17">
         <name>SVC_Handler</name>
         <value>0x5343</value>
      </symbol>
      <symbol id="sm-f18">
         <name>DebugMon_Handler</name>
         <value>0x5343</value>
      </symbol>
      <symbol id="sm-f19">
         <name>PendSV_Handler</name>
         <value>0x5343</value>
      </symbol>
      <symbol id="sm-f1a">
         <name>SysTick_Handler</name>
         <value>0x1549</value>
      </symbol>
      <symbol id="sm-f1b">
         <name>PSS_IRQHandler</name>
         <value>0x5343</value>
      </symbol>
      <symbol id="sm-f1c">
         <name>CS_IRQHandler</name>
         <value>0x5343</value>
      </symbol>
      <symbol id="sm-f1d">
         <name>PCM_IRQHandler</name>
         <value>0x5343</value>
      </symbol>
      <symbol id="sm-f1e">
         <name>WDT_A_IRQHandler</name>
         <value>0x5343</value>
      </symbol>
      <symbol id="sm-f1f">
         <name>FPU_IRQHandler</name>
         <value>0x5343</value>
      </symbol>
      <symbol id="sm-f20">
         <name>FLCTL_IRQHandler</name>
         <value>0x5343</value>
      </symbol>
      <symbol id="sm-f21">
         <name>COMP_E0_IRQHandler</name>
         <value>0x5343</value>
      </symbol>
      <symbol id="sm-f22">
         <name>COMP_E1_IRQHandler</name>
         <value>0x5343</value>
      </symbol>
      <symbol id="sm-f23">
         <name>TA0_0_IRQHandler</name>
         <value>0x5343</value>
      </symbol>
      <symbol id="sm-f24">
         <name>TA0_N_IRQHandler</name>
         <value>0x5343</value>
      </symbol>
      <symbol id="sm-f25">
         <name>TA1_0_IRQHandler</name>
         <value>0x5343</value>
      </symbol>
      <symbol id="sm-f26">
         <name>TA1_N_IRQHandler</name>
         <value>0x5343</value>
      </symbol>
      <symbol id="sm-f27">
         <name>TA2_0_IRQHandler</name>
         <value>0x5343</value>
      </symbol>
      <symbol id="sm-f28">
         <name>TA2_N_IRQHandler</name>
         <value>0x5343</value>
      </symbol>
      <symbol id="sm-f29">
         <name>TA3_0_IRQHandler</name>
         <value>0x5343</value>
      </symbol>
      <symbol id="sm-f2a">
         <name>TA3_N_IRQHandler</name>
         <value>0x5343</value>
      </symbol>
      <symbol id="sm-f2b">
         <name>EUSCIA0_IRQHandler</name>
         <value>0x16ad</value>
      </symbol>
      <symbol id="sm-f2c">
         <name>EUSCIA1_IRQHandler</name>
         <value>0x5343</value>
      </symbol>
      <symbol id="sm-f2d">
         <name>EUSCIA2_IRQHandler</name>
         <value>0x5343</value>
      </symbol>
      <symbol id="sm-f2e">
         <name>EUSCIA3_IRQHandler</name>
         <value>0x5343</value>
      </symbol>
      <symbol id="sm-f2f">
         <name>EUSCIB0_IRQHandler</name>
         <value>0x5343</value>
      </symbol>
      <symbol id="sm-f30">
         <name>EUSCIB1_IRQHandler</name>
         <value>0x5343</value>
      </symbol>
      <symbol id="sm-f31">
         <name>EUSCIB2_IRQHandler</name>
         <value>0x5343</value>
      </symbol>
      <symbol id="sm-f32">
         <name>EUSCIB3_IRQHandler</name>
         <value>0x5343</value>
      </symbol>
      <symbol id="sm-f33">
         <name>ADC14_IRQHandler</name>
         <value>0x5343</value>
      </symbol>
      <symbol id="sm-f34">
         <name>T32_INT1_IRQHandler</name>
         <value>0x5343</value>
      </symbol>
      <symbol id="sm-f35">
         <name>T32_INT2_IRQHandler</name>
         <value>0x5343</value>
      </symbol>
      <symbol id="sm-f36">
         <name>T32_INTC_IRQHandler</name>
         <value>0x5343</value>
      </symbol>
      <symbol id="sm-f37">
         <name>AES256_IRQHandler</name>
         <value>0x5343</value>
      </symbol>
      <symbol id="sm-f38">
         <name>RTC_C_IRQHandler</name>
         <value>0x5343</value>
      </symbol>
      <symbol id="sm-f39">
         <name>DMA_ERR_IRQHandler</name>
         <value>0x5343</value>
      </symbol>
      <symbol id="sm-f3a">
         <name>DMA_INT3_IRQHandler</name>
         <value>0x5343</value>
      </symbol>
      <symbol id="sm-f3b">
         <name>DMA_INT2_IRQHandler</name>
         <value>0x5343</value>
      </symbol>
      <symbol id="sm-f3c">
         <name>DMA_INT1_IRQHandler</name>
         <value>0x5343</value>
      </symbol>
      <symbol id="sm-f3d">
         <name>DMA_INT0_IRQHandler</name>
         <value>0x5343</value>
      </symbol>
      <symbol id="sm-f3e">
         <name>PORT1_IRQHandler</name>
         <value>0x5343</value>
      </symbol>
      <symbol id="sm-f3f">
         <name>PORT2_IRQHandler</name>
         <value>0x5343</value>
      </symbol>
      <symbol id="sm-f40">
         <name>PORT3_IRQHandler</name>
         <value>0x5343</value>
      </symbol>
      <symbol id="sm-f41">
         <name>PORT4_IRQHandler</name>
         <value>0x5343</value>
      </symbol>
      <symbol id="sm-f42">
         <name>PORT5_IRQHandler</name>
         <value>0x5343</value>
      </symbol>
      <symbol id="sm-f43">
         <name>PORT6_IRQHandler</name>
         <value>0x5343</value>
      </symbol>
      <symbol id="sm-f44">
         <name>_ZSt17__throw_bad_allocv</name>
         <value>0x53db</value>
      </symbol>
      <symbol id="sm-f45">
         <name>remove</name>
         <value>0x4f39</value>
      </symbol>
   </symbol_table>
   <title>Link successful</title>
</link_info>
