******************************************************************************
                  TI ARM Linker Unix v18.1.4                   
******************************************************************************
>> Linked Wed Jan  9 11:01:44 2019

OUTPUT FILE NAME:   <Joystick.out>
ENTRY POINT SYMBOL: "_c_int00_noargs"  address: 00004c6d


MEMORY CONFIGURATION

         name            origin    length      used     unused   attr    fill
----------------------  --------  ---------  --------  --------  ----  --------
  MAIN                  00000000   00040000  00005ae2  0003a51e  R  X
  INFO                  00200000   00004000  00000000  00004000  R  X
  SRAM_CODE             01000000   00010000  00001442  0000ebbe  RW X
  SRAM_DATA             20000000   00010000  00001442  0000ebbe  RW  


SEGMENT ALLOCATION MAP

run origin  load origin   length   init length attrs members
----------  ----------- ---------- ----------- ----- -------
00000000    00000000    00005ae8   00005ae8    r-x
  00000000    00000000    000000e4   000000e4    r-- .intvecs
  000000e4    000000e4    000052fa   000052fa    r-x .text
  000053e0    000053e0    00000650   00000650    r-- .const
  00005a30    00005a30    00000004   00000004    r-- .init_array
  00005a38    00005a38    000000b0   000000b0    r-- .cinit
20000000    20000000    00001244   00000000    rw-
  20000000    20000000    000000e8   00000000    rw- .vtable
  200000e8    200000e8    00000b4e   00000000    rw- .bss
  20000c38    20000c38    00000400   00000000    rw- .sysmem
  20001038    20001038    0000020c   00000000    rw- .data
2000fe00    2000fe00    00000200   00000000    rw-
  2000fe00    2000fe00    00000200   00000000    rw- .stack


SECTION ALLOCATION MAP

 output                                  attributes/
section   page    origin      length       input sections
--------  ----  ----------  ----------   ----------------
.intvecs   0    00000000    000000e4     
                  00000000    000000e4     startup_msp432p401r_ccs.obj (.intvecs:retain)

.binit     0    00000000    00000000     

.text      0    000000e4    000052fa     
                  000000e4    00000a5e     rtsv7M4_T_le_v4SPD16_eabi.lib : _printfi.c.obj (.text:__TI_printfi)
                  00000b42    00000002                                   : stdlib_typeinfo.cpp.obj (.text:_ZNSt9type_infoD1Ev)
                  00000b44    0000032c     system_msp432p401r.obj (.text)
                  00000e70    00000326     joystick.obj (.text:_ZN3ros11NodeHandle_I15Msp432CHardwareLi25ELi25ELi512ELi512EE8spinOnceEv)
                  00001196    00000298     joystick.obj (.text:_ZN14rosserial_msgs20RequestParamResponse11deserializeEPh)
                  0000142e    00000002     rtsv7M4_T_le_v4SPD16_eabi.lib : _lock.c.obj (.text:_nop)
                  00001430    0000027c     RosMspHwdLib.lib : clocks.obj (.text)
                  000016ac    0000027c                      : my_uart.obj (.text)
                  00001928    00000270     rtsv7M4_T_le_v4SPD16_eabi.lib : _printfi.c.obj (.text:_pconv_a)
                  00001b98    000001f2     joystick.obj (.text:_ZNK14rosserial_msgs20RequestParamResponse9serializeEPh)
                  00001d8a    00000002     rtsv7M4_T_le_v4SPD16_eabi.lib : div0.asm.obj (.text)
                  00001d8c    000001d0                                   : _printfi.c.obj (.text:_pconv_g)
                  00001f5c    000001cc     joystick.obj (.text:_ZN11sensor_msgs3Joy11deserializeEPh)
                  00002128    000001b6     rtsv7M4_T_le_v4SPD16_eabi.lib : fd_add_t2.asm.obj (.text)
                  000022de    00000196     joystick.obj (.text:_ZN3ros11NodeHandle_I15Msp432CHardwareLi25ELi25ELi512ELi512EE15negotiateTopicsEv)
                  00002474    00000190     joystick.obj (.text:_ZN14rosserial_msgs9TopicInfo11deserializeEPh)
                  00002604    0000016c     joystick.obj (.text:_ZNK11sensor_msgs3Joy9serializeEPh)
                  00002770    00000140     joystick.obj (.text:_ZN8std_msgs6Header11deserializeEPh)
                  000028b0    0000013c     rtsv7M4_T_le_v4SPD16_eabi.lib : _printfi.c.obj (.text:_pconv_e)
                  000029ec    00000136                                   : fd_div_t2.asm.obj (.text)
                  00002b22    00000002     --HOLE-- [fill = 0]
                  00002b24    0000012c     joystick.obj (.text:_ZN3ros11NodeHandle_I15Msp432CHardwareLi25ELi25ELi512ELi512EE7publishEiPKNS_3MsgE)
                  00002c50    00000124     rtsv7M4_T_le_v4SPD16_eabi.lib : _printfi.c.obj (.text:fcvt)
                  00002d74    00000116     joystick.obj (.text:_ZNK14rosserial_msgs9TopicInfo9serializeEPh)
                  00002e8a    00000114     joystick.obj (.text:_ZNK8std_msgs6Header9serializeEPh)
                  00002f9e    00000002     --HOLE-- [fill = 0]
                  00002fa0    00000114     rtsv7M4_T_le_v4SPD16_eabi.lib : fputs.c.obj (.text:fputs)
                  000030b4    00000114     joystick.obj (.text)
                  000031c8    00000114     rtsv7M4_T_le_v4SPD16_eabi.lib : memory.c.obj (.text:realloc)
                  000032dc    00000110                                   : s_scalbn.c.obj (.text:scalbn)
                  000033ec    000000fc                                   : fd_mul_t2.asm.obj (.text)
                  000034e8    000000ec     joystick.obj (.text:_ZN3ros11NodeHandle_I15Msp432CHardwareLi25ELi25ELi512ELi512EEC1Ev)
                  000035d4    000000dc     rtsv7M4_T_le_v4SPD16_eabi.lib : setvbuf.c.obj (.text:setvbuf)
                  000036b0    000000d8                                   : memory.c.obj (.text:free)
                  00003788    000000c0     RosMspHwdLib.lib : time.obj (.text)
                  00003848    000000b1     rtsv7M4_T_le_v4SPD16_eabi.lib : _printfi.c.obj (.text:_ltostr)
                  000038f9    00000001     --HOLE-- [fill = 0]
                  000038fa    0000009e     joystick.obj (.text:_ZN8std_msgs4Time11deserializeEPh)
                  00003998    0000009c     rtsv7M4_T_le_v4SPD16_eabi.lib : memcpy_t2.asm.obj (.text)
                  00003a34    0000009a     joystick.obj (.text:_ZNK8std_msgs4Time9serializeEPh)
                  00003ace    00000096     rtsv7M4_T_le_v4SPD16_eabi.lib : ull_div_t2.asm.obj (.text)
                  00003b64    0000008c                                   : fputc.c.obj (.text:fputc)
                  00003bf0    00000086                                   : fd_cmp_t2.asm.obj (.text:__aeabi_cdcmple)
                  00003c76    00000086                                   : fd_cmp_t2.asm.obj (.text:__aeabi_cdrcmple)
                  00003cfc    00000080     msp432p4xx_driverlib.lib : interrupt.o (.text:Interrupt_enableInterrupt)
                  00003d7c    0000007e     joystick.obj (.text:_ZN14rosserial_msgs3Log11deserializeEPh)
                  00003dfa    0000007a     rtsv7M4_T_le_v4SPD16_eabi.lib : memset_t2.asm.obj (.text)
                  00003e74    00000078                                   : memory.c.obj (.text:malloc)
                  00003eec    00000074                                   : fclose.c.obj (.text:__TI_closefile)
                  00003f60    00000070     joystick.obj (.text:_ZN3ros11NodeHandle_I15Msp432CHardwareLi25ELi25ELi512ELi512EE8syncTimeEPh)
                  00003fd0    0000006e     joystick.obj (.text:_ZN8std_msgs6String11deserializeEPh)
                  0000403e    0000006e     rtsv7M4_T_le_v4SPD16_eabi.lib : _printfi.c.obj (.text:_mcpy)
                  000040ac    00000068                                   : hostlseek.c.obj (.text:HOSTlseek)
                  00004114    00000068                                   : hostrename.c.obj (.text:HOSTrename)
                  0000417c    00000068                                   : copy_decompress_lzss.c.obj (.text:decompress:lzss:__TI_decompress_lzss)
                  000041e4    00000068                                   : printf.c.obj (.text:printf)
                  0000424c    00000064                                   : s_frexp.c.obj (.text:frexp)
                  000042b0    00000064                                   : fseek.c.obj (.text:fseek)
                  00004314    00000062                                   : _io_perm.c.obj (.text:__TI_wrt_ok)
                  00004376    00000002     --HOLE-- [fill = 0]
                  00004378    00000060                                   : hostopen.c.obj (.text:HOSTopen)
                  000043d8    00000060     joystick.obj (.text:_ZN3ros11NodeHandle_I15Msp432CHardwareLi25ELi25ELi512ELi512EE6setNowERNS_4TimeE)
                  00004438    00000060     rtsv7M4_T_le_v4SPD16_eabi.lib : autoinit.c.obj (.text:__TI_auto_init_nobinit:__TI_auto_init_nobinit)
                  00004498    0000005e                                   : i_divt2.asm.obj (.text)
                  000044f6    00000002     --HOLE-- [fill = 0]
                  000044f8    0000005c     msp432p4xx_driverlib.lib : interrupt.o (.text:Interrupt_registerInterrupt)
                  00004554    0000005c     joystick.obj (.text:_ZNK14rosserial_msgs3Log9serializeEPh)
                  000045b0    0000005c     rtsv7M4_T_le_v4SPD16_eabi.lib : close.c.obj (.text:close)
                  0000460c    00000058                                   : hostread.c.obj (.text:HOSTread)
                  00004664    00000058                                   : hostwrite.c.obj (.text:HOSTwrite)
                  000046bc    00000056                                   : _printfi.c.obj (.text:_pconv_f)
                  00004712    00000054                                   : ltoa.c.obj (.text:ltoa)
                  00004766    00000052                                   : _printfi.c.obj (.text:_ecpy)
                  000047b8    0000004c     joystick.obj (.text:_ZN3ros11NodeHandle_I15Msp432CHardwareLi25ELi25ELi512ELi512EE9subscribeINS_10SubscriberIN11sensor_msgs3JoyEvEEEEbRT_)
                  00004804    0000004c     rtsv7M4_T_le_v4SPD16_eabi.lib : fflush.c.obj (.text:__TI_doflush)
                  00004850    0000004c                                   : atoi.c.obj (.text:atoi)
                  0000489c    0000004c     led.obj (.text)
                  000048e8    00000048     joystick.obj (.text:_ZNK8std_msgs6String9serializeEPh)
                  00004930    00000048     rtsv7M4_T_le_v4SPD16_eabi.lib : exit.c.obj (.text:exit)
                  00004978    00000048                                   : fd_toi_t2.asm.obj (.text)
                  000049c0    00000044                                   : hostclose.c.obj (.text:HOSTclose)
                  00004a04    00000044                                   : hostunlink.c.obj (.text:HOSTunlink)
                  00004a48    00000044                                   : getdevice.c.obj (.text:getdevice)
                  00004a8c    00000040     joystick.obj (.text:_ZN3ros10SubscriberIN11sensor_msgs3JoyEvEC1EPKcPFvRKS2_Ei)
                  00004acc    0000003e     rtsv7M4_T_le_v4SPD16_eabi.lib : _printfi.c.obj (.text:_fcpy)
                  00004b0a    00000002     --HOLE-- [fill = 0]
                  00004b0c    0000003c     joystick.obj (.text:_ZN14rosserial_msgs20RequestParamResponseC1Ev)
                  00004b48    0000003c     joystick.obj (.text:_ZN14rosserial_msgs9TopicInfoC1Ev)
                  00004b84    0000003c     joystick.obj (.text:_ZN3ros3Msg8arrToVarIjPhEEvRT_T0_)
                  00004bc0    0000003c     rtsv7M4_T_le_v4SPD16_eabi.lib : memory.c.obj (.text:minsert)
                  00004bfc    00000038     joystick.obj (.text:_ZN11sensor_msgs3JoyC1Ev)
                  00004c34    00000038     rtsv7M4_T_le_v4SPD16_eabi.lib : trgmsg.c.obj (.text:__TI_writemsg)
                  00004c6c    00000038                                   : boot_cortex_m.c.obj (.text:_c_int00_noargs:_c_int00_noargs)
                  00004ca4    00000038                                   : memory.c.obj (.text:minit)
                  00004cdc    00000038                                   : fs_tod_t2.asm.obj (.text)
                  00004d14    00000036                                   : strncpy.c.obj (.text:strncpy)
                  00004d4a    00000034     joystick.obj (.text:_ZN15Msp432CHardware5writeEPhi)
                  00004d7e    00000034     joystick.obj (.text:_ZN3ros11NodeHandle_I15Msp432CHardwareLi25ELi25ELi512ELi512EE3logEcPKc)
                  00004db2    00000002     --HOLE-- [fill = 0]
                  00004db4    00000034     rtsv7M4_T_le_v4SPD16_eabi.lib : fopen.c.obj (.text:__TI_cleanup)
                  00004de8    00000034                                   : trgmsg.c.obj (.text:__TI_readmsg)
                  00004e1c    00000030     joystick.obj (.text:_ZN3ros3Msg8varToArrIPhjEEvT_T0_)
                  00004e4c    00000030     joystick.obj (.text:_ZN8std_msgs6HeaderC1Ev)
                  00004e7c    00000030     rtsv7M4_T_le_v4SPD16_eabi.lib : getdevice.c.obj (.text:finddevice)
                  00004eac    0000002e     joystick.obj (.text:_ZN3ros11NodeHandle_I15Msp432CHardwareLi25ELi25ELi512ELi512EE15requestSyncTimeEv)
                  00004eda    0000002e     joystick.obj (.text:_ZN3ros11NodeHandle_I15Msp432CHardwareLi25ELi25ELi512ELi512EE8initNodeEv)
                  00004f08    0000002e     rtsv7M4_T_le_v4SPD16_eabi.lib : i_tofd_t2.asm.obj (.text)
                  00004f36    00000002     --HOLE-- [fill = 0]
                  00004f38    0000002c                                   : unlink.c.obj (.text:unlink)
                  00004f64    00000028     joystick.obj (.text:_ZN14rosserial_msgs3LogC1Ev)
                  00004f8c    00000028     rtsv7M4_T_le_v4SPD16_eabi.lib : lseek.c.obj (.text:lseek)
                  00004fb4    00000028                                   : memory.c.obj (.text:mremove)
                  00004fdc    00000028                                   : write.c.obj (.text:write)
                  00005004    00000024     joystick.obj (.text:_ZN8std_msgs6StringC1Ev)
                  00005028    00000020     joystick.obj (.text:_ZN8std_msgs4TimeC1Ev)
                  00005048    00000020     rtsv7M4_T_le_v4SPD16_eabi.lib : memchr.c.obj (.text:memchr)
                  00005068    0000001c     joystick.obj (.text:_ZN3ros10SubscriberIN11sensor_msgs3JoyEvE8callbackEPh)
                  00005084    0000001c     rtsv7M4_T_le_v4SPD16_eabi.lib : memccpy.c.obj (.text:memccpy)
                  000050a0    00000018     joystick.obj (.text:_ZN3ros11Subscriber_C1Ev)
                  000050b8    00000018     joystick.obj (.text:_ZN3ros15NodeHandleBase_C1Ev)
                  000050d0    00000018     joystick.obj (.text:_ZN3ros3MsgC1Ev)
                  000050e8    00000018     joystick.obj (.text:_ZN3ros4TimeC1Ev)
                  00005100    00000018     rtsv7M4_T_le_v4SPD16_eabi.lib : strcmp.c.obj (.text:strcmp)
                  00005118    00000016     msp432p4xx_driverlib.lib : timer32.o (.text:Timer32_registerInterrupt)
                  0000512e    00000016     rtsv7M4_T_le_v4SPD16_eabi.lib : strchr.c.obj (.text:strchr)
                  00005144    00000014     joystick.obj (.text:_ZN15Msp432CHardware4timeEv)
                  00005158    00000014     rtsv7M4_T_le_v4SPD16_eabi.lib : s_copysign.c.obj (.text:copysign)
                  0000516c    00000014                                   : strcpy.c.obj (.text:strcpy)
                  00005180    00000014                                   : strlen.c.obj (.text:strlen)
                  00005194    00000012     joystick.obj (.text:_ZN3ros11NodeHandle_I15Msp432CHardwareLi25ELi25ELi512ELi512EE8logerrorEPKc)
                  000051a6    00000012     rtsv7M4_T_le_v4SPD16_eabi.lib : wcslen.c.obj (.text:wcslen)
                  000051b8    00000010     msp432p4xx_driverlib.lib : interrupt.o (.text:Interrupt_enableMaster)
                  000051c8    00000010     joystick.obj (.text:_ZN11sensor_msgs3Joy6getMD5Ev)
                  000051d8    00000010     joystick.obj (.text:_ZN11sensor_msgs3Joy7getTypeEv)
                  000051e8    00000010     joystick.obj (.text:_ZN14rosserial_msgs20RequestParamResponse6getMD5Ev)
                  000051f8    00000010     joystick.obj (.text:_ZN14rosserial_msgs20RequestParamResponse7getTypeEv)
                  00005208    00000010     joystick.obj (.text:_ZN14rosserial_msgs3Log6getMD5Ev)
                  00005218    00000010     joystick.obj (.text:_ZN14rosserial_msgs3Log7getTypeEv)
                  00005228    00000010     joystick.obj (.text:_ZN14rosserial_msgs9TopicInfo6getMD5Ev)
                  00005238    00000010     joystick.obj (.text:_ZN14rosserial_msgs9TopicInfo7getTypeEv)
                  00005248    00000010     joystick.obj (.text:_ZN3ros11NodeHandle_I15Msp432CHardwareLi25ELi25ELi512ELi512EE9connectedEv)
                  00005258    00000010     joystick.obj (.text:_ZN8std_msgs4Time6getMD5Ev)
                  00005268    00000010     joystick.obj (.text:_ZN8std_msgs4Time7getTypeEv)
                  00005278    00000010     joystick.obj (.text:_ZN8std_msgs6Header6getMD5Ev)
                  00005288    00000010     joystick.obj (.text:_ZN8std_msgs6Header7getTypeEv)
                  00005298    00000010     joystick.obj (.text:_ZN8std_msgs6String6getMD5Ev)
                  000052a8    00000010     joystick.obj (.text:_ZN8std_msgs6String7getTypeEv)
                  000052b8    0000000e     rtsv7M4_T_le_v4SPD16_eabi.lib : typeinfo.c.obj (.text:_ZN10__cxxabiv117__class_type_infoD0Ev)
                  000052c6    0000000e                                   : typeinfo.c.obj (.text:_ZN10__cxxabiv120__si_class_type_infoD0Ev)
                  000052d4    0000000e     joystick.obj (.text:_ZN15Msp432CHardware5delayEj)
                  000052e2    0000000e     joystick.obj (.text:_ZN3ros10SubscriberIN11sensor_msgs3JoyEvE10getMsgTypeEv)
                  000052f0    0000000e     joystick.obj (.text:_ZN3ros10SubscriberIN11sensor_msgs3JoyEvE15getEndpointTypeEv)
                  000052fe    0000000e     joystick.obj (.text:_ZN3ros10SubscriberIN11sensor_msgs3JoyEvE9getMsgMD5Ev)
                  0000530c    0000000e     joystick.obj (.text:_ZN3ros11NodeHandle_I15Msp432CHardwareLi25ELi25ELi512ELi512EE11getHardwareEv)
                  0000531a    0000000e     joystick.obj (.text:_ZN3ros9Publisher15getEndpointTypeEv)
                  00005328    0000000e     rtsv7M4_T_le_v4SPD16_eabi.lib : copy_decompress_none.c.obj (.text:decompress:none:__TI_decompress_none)
                  00005336    0000000e     startup_msp432p401r_ccs.obj (.text)
                  00005344    0000000c     msp432p4xx_driverlib.lib : cpu.o (.text:CPU_cpsie)
                  00005350    0000000c     joystick.obj (.text:_ZN15Msp432CHardware4initEv)
                  0000535c    0000000c     joystick.obj (.text:_ZN15Msp432CHardwareC1Ev)
                  00005368    0000000c     joystick.obj (.text:_ZN3ros11Subscriber_C2Ev)
                  00005374    0000000c     joystick.obj (.text:_ZN3ros15NodeHandleBase_C2Ev)
                  00005380    0000000c     joystick.obj (.text:_ZN3ros3MsgC2Ev)
                  0000538c    0000000c     rtsv7M4_T_le_v4SPD16_eabi.lib : copy_zero_init.c.obj (.text:decompress:ZI:__TI_zero_init)
                  00005398    0000000a     joystick.obj (.text:_ZN15Msp432CHardware4readEv)
                  000053a2    00000008     rtsv7M4_T_le_v4SPD16_eabi.lib : new.cpp.obj (.text:_ZdlPv)
                  000053aa    00000002     --HOLE-- [fill = 0]
                  000053ac    00000008                                   : errno.c.obj (.text:__aeabi_errno_addr)
                  000053b4    00000006                                   : pure_virt.c.obj (.text:__cxa_pure_virtual)
                  000053ba    00000004     msp432p4xx_driverlib.lib : cpu.o (.text:CPU_wfi)
                  000053be    00000004     rtsv7M4_T_le_v4SPD16_eabi.lib : typeinfo.c.obj (.text:_ZN10__cxxabiv117__class_type_infoD1Ev)
                  000053c2    00000004                                   : typeinfo.c.obj (.text:_ZN10__cxxabiv120__si_class_type_infoD1Ev)
                  000053c6    00000004                                   : new.cpp.obj (.text:_ZdlPvj)
                  000053ca    00000004                                   : error.c.obj (.text:__abort_execution)
                  000053ce    00000004                                   : printf.c.obj (.text:_outc)
                  000053d2    00000004                                   : printf.c.obj (.text:_outs)
                  000053d6    00000004                                   : pre_init.c.obj (.text:_system_pre_init)
                  000053da    00000004                                   : exit.c.obj (.text:abort:abort)

.const     0    000053e0    00000650     
                  000053e0    00000101     rtsv7M4_T_le_v4SPD16_eabi.lib : ctype.c.obj (.const:.string:_ctypes_)
                  000054e1    0000003d     joystick.obj (.const:.typeinfo:_ZTSN3ros11NodeHandle_I15Msp432CHardwareLi25ELi25ELi512ELi512EEE)
                  0000551e    00000039     joystick.obj (.const:.string:_ZZN3ros11NodeHandle_I15Msp432CHardwareLi25ELi25ELi512ELi512EE7publishEiPKNS_3MsgEEs)
                  00005557    00000029     joystick.obj (.const:.typeinfo:_ZTSN14rosserial_msgs20RequestParamResponseE)
                  00005580    00000029     joystick.obj (.const:.typeinfo:_ZTSN3ros10SubscriberIN11sensor_msgs3JoyEvEE)
                  000055a9    00000025     rtsv7M4_T_le_v4SPD16_eabi.lib : typeinfo.c.obj (.const:.typeinfo:_ZTSN10__cxxabiv120__si_class_type_infoE)
                  000055ce    00000001     joystick.obj (.const:.string:_ZZN14rosserial_msgs3LogC1EvEs)
                  000055cf    00000001     joystick.obj (.const:.string:_ZZN14rosserial_msgs9TopicInfoC1EvEs)
                  000055d0    00000024     RosMspHwdLib.lib : my_uart.obj (.const:uartConfig)
                  000055f4    00000022     rtsv7M4_T_le_v4SPD16_eabi.lib : typeinfo.c.obj (.const:.typeinfo:_ZTSN10__cxxabiv117__class_type_infoE)
                  00005616    00000021     joystick.obj (.const:.string:_ZZN11sensor_msgs3Joy6getMD5EvEs)
                  00005637    00000021     joystick.obj (.const:.string:_ZZN14rosserial_msgs20RequestParamResponse6getMD5EvEs)
                  00005658    00000021     joystick.obj (.const:.string:_ZZN14rosserial_msgs3Log6getMD5EvEs)
                  00005679    00000021     joystick.obj (.const:.string:_ZZN14rosserial_msgs9TopicInfo6getMD5EvEs)
                  0000569a    00000021     joystick.obj (.const:.string:_ZZN8std_msgs4Time6getMD5EvEs)
                  000056bb    00000021     joystick.obj (.const:.string:_ZZN8std_msgs6Header6getMD5EvEs)
                  000056dc    00000021     joystick.obj (.const:.string:_ZZN8std_msgs6String6getMD5EvEs)
                  000056fd    0000001d     joystick.obj (.const:.typeinfo:_ZTSN14rosserial_msgs9TopicInfoE)
                  0000571a    0000001c     joystick.obj (.const:.string:_ZN34_INTERNAL_12_joystick_cpp_040711aa14rosserial_msgs12REQUESTPARAME)
                  00005736    00000019     joystick.obj (.const:.string:_ZZN14rosserial_msgs9TopicInfo7getTypeEvEs)
                  0000574f    00000018     joystick.obj (.const:.typeinfo:_ZTSN3ros15NodeHandleBase_E)
                  00005767    00000001     joystick.obj (.const:.string:_ZZN8std_msgs6HeaderC1EvEs)
                  00005768    00000018     joystick.obj (.const:_ZTVN11sensor_msgs3JoyE)
                  00005780    00000018     joystick.obj (.const:_ZTVN14rosserial_msgs20RequestParamResponseE)
                  00005798    00000018     joystick.obj (.const:_ZTVN14rosserial_msgs3LogE)
                  000057b0    00000018     joystick.obj (.const:_ZTVN14rosserial_msgs9TopicInfoE)
                  000057c8    00000018     joystick.obj (.const:_ZTVN3ros10SubscriberIN11sensor_msgs3JoyEvEE)
                  000057e0    00000018     joystick.obj (.const:_ZTVN3ros11Subscriber_E)
                  000057f8    00000018     joystick.obj (.const:_ZTVN3ros3MsgE)
                  00005810    00000018     joystick.obj (.const:_ZTVN8std_msgs4TimeE)
                  00005828    00000018     joystick.obj (.const:_ZTVN8std_msgs6HeaderE)
                  00005840    00000018     joystick.obj (.const:_ZTVN8std_msgs6StringE)
                  00005858    00000017     joystick.obj (.const:.typeinfo:_ZTSN14rosserial_msgs3LogE)
                  0000586f    00000014     joystick.obj (.const:.typeinfo:_ZTSN11sensor_msgs3JoyE)
                  00005883    00000014     joystick.obj (.const:.typeinfo:_ZTSN3ros11Subscriber_E)
                  00005897    00000001     joystick.obj (.const:.string:_ZZN8std_msgs6StringC1EvEs)
                  00005898    00000014     joystick.obj (.const:_ZTVN3ros11NodeHandle_I15Msp432CHardwareLi25ELi25ELi512ELi512EEE)
                  000058ac    00000014     joystick.obj (.const:_ZTVN3ros15NodeHandleBase_E)
                  000058c0    00000013     joystick.obj (.const:.string:_ZZN14rosserial_msgs3Log7getTypeEvEs)
                  000058d3    00000013     joystick.obj (.const:.typeinfo:_ZTSN8std_msgs6HeaderE)
                  000058e6    00000013     joystick.obj (.const:.typeinfo:_ZTSN8std_msgs6StringE)
                  000058f9    00000011     joystick.obj (.const:.typeinfo:_ZTSN8std_msgs4TimeE)
                  0000590a    00000010     joystick.obj (.const:.string:_ZZN11sensor_msgs3Joy7getTypeEvEs)
                  0000591a    00000010     joystick.obj (.const:.string:_ZZN8std_msgs6Header7getTypeEvEs)
                  0000592a    00000010     joystick.obj (.const:.string:_ZZN8std_msgs6String7getTypeEvEs)
                  0000593a    00000002     --HOLE-- [fill = 0]
                  0000593c    00000010     rtsv7M4_T_le_v4SPD16_eabi.lib : typeinfo.c.obj (.const:_ZTVN10__cxxabiv117__class_type_infoE)
                  0000594c    00000010                                   : typeinfo.c.obj (.const:_ZTVN10__cxxabiv120__si_class_type_infoE)
                  0000595c    0000000e     joystick.obj (.const:.string:_ZZN8std_msgs4Time7getTypeEvEs)
                  0000596a    0000000d     rtsv7M4_T_le_v4SPD16_eabi.lib : stdlib_typeinfo.cpp.obj (.const:.typeinfo:_ZTSSt9type_info)
                  00005977    00000001     --HOLE-- [fill = 0]
                  00005978    0000000c                                   : typeinfo.c.obj (.const:.typeinfo:_ZTIN10__cxxabiv117__class_type_infoE)
                  00005984    0000000c                                   : typeinfo.c.obj (.const:.typeinfo:_ZTIN10__cxxabiv120__si_class_type_infoE)
                  00005990    0000000c     joystick.obj (.const:.typeinfo:_ZTIN11sensor_msgs3JoyE)
                  0000599c    0000000c     joystick.obj (.const:.typeinfo:_ZTIN14rosserial_msgs20RequestParamResponseE)
                  000059a8    0000000c     joystick.obj (.const:.typeinfo:_ZTIN14rosserial_msgs3LogE)
                  000059b4    0000000c     joystick.obj (.const:.typeinfo:_ZTIN14rosserial_msgs9TopicInfoE)
                  000059c0    0000000c     joystick.obj (.const:.typeinfo:_ZTIN3ros10SubscriberIN11sensor_msgs3JoyEvEE)
                  000059cc    0000000c     joystick.obj (.const:.typeinfo:_ZTIN3ros11NodeHandle_I15Msp432CHardwareLi25ELi25ELi512ELi512EEE)
                  000059d8    0000000c     joystick.obj (.const:.typeinfo:_ZTIN8std_msgs4TimeE)
                  000059e4    0000000c     joystick.obj (.const:.typeinfo:_ZTIN8std_msgs6HeaderE)
                  000059f0    0000000c     joystick.obj (.const:.typeinfo:_ZTIN8std_msgs6StringE)
                  000059fc    0000000b     joystick.obj (.const:.typeinfo:_ZTSN3ros3MsgE)
                  00005a07    00000001     --HOLE-- [fill = 0]
                  00005a08    00000008     joystick.obj (.const:.typeinfo:_ZTIN3ros11Subscriber_E)
                  00005a10    00000008     joystick.obj (.const:.typeinfo:_ZTIN3ros15NodeHandleBase_E)
                  00005a18    00000008     joystick.obj (.const:.typeinfo:_ZTIN3ros3MsgE)
                  00005a20    00000008     rtsv7M4_T_le_v4SPD16_eabi.lib : stdlib_typeinfo.cpp.obj (.const:.typeinfo:_ZTISt9type_info)
                  00005a28    00000008     msp432p4xx_driverlib.lib : interrupt.o (.const:g_pulEnRegs)

.cinit     0    00005a38    000000b0     
                  00005a38    0000007c     (.cinit..data.load) [load image, compression = lzss]
                  00005ab4    0000000c     (__TI_handler_table)
                  00005ac0    00000008     (.cinit..bss.load) [load image, compression = zero_init]
                  00005ac8    00000008     (.cinit..vtable.load) [load image, compression = zero_init]
                  00005ad0    00000018     (__TI_cinit_table)

.init_array 
*          0    00005a30    00000004     
                  00005a30    00000004     joystick.obj (.init_array)

.vtable    0    20000000    000000e8     UNINITIALIZED
                  20000000    000000e8     msp432p4xx_driverlib.lib : interrupt.o (.vtable)

.bss       0    200000e8    00000b4e     UNINITIALIZED
                  200000e8    0000052c     joystick.obj (.bss:nh_)
                  20000614    00000200     (.common:_uartRxBuffer)
                  20000814    00000200     (.common:_uartTxBuffer)
                  20000a14    00000120     rtsv7M4_T_le_v4SPD16_eabi.lib : trgmsg.c.obj (.bss:_CIOBUF_)
                  20000b34    000000a0     (.common:__TI_tmpnams)
                  20000bd4    00000044     joystick.obj (.bss:sub)
                  20000c18    00000008     joystick.obj (.bss:msg)
                  20000c20    00000008     (.common:parmbuf)
                  20000c28    00000004     (.common:_periodicSvc)
                  20000c2c    00000004     (.common:axis0)
                  20000c30    00000004     (.common:axis1)
                  20000c34    00000001     (.common:red)
                  20000c35    00000001     (.common:yellow)

.sysmem    0    20000c38    00000400     UNINITIALIZED
                  20000c38    00000008     rtsv7M4_T_le_v4SPD16_eabi.lib : memory.c.obj (.sysmem)
                  20000c40    000003f8     --HOLE--

.data      0    20001038    0000020c     UNINITIALIZED
                  20001038    000000f0     rtsv7M4_T_le_v4SPD16_eabi.lib : defs.c.obj (.data:_ftable)
                  20001128    00000078                                   : write.c.obj (.data:_device)
                  200011a0    00000050                                   : write.c.obj (.data:_stream)
                  200011f0    00000010     RosMspHwdLib.lib : my_uart.obj (.data)
                  20001200    00000010     rtsv7M4_T_le_v4SPD16_eabi.lib : defs.c.obj (.data)
                  20001210    0000000c                                   : exit.c.obj (.data:$O1$$)
                  2000121c    0000000c                                   : memory.c.obj (.data:$O1$$)
                  20001228    0000000c     RosMspHwdLib.lib : clocks.obj (.data)
                  20001234    00000008     rtsv7M4_T_le_v4SPD16_eabi.lib : _lock.c.obj (.data:$O1$$)
                  2000123c    00000004                                   : errno.c.obj (.data)
                  20001240    00000004     system_msp432p401r.obj (.data)

.stack     0    2000fe00    00000200     UNINITIALIZED
                  2000fe00    00000004     rtsv7M4_T_le_v4SPD16_eabi.lib : boot_cortex_m.c.obj (.stack)
                  2000fe04    000001fc     --HOLE--

MODULE SUMMARY

       Module                        code    ro data   rw data
       ------                        ----    -------   -------
    ./ccs/
       system_msp432p401r.obj        812     0         8      
       startup_msp432p401r_ccs.obj   14      228       0      
    +--+-----------------------------+-------+---------+---------+
       Total:                        826     228       8      
                                                              
    ./src/
       joystick.obj                  7536    1167      2820   
       led.obj                       76      0         0      
    +--+-----------------------------+-------+---------+---------+
       Total:                        7612    1167      2820   
                                                              
    /home/pops/MicroControllers/ROS_MSP432_Red/RosMspHwdLib/Debug/RosMspHwdLib.lib
       my_uart.obj                   636     36        2080   
       clocks.obj                    636     0         32     
       time.obj                      192     0         0      
    +--+-----------------------------+-------+---------+---------+
       Total:                        1464    36        2112   
                                                              
    /home/pops/ti/simplelink_msp432p4_sdk_2_20_00_12/source/ti/devices/msp432p4xx/driverlib/ccs/msp432p4xx_driverlib.lib
       interrupt.o                   236     8         464    
       timer32.o                     22      0         0      
       cpu.o                         16      0         0      
    +--+-----------------------------+-------+---------+---------+
       Total:                        274     8         464    
                                                              
    /opt/ti/ccsv8/tools/compiler/ti-cgt-arm_18.1.4.LTS/lib/rtsv7M4_T_le_v4SPD16_eabi.lib
       _printfi.c.obj                4867    0         0      
       defs.c.obj                    0       0         832    
       memory.c.obj                  768     0         24     
       trgmsg.c.obj                  108     0         576    
       write.c.obj                   40      0         400    
       fd_add_t2.asm.obj             438     0         0      
       fd_div_t2.asm.obj             310     0         0      
       fputs.c.obj                   276     0         0      
       s_scalbn.c.obj                272     0         0      
       fd_cmp_t2.asm.obj             268     0         0      
       ctype.c.obj                   0       257       0      
       fd_mul_t2.asm.obj             252     0         0      
       setvbuf.c.obj                 220     0         0      
       typeinfo.c.obj                36      127       0      
       memcpy_t2.asm.obj             156     0         0      
       ull_div_t2.asm.obj            150     0         0      
       fputc.c.obj                   140     0         0      
       memset_t2.asm.obj             122     0         0      
       fclose.c.obj                  116     0         0      
       getdevice.c.obj               116     0         0      
       hostopen.c.obj                96      0         16     
       printf.c.obj                  112     0         0      
       copy_decompress_lzss.c.obj    104     0         0      
       hostlseek.c.obj               104     0         0      
       hostrename.c.obj              104     0         0      
       exit.c.obj                    76      0         24     
       fseek.c.obj                   100     0         0      
       s_frexp.c.obj                 100     0         0      
       _io_perm.c.obj                98      0         0      
       autoinit.c.obj                96      0         0      
       i_divt2.asm.obj               94      0         0      
       close.c.obj                   92      0         0      
       hostread.c.obj                88      0         0      
       hostwrite.c.obj               88      0         0      
       ltoa.c.obj                    84      0         0      
       atoi.c.obj                    76      0         0      
       fflush.c.obj                  76      0         0      
       fd_toi_t2.asm.obj             72      0         0      
       hostclose.c.obj               68      0         0      
       hostunlink.c.obj              68      0         0      
       boot_cortex_m.c.obj           56      0         0      
       fs_tod_t2.asm.obj             56      0         0      
       strncpy.c.obj                 54      0         0      
       fopen.c.obj                   52      0         0      
       i_tofd_t2.asm.obj             46      0         0      
       unlink.c.obj                  44      0         0      
       lseek.c.obj                   40      0         0      
       memchr.c.obj                  32      0         0      
       memccpy.c.obj                 28      0         0      
       strcmp.c.obj                  24      0         0      
       stdlib_typeinfo.cpp.obj       2       21        0      
       strchr.c.obj                  22      0         0      
       s_copysign.c.obj              20      0         0      
       strcpy.c.obj                  20      0         0      
       strlen.c.obj                  20      0         0      
       _lock.c.obj                   2       0         16     
       wcslen.c.obj                  18      0         0      
       errno.c.obj                   8       0         8      
       copy_decompress_none.c.obj    14      0         0      
       copy_zero_init.c.obj          12      0         0      
       new.cpp.obj                   12      0         0      
       pure_virt.c.obj               6       0         0      
       error.c.obj                   4       0         0      
       pre_init.c.obj                4       0         0      
       div0.asm.obj                  2       0         0      
    +--+-----------------------------+-------+---------+---------+
       Total:                        11049   405       1896   
                                                              
       Heap:                         0       0         2048   
       Stack:                        0       0         1024   
       Linker Generated:             0       176       0      
    +--+-----------------------------+-------+---------+---------+
       Grand Total:                  21225   2020      10372  


LINKER GENERATED COPY TABLES

__TI_cinit_table @ 00005ad0 records: 3, size/record: 8, table size: 24
	.data: load addr=00005a38, load size=0000007c bytes, run addr=20001038, run size=0000020c bytes, compression=lzss
	.bss: load addr=00005ac0, load size=00000008 bytes, run addr=200000e8, run size=00000b4e bytes, compression=zero_init
	.vtable: load addr=00005ac8, load size=00000008 bytes, run addr=20000000, run size=000000e8 bytes, compression=zero_init


LINKER GENERATED HANDLER TABLE

__TI_handler_table @ 00005ab4 records: 3, size/record: 4, table size: 12
	index: 0, handler: __TI_zero_init
	index: 1, handler: __TI_decompress_lzss
	index: 2, handler: __TI_decompress_none


GLOBAL SYMBOLS: SORTED ALPHABETICALLY BY Name 

address   name                                                                                                                
-------   ----                                                                                                                
00005343  ADC14_IRQHandler                                                                                                    
00005343  AES256_IRQHandler                                                                                                   
00005343  BusFault_Handler                                                                                                    
000053db  C$$EXIT                                                                                                             
00004c63  C$$IO$$                                                                                                             
00005343  COMP_E0_IRQHandler                                                                                                  
00005343  COMP_E1_IRQHandler                                                                                                  
00005345  CPU_cpsie                                                                                                           
000053bb  CPU_wfi                                                                                                             
00005343  CS_IRQHandler                                                                                                       
00005343  DMA_ERR_IRQHandler                                                                                                  
00005343  DMA_INT0_IRQHandler                                                                                                 
00005343  DMA_INT1_IRQHandler                                                                                                 
00005343  DMA_INT2_IRQHandler                                                                                                 
00005343  DMA_INT3_IRQHandler                                                                                                 
00005343  DebugMon_Handler                                                                                                    
00005343  Default_Handler                                                                                                     
000016ad  EUSCIA0_IRQHandler                                                                                                  
000016ad  EUSCIA0_IRQHandler                                                                                                  
00005343  EUSCIA1_IRQHandler                                                                                                  
00005343  EUSCIA2_IRQHandler                                                                                                  
00005343  EUSCIA3_IRQHandler                                                                                                  
00005343  EUSCIB0_IRQHandler                                                                                                  
00005343  EUSCIB1_IRQHandler                                                                                                  
00005343  EUSCIB2_IRQHandler                                                                                                  
00005343  EUSCIB3_IRQHandler                                                                                                  
00005343  FLCTL_IRQHandler                                                                                                    
00005343  FPU_IRQHandler                                                                                                      
000049c1  HOSTclose                                                                                                           
000040ad  HOSTlseek                                                                                                           
00004379  HOSTopen                                                                                                            
0000460d  HOSTread                                                                                                            
00004115  HOSTrename                                                                                                          
00004a05  HOSTunlink                                                                                                          
00004665  HOSTwrite                                                                                                           
00005343  HardFault_Handler                                                                                                   
00003cfd  Interrupt_enableInterrupt                                                                                           
000051b9  Interrupt_enableMaster                                                                                              
000044f9  Interrupt_registerInterrupt                                                                                         
00005343  MemManage_Handler                                                                                                   
00005343  NMI_Handler                                                                                                         
00005343  PCM_IRQHandler                                                                                                      
00005343  PORT1_IRQHandler                                                                                                    
00005343  PORT2_IRQHandler                                                                                                    
00005343  PORT3_IRQHandler                                                                                                    
00005343  PORT4_IRQHandler                                                                                                    
00005343  PORT5_IRQHandler                                                                                                    
00005343  PORT6_IRQHandler                                                                                                    
00005343  PSS_IRQHandler                                                                                                      
00005343  PendSV_Handler                                                                                                      
00005343  RTC_C_IRQHandler                                                                                                    
00005337  Reset_Handler                                                                                                       
00005a30  SHT$$INIT_ARRAY$$Base                                                                                               
00005a34  SHT$$INIT_ARRAY$$Limit                                                                                              
00005343  SVC_Handler                                                                                                         
00001549  SysTick_Handler                                                                                                     
00001549  SysTick_Handler                                                                                                     
20001240  SystemCoreClock                                                                                                     
00000b45  SystemCoreClockUpdate                                                                                               
00000db9  SystemInit                                                                                                          
00005343  T32_INT1_IRQHandler                                                                                                 
00005343  T32_INT2_IRQHandler                                                                                                 
00005343  T32_INTC_IRQHandler                                                                                                 
00005343  TA0_0_IRQHandler                                                                                                    
00005343  TA0_N_IRQHandler                                                                                                    
00005343  TA1_0_IRQHandler                                                                                                    
00005343  TA1_N_IRQHandler                                                                                                    
00005343  TA2_0_IRQHandler                                                                                                    
00005343  TA2_N_IRQHandler                                                                                                    
00005343  TA3_0_IRQHandler                                                                                                    
00005343  TA3_N_IRQHandler                                                                                                    
00005119  Timer32_registerInterrupt                                                                                           
00005343  UsageFault_Handler                                                                                                  
4000480c  WDTCTL_SYM                                                                                                          
00005343  WDT_A_IRQHandler                                                                                                    
000030b5  _Z9joyDataCbRKN11sensor_msgs3JoyE                                                                                   
000052b9  _ZN10__cxxabiv117__class_type_infoD0Ev                                                                              
000053bf  _ZN10__cxxabiv117__class_type_infoD1Ev                                                                              
000053bf  _ZN10__cxxabiv117__class_type_infoD2Ev                                                                              
000052c7  _ZN10__cxxabiv120__si_class_type_infoD0Ev                                                                           
000053c3  _ZN10__cxxabiv120__si_class_type_infoD1Ev                                                                           
000053c3  _ZN10__cxxabiv120__si_class_type_infoD2Ev                                                                           
00001f5d  _ZN11sensor_msgs3Joy11deserializeEPh                                                                                
000051c9  _ZN11sensor_msgs3Joy6getMD5Ev                                                                                       
000051d9  _ZN11sensor_msgs3Joy7getTypeEv                                                                                      
00004bfd  _ZN11sensor_msgs3JoyC1Ev                                                                                            
00001197  _ZN14rosserial_msgs20RequestParamResponse11deserializeEPh                                                           
000051e9  _ZN14rosserial_msgs20RequestParamResponse6getMD5Ev                                                                  
000051f9  _ZN14rosserial_msgs20RequestParamResponse7getTypeEv                                                                 
00004b0d  _ZN14rosserial_msgs20RequestParamResponseC1Ev                                                                       
00003d7d  _ZN14rosserial_msgs3Log11deserializeEPh                                                                             
00005209  _ZN14rosserial_msgs3Log6getMD5Ev                                                                                    
00005219  _ZN14rosserial_msgs3Log7getTypeEv                                                                                   
00004f65  _ZN14rosserial_msgs3LogC1Ev                                                                                         
00002475  _ZN14rosserial_msgs9TopicInfo11deserializeEPh                                                                       
00005229  _ZN14rosserial_msgs9TopicInfo6getMD5Ev                                                                              
00005239  _ZN14rosserial_msgs9TopicInfo7getTypeEv                                                                             
00004b49  _ZN14rosserial_msgs9TopicInfoC1Ev                                                                                   
00005351  _ZN15Msp432CHardware4initEv                                                                                         
00005399  _ZN15Msp432CHardware4readEv                                                                                         
00005145  _ZN15Msp432CHardware4timeEv                                                                                         
000052d5  _ZN15Msp432CHardware5delayEj                                                                                        
00004d4b  _ZN15Msp432CHardware5writeEPhi                                                                                      
0000535d  _ZN15Msp432CHardwareC1Ev                                                                                            
000052e3  _ZN3ros10SubscriberIN11sensor_msgs3JoyEvE10getMsgTypeEv                                                             
000052f1  _ZN3ros10SubscriberIN11sensor_msgs3JoyEvE15getEndpointTypeEv                                                        
00005069  _ZN3ros10SubscriberIN11sensor_msgs3JoyEvE8callbackEPh                                                               
000052ff  _ZN3ros10SubscriberIN11sensor_msgs3JoyEvE9getMsgMD5Ev                                                               
00004a8d  _ZN3ros10SubscriberIN11sensor_msgs3JoyEvEC1EPKcPFvRKS2_Ei                                                           
0000530d  _ZN3ros11NodeHandle_I15Msp432CHardwareLi25ELi25ELi512ELi512EE11getHardwareEv                                        
000022df  _ZN3ros11NodeHandle_I15Msp432CHardwareLi25ELi25ELi512ELi512EE15negotiateTopicsEv                                    
00004ead  _ZN3ros11NodeHandle_I15Msp432CHardwareLi25ELi25ELi512ELi512EE15requestSyncTimeEv                                    
00004d7f  _ZN3ros11NodeHandle_I15Msp432CHardwareLi25ELi25ELi512ELi512EE3logEcPKc                                              
000043d9  _ZN3ros11NodeHandle_I15Msp432CHardwareLi25ELi25ELi512ELi512EE6setNowERNS_4TimeE                                     
00002b25  _ZN3ros11NodeHandle_I15Msp432CHardwareLi25ELi25ELi512ELi512EE7publishEiPKNS_3MsgE                                   
00004edb  _ZN3ros11NodeHandle_I15Msp432CHardwareLi25ELi25ELi512ELi512EE8initNodeEv                                            
00005195  _ZN3ros11NodeHandle_I15Msp432CHardwareLi25ELi25ELi512ELi512EE8logerrorEPKc                                          
00000e71  _ZN3ros11NodeHandle_I15Msp432CHardwareLi25ELi25ELi512ELi512EE8spinOnceEv                                            
00003f61  _ZN3ros11NodeHandle_I15Msp432CHardwareLi25ELi25ELi512ELi512EE8syncTimeEPh                                           
00005249  _ZN3ros11NodeHandle_I15Msp432CHardwareLi25ELi25ELi512ELi512EE9connectedEv                                           
000047b9  _ZN3ros11NodeHandle_I15Msp432CHardwareLi25ELi25ELi512ELi512EE9subscribeINS_10SubscriberIN11sensor_msgs3JoyEvEEEEbRT_
000034e9  _ZN3ros11NodeHandle_I15Msp432CHardwareLi25ELi25ELi512ELi512EEC1Ev                                                   
000050a1  _ZN3ros11Subscriber_C1Ev                                                                                            
00005369  _ZN3ros11Subscriber_C2Ev                                                                                            
000050b9  _ZN3ros15NodeHandleBase_C1Ev                                                                                        
00005375  _ZN3ros15NodeHandleBase_C2Ev                                                                                        
0000380d  _ZN3ros16normalizeSecNSecERjS0_                                                                                     
00004b85  _ZN3ros3Msg8arrToVarIjPhEEvRT_T0_                                                                                   
00004e1d  _ZN3ros3Msg8varToArrIPhjEEvT_T0_                                                                                    
000050d1  _ZN3ros3MsgC1Ev                                                                                                     
00005381  _ZN3ros3MsgC2Ev                                                                                                     
00003789  _ZN3ros4Time8fromNSecEi                                                                                             
000050e9  _ZN3ros4TimeC1Ev                                                                                                    
000037e1  _ZN3ros4TimemIERKNS_8DurationE                                                                                      
000037b5  _ZN3ros4TimepLERKNS_8DurationE                                                                                      
0000531b  _ZN3ros9Publisher15getEndpointTypeEv                                                                                
000038fb  _ZN8std_msgs4Time11deserializeEPh                                                                                   
00005259  _ZN8std_msgs4Time6getMD5Ev                                                                                          
00005269  _ZN8std_msgs4Time7getTypeEv                                                                                         
00005029  _ZN8std_msgs4TimeC1Ev                                                                                               
00002771  _ZN8std_msgs6Header11deserializeEPh                                                                                 
00005279  _ZN8std_msgs6Header6getMD5Ev                                                                                        
00005289  _ZN8std_msgs6Header7getTypeEv                                                                                       
00004e4d  _ZN8std_msgs6HeaderC1Ev                                                                                             
00003fd1  _ZN8std_msgs6String11deserializeEPh                                                                                 
00005299  _ZN8std_msgs6String6getMD5Ev                                                                                        
000052a9  _ZN8std_msgs6String7getTypeEv                                                                                       
00005005  _ZN8std_msgs6StringC1Ev                                                                                             
00002605  _ZNK11sensor_msgs3Joy9serializeEPh                                                                                  
00001b99  _ZNK14rosserial_msgs20RequestParamResponse9serializeEPh                                                             
00004555  _ZNK14rosserial_msgs3Log9serializeEPh                                                                               
00002d75  _ZNK14rosserial_msgs9TopicInfo9serializeEPh                                                                         
00003a35  _ZNK8std_msgs4Time9serializeEPh                                                                                     
00002e8b  _ZNK8std_msgs6Header9serializeEPh                                                                                   
000048e9  _ZNK8std_msgs6String9serializeEPh                                                                                   
00000b43  _ZNSt9type_infoD1Ev                                                                                                 
00000b43  _ZNSt9type_infoD2Ev                                                                                                 
000053db  _ZSt17__throw_bad_allocv                                                                                            
00005978  _ZTIN10__cxxabiv117__class_type_infoE                                                                               
00005984  _ZTIN10__cxxabiv120__si_class_type_infoE                                                                            
00005990  _ZTIN11sensor_msgs3JoyE                                                                                             
0000599c  _ZTIN14rosserial_msgs20RequestParamResponseE                                                                        
000059a8  _ZTIN14rosserial_msgs3LogE                                                                                          
000059b4  _ZTIN14rosserial_msgs9TopicInfoE                                                                                    
000059c0  _ZTIN3ros10SubscriberIN11sensor_msgs3JoyEvEE                                                                        
000059cc  _ZTIN3ros11NodeHandle_I15Msp432CHardwareLi25ELi25ELi512ELi512EEE                                                    
00005a08  _ZTIN3ros11Subscriber_E                                                                                             
00005a10  _ZTIN3ros15NodeHandleBase_E                                                                                         
00005a18  _ZTIN3ros3MsgE                                                                                                      
000059d8  _ZTIN8std_msgs4TimeE                                                                                                
000059e4  _ZTIN8std_msgs6HeaderE                                                                                              
000059f0  _ZTIN8std_msgs6StringE                                                                                              
00005a20  _ZTISt9type_info                                                                                                    
000055f4  _ZTSN10__cxxabiv117__class_type_infoE                                                                               
000055a9  _ZTSN10__cxxabiv120__si_class_type_infoE                                                                            
0000586f  _ZTSN11sensor_msgs3JoyE                                                                                             
00005557  _ZTSN14rosserial_msgs20RequestParamResponseE                                                                        
00005858  _ZTSN14rosserial_msgs3LogE                                                                                          
000056fd  _ZTSN14rosserial_msgs9TopicInfoE                                                                                    
00005580  _ZTSN3ros10SubscriberIN11sensor_msgs3JoyEvEE                                                                        
000054e1  _ZTSN3ros11NodeHandle_I15Msp432CHardwareLi25ELi25ELi512ELi512EEE                                                    
00005883  _ZTSN3ros11Subscriber_E                                                                                             
0000574f  _ZTSN3ros15NodeHandleBase_E                                                                                         
000059fc  _ZTSN3ros3MsgE                                                                                                      
000058f9  _ZTSN8std_msgs4TimeE                                                                                                
000058d3  _ZTSN8std_msgs6HeaderE                                                                                              
000058e6  _ZTSN8std_msgs6StringE                                                                                              
0000596a  _ZTSSt9type_info                                                                                                    
0000593c  _ZTVN10__cxxabiv117__class_type_infoE                                                                               
0000594c  _ZTVN10__cxxabiv120__si_class_type_infoE                                                                            
00005768  _ZTVN11sensor_msgs3JoyE                                                                                             
00005780  _ZTVN14rosserial_msgs20RequestParamResponseE                                                                        
00005798  _ZTVN14rosserial_msgs3LogE                                                                                          
000057b0  _ZTVN14rosserial_msgs9TopicInfoE                                                                                    
000057c8  _ZTVN3ros10SubscriberIN11sensor_msgs3JoyEvEE                                                                        
00005898  _ZTVN3ros11NodeHandle_I15Msp432CHardwareLi25ELi25ELi512ELi512EEE                                                    
000057e0  _ZTVN3ros11Subscriber_E                                                                                             
000058ac  _ZTVN3ros15NodeHandleBase_E                                                                                         
000057f8  _ZTVN3ros3MsgE                                                                                                      
00005810  _ZTVN8std_msgs4TimeE                                                                                                
00005828  _ZTVN8std_msgs6HeaderE                                                                                              
00005840  _ZTVN8std_msgs6StringE                                                                                              
00005616  _ZZN11sensor_msgs3Joy6getMD5EvEs                                                                                    
0000590a  _ZZN11sensor_msgs3Joy7getTypeEvEs                                                                                   
00005637  _ZZN14rosserial_msgs20RequestParamResponse6getMD5EvEs                                                               
00005658  _ZZN14rosserial_msgs3Log6getMD5EvEs                                                                                 
000058c0  _ZZN14rosserial_msgs3Log7getTypeEvEs                                                                                
000055ce  _ZZN14rosserial_msgs3LogC1EvEs                                                                                      
00005679  _ZZN14rosserial_msgs9TopicInfo6getMD5EvEs                                                                           
00005736  _ZZN14rosserial_msgs9TopicInfo7getTypeEvEs                                                                          
000055cf  _ZZN14rosserial_msgs9TopicInfoC1EvEs                                                                                
0000551e  _ZZN3ros11NodeHandle_I15Msp432CHardwareLi25ELi25ELi512ELi512EE7publishEiPKNS_3MsgEEs                                
0000569a  _ZZN8std_msgs4Time6getMD5EvEs                                                                                       
0000595c  _ZZN8std_msgs4Time7getTypeEvEs                                                                                      
000056bb  _ZZN8std_msgs6Header6getMD5EvEs                                                                                     
0000591a  _ZZN8std_msgs6Header7getTypeEvEs                                                                                    
00005767  _ZZN8std_msgs6HeaderC1EvEs                                                                                          
000056dc  _ZZN8std_msgs6String6getMD5EvEs                                                                                     
0000592a  _ZZN8std_msgs6String7getTypeEvEs                                                                                    
00005897  _ZZN8std_msgs6StringC1EvEs                                                                                          
000053a3  _ZdlPv                                                                                                              
000053c7  _ZdlPvj                                                                                                             
20000a14  __CIOBUF_                                                                                                           
20010000  __STACK_END                                                                                                         
00000200  __STACK_SIZE                                                                                                        
00000400  __SYSMEM_SIZE                                                                                                       
00005ad0  __TI_CINIT_Base                                                                                                     
00005ae8  __TI_CINIT_Limit                                                                                                    
00005ab4  __TI_Handler_Table_Base                                                                                             
00005ac0  __TI_Handler_Table_Limit                                                                                            
00004439  __TI_auto_init_nobinit                                                                                              
00004db5  __TI_cleanup                                                                                                        
20001210  __TI_cleanup_ptr                                                                                                    
00003eed  __TI_closefile                                                                                                      
0000417d  __TI_decompress_lzss                                                                                                
00005329  __TI_decompress_none                                                                                                
00004805  __TI_doflush                                                                                                        
20001214  __TI_dtors_ptr                                                                                                      
20001218  __TI_enable_exit_profile_output                                                                                     
20001200  __TI_ft_end                                                                                                         
ffffffff  __TI_pprof_out_hndl                                                                                                 
000000e5  __TI_printfi                                                                                                        
ffffffff  __TI_prof_data_size                                                                                                 
ffffffff  __TI_prof_data_start                                                                                                
00004de9  __TI_readmsg                                                                                                        
00000000  __TI_static_base__                                                                                                  
20000b34  __TI_tmpnams                                                                                                        
00004c35  __TI_writemsg                                                                                                       
00004315  __TI_wrt_ok                                                                                                         
0000538d  __TI_zero_init                                                                                                      
000053cb  __abort_execution                                                                                                   
00003bf1  __aeabi_cdcmpeq                                                                                                     
00003bf1  __aeabi_cdcmple                                                                                                     
00003c77  __aeabi_cdrcmple                                                                                                    
00004979  __aeabi_d2iz                                                                                                        
00002133  __aeabi_dadd                                                                                                        
000029ed  __aeabi_ddiv                                                                                                        
000033ed  __aeabi_dmul                                                                                                        
00002129  __aeabi_dsub                                                                                                        
000053ad  __aeabi_errno_addr                                                                                                  
00004cdd  __aeabi_f2d                                                                                                         
00004f09  __aeabi_i2d                                                                                                         
00004499  __aeabi_idiv                                                                                                        
00001d8b  __aeabi_idiv0                                                                                                       
00004499  __aeabi_idivmod                                                                                                     
00001d8b  __aeabi_ldiv0                                                                                                       
00003dfb  __aeabi_memclr                                                                                                      
00003dfb  __aeabi_memclr4                                                                                                     
00003dfb  __aeabi_memclr8                                                                                                     
00003999  __aeabi_memcpy                                                                                                      
00003999  __aeabi_memcpy4                                                                                                     
00003999  __aeabi_memcpy8                                                                                                     
00003dfd  __aeabi_memset                                                                                                      
00003dfd  __aeabi_memset4                                                                                                     
00003dfd  __aeabi_memset8                                                                                                     
2000120c  __aeabi_stderr                                                                                                      
20001204  __aeabi_stdin                                                                                                       
20001208  __aeabi_stdout                                                                                                      
00003acf  __aeabi_uldivmod                                                                                                    
ffffffff  __binit__                                                                                                           
ffffffff  __c_args__                                                                                                          
000053b5  __cxa_pure_virtual                                                                                                  
UNDEFED   __mpu_init                                                                                                          
2000fe00  __stack                                                                                                             
00003169  __sti___12_joystick_cpp_040711aa                                                                                    
00004c6d  _c_int00_noargs                                                                                                     
000053e0  _ctypes_                                                                                                            
20001128  _device                                                                                                             
00001815  _flush                                                                                                              
20001038  _ftable                                                                                                             
000018d5  _gotoLPM0                                                                                                           
20001234  _lock                                                                                                               
0000142f  _nop                                                                                                                
00001821  _peek                                                                                                               
20000c28  _periodicSvc                                                                                                        
000017c3  _rxChar                                                                                                             
000017f7  _rxReady                                                                                                            
00001597  _sleepTimer                                                                                                         
200011a0  _stream                                                                                                             
20000c38  _sys_memory                                                                                                         
UNDEFED   _system_post_cinit                                                                                                  
000053d7  _system_pre_init                                                                                                    
00001723  _txChar                                                                                                             
20000614  _uartRxBuffer                                                                                                       
200011f0  _uartRxHead                                                                                                         
200011f4  _uartRxTail                                                                                                         
20000814  _uartTxBuffer                                                                                                       
200011f8  _uartTxHead                                                                                                         
200011fc  _uartTxTail                                                                                                         
20001238  _unlock                                                                                                             
000053db  abort                                                                                                               
00004851  atoi                                                                                                                
20000c2c  axis0                                                                                                               
20000c30  axis1                                                                                                               
ffffffff  binit                                                                                                               
000045b1  close                                                                                                               
00005159  copysign                                                                                                            
00005159  copysignl                                                                                                           
2000123c  errno                                                                                                               
00004931  exit                                                                                                                
00004e7d  finddevice                                                                                                          
00003b65  fputc                                                                                                               
00002fa1  fputs                                                                                                               
[...]
00005343  PORT4_IRQHandler                                                                                                    
00005343  PORT5_IRQHandler                                                                                                    
00005343  PORT6_IRQHandler                                                                                                    
00005343  PSS_IRQHandler                                                                                                      
00005343  PendSV_Handler                                                                                                      
00005343  RTC_C_IRQHandler                                                                                                    
00005343  SVC_Handler                                                                                                         
00005343  T32_INT1_IRQHandler                                                                                                 
00005343  T32_INT2_IRQHandler                                                                                                 
00005343  T32_INTC_IRQHandler                                                                                                 
00005343  TA0_0_IRQHandler                                                                                                    
00005343  TA0_N_IRQHandler                                                                                                    
00005343  TA1_0_IRQHandler                                                                                                    
00005343  TA1_N_IRQHandler                                                                                                    
00005343  TA2_0_IRQHandler                                                                                                    
00005343  TA2_N_IRQHandler                                                                                                    
00005343  TA3_0_IRQHandler                                                                                                    
00005343  TA3_N_IRQHandler                                                                                                    
00005343  UsageFault_Handler                                                                                                  
00005343  WDT_A_IRQHandler                                                                                                    
00005345  CPU_cpsie                                                                                                           
00005351  _ZN15Msp432CHardware4initEv                                                                                         
0000535d  _ZN15Msp432CHardwareC1Ev                                                                                            
00005369  _ZN3ros11Subscriber_C2Ev                                                                                            
00005375  _ZN3ros15NodeHandleBase_C2Ev                                                                                        
00005381  _ZN3ros3MsgC2Ev                                                                                                     
0000538d  __TI_zero_init                                                                                                      
00005399  _ZN15Msp432CHardware4readEv                                                                                         
000053a3  _ZdlPv                                                                                                              
000053ad  __aeabi_errno_addr                                                                                                  
000053b5  __cxa_pure_virtual                                                                                                  
000053bb  CPU_wfi                                                                                                             
000053bf  _ZN10__cxxabiv117__class_type_infoD1Ev                                                                              
000053bf  _ZN10__cxxabiv117__class_type_infoD2Ev                                                                              
000053c3  _ZN10__cxxabiv120__si_class_type_infoD1Ev                                                                           
000053c3  _ZN10__cxxabiv120__si_class_type_infoD2Ev                                                                           
000053c7  _ZdlPvj                                                                                                             
000053cb  __abort_execution                                                                                                   
000053d7  _system_pre_init                                                                                                    
000053db  C$$EXIT                                                                                                             
000053db  _ZSt17__throw_bad_allocv                                                                                            
000053db  abort                                                                                                               
000053e0  _ctypes_                                                                                                            
000054e1  _ZTSN3ros11NodeHandle_I15Msp432CHardwareLi25ELi25ELi512ELi512EEE                                                    
0000551e  _ZZN3ros11NodeHandle_I15Msp432CHardwareLi25ELi25ELi512ELi512EE7publishEiPKNS_3MsgEEs                                
00005557  _ZTSN14rosserial_msgs20RequestParamResponseE                                                                        
00005580  _ZTSN3ros10SubscriberIN11sensor_msgs3JoyEvEE                                                                        
000055a9  _ZTSN10__cxxabiv120__si_class_type_infoE                                                                            
000055ce  _ZZN14rosserial_msgs3LogC1EvEs                                                                                      
000055cf  _ZZN14rosserial_msgs9TopicInfoC1EvEs                                                                                
000055d0  uartConfig                                                                                                          
000055f4  _ZTSN10__cxxabiv117__class_type_infoE                                                                               
00005616  _ZZN11sensor_msgs3Joy6getMD5EvEs                                                                                    
00005637  _ZZN14rosserial_msgs20RequestParamResponse6getMD5EvEs                                                               
00005658  _ZZN14rosserial_msgs3Log6getMD5EvEs                                                                                 
00005679  _ZZN14rosserial_msgs9TopicInfo6getMD5EvEs                                                                           
0000569a  _ZZN8std_msgs4Time6getMD5EvEs                                                                                       
000056bb  _ZZN8std_msgs6Header6getMD5EvEs                                                                                     
000056dc  _ZZN8std_msgs6String6getMD5EvEs                                                                                     
000056fd  _ZTSN14rosserial_msgs9TopicInfoE                                                                                    
00005736  _ZZN14rosserial_msgs9TopicInfo7getTypeEvEs                                                                          
0000574f  _ZTSN3ros15NodeHandleBase_E                                                                                         
00005767  _ZZN8std_msgs6HeaderC1EvEs                                                                                          
00005768  _ZTVN11sensor_msgs3JoyE                                                                                             
00005780  _ZTVN14rosserial_msgs20RequestParamResponseE                                                                        
00005798  _ZTVN14rosserial_msgs3LogE                                                                                          
000057b0  _ZTVN14rosserial_msgs9TopicInfoE                                                                                    
000057c8  _ZTVN3ros10SubscriberIN11sensor_msgs3JoyEvEE                                                                        
000057e0  _ZTVN3ros11Subscriber_E                                                                                             
000057f8  _ZTVN3ros3MsgE                                                                                                      
00005810  _ZTVN8std_msgs4TimeE                                                                                                
00005828  _ZTVN8std_msgs6HeaderE                                                                                              
00005840  _ZTVN8std_msgs6StringE                                                                                              
00005858  _ZTSN14rosserial_msgs3LogE                                                                                          
0000586f  _ZTSN11sensor_msgs3JoyE                                                                                             
00005883  _ZTSN3ros11Subscriber_E                                                                                             
00005897  _ZZN8std_msgs6StringC1EvEs                                                                                          
00005898  _ZTVN3ros11NodeHandle_I15Msp432CHardwareLi25ELi25ELi512ELi512EEE                                                    
000058ac  _ZTVN3ros15NodeHandleBase_E                                                                                         
000058c0  _ZZN14rosserial_msgs3Log7getTypeEvEs                                                                                
000058d3  _ZTSN8std_msgs6HeaderE                                                                                              
000058e6  _ZTSN8std_msgs6StringE                                                                                              
000058f9  _ZTSN8std_msgs4TimeE                                                                                                
0000590a  _ZZN11sensor_msgs3Joy7getTypeEvEs                                                                                   
0000591a  _ZZN8std_msgs6Header7getTypeEvEs                                                                                    
0000592a  _ZZN8std_msgs6String7getTypeEvEs                                                                                    
0000593c  _ZTVN10__cxxabiv117__class_type_infoE                                                                               
0000594c  _ZTVN10__cxxabiv120__si_class_type_infoE                                                                            
0000595c  _ZZN8std_msgs4Time7getTypeEvEs                                                                                      
0000596a  _ZTSSt9type_info                                                                                                    
00005978  _ZTIN10__cxxabiv117__class_type_infoE                                                                               
00005984  _ZTIN10__cxxabiv120__si_class_type_infoE                                                                            
00005990  _ZTIN11sensor_msgs3JoyE                                                                                             
0000599c  _ZTIN14rosserial_msgs20RequestParamResponseE                                                                        
000059a8  _ZTIN14rosserial_msgs3LogE                                                                                          
000059b4  _ZTIN14rosserial_msgs9TopicInfoE                                                                                    
000059c0  _ZTIN3ros10SubscriberIN11sensor_msgs3JoyEvEE                                                                        
000059cc  _ZTIN3ros11NodeHandle_I15Msp432CHardwareLi25ELi25ELi512ELi512EEE                                                    
000059d8  _ZTIN8std_msgs4TimeE                                                                                                
000059e4  _ZTIN8std_msgs6HeaderE                                                                                              
000059f0  _ZTIN8std_msgs6StringE                                                                                              
000059fc  _ZTSN3ros3MsgE                                                                                                      
00005a08  _ZTIN3ros11Subscriber_E                                                                                             
00005a10  _ZTIN3ros15NodeHandleBase_E                                                                                         
00005a18  _ZTIN3ros3MsgE                                                                                                      
00005a20  _ZTISt9type_info                                                                                                    
00005a30  SHT$$INIT_ARRAY$$Base                                                                                               
00005a34  SHT$$INIT_ARRAY$$Limit                                                                                              
00005ab4  __TI_Handler_Table_Base                                                                                             
00005ac0  __TI_Handler_Table_Limit                                                                                            
00005ad0  __TI_CINIT_Base                                                                                                     
00005ae8  __TI_CINIT_Limit                                                                                                    
20000000  g_pfnRAMVectors                                                                                                     
200000e8  nh_                                                                                                                 
20000614  _uartRxBuffer                                                                                                       
20000814  _uartTxBuffer                                                                                                       
20000a14  __CIOBUF_                                                                                                           
20000b34  __TI_tmpnams                                                                                                        
20000bd4  sub                                                                                                                 
20000c18  msg                                                                                                                 
20000c20  parmbuf                                                                                                             
20000c28  _periodicSvc                                                                                                        
20000c2c  axis0                                                                                                               
20000c30  axis1                                                                                                               
20000c34  red                                                                                                                 
20000c35  yellow                                                                                                              
20000c38  _sys_memory                                                                                                         
20001038  _ftable                                                                                                             
20001128  _device                                                                                                             
200011a0  _stream                                                                                                             
200011f0  _uartRxHead                                                                                                         
200011f4  _uartRxTail                                                                                                         
200011f8  _uartTxHead                                                                                                         
200011fc  _uartTxTail                                                                                                         
20001200  __TI_ft_end                                                                                                         
20001204  __aeabi_stdin                                                                                                       
20001208  __aeabi_stdout                                                                                                      
2000120c  __aeabi_stderr                                                                                                      
20001210  __TI_cleanup_ptr                                                                                                    
20001214  __TI_dtors_ptr                                                                                                      
20001218  __TI_enable_exit_profile_output                                                                                     
20001228  tickCount                                                                                                           
20001234  _lock                                                                                                               
20001238  _unlock                                                                                                             
2000123c  errno                                                                                                               
20001240  SystemCoreClock                                                                                                     
2000fe00  __stack                                                                                                             
20010000  __STACK_END                                                                                                         
4000480c  WDTCTL_SYM                                                                                                          
ffffffff  __TI_pprof_out_hndl                                                                                                 
ffffffff  __TI_prof_data_size                                                                                                 
ffffffff  __TI_prof_data_start                                                                                                
ffffffff  __binit__                                                                                                           
ffffffff  __c_args__                                                                                                          
ffffffff  binit                                                                                                               
UNDEFED   __mpu_init                                                                                                          
UNDEFED   _system_post_cinit                                                                                                  

[374 symbols]
