******************************************************************************
                  TI ARM Linker Unix v18.1.4                   
******************************************************************************
>> Linked Tue Jan  8 20:21:18 2019

OUTPUT FILE NAME:   <SubscriberBlinky.out>
ENTRY POINT SYMBOL: "_c_int00_noargs"  address: 00002311


MEMORY CONFIGURATION

         name            origin    length      used     unused   attr    fill
----------------------  --------  ---------  --------  --------  ----  --------
  MAIN                  00000000   00040000  00002c84  0003d37c  R  X
  INFO                  00200000   00004000  00000000  00004000  R  X
  SRAM_CODE             01000000   00010000  0000104c  0000efb4  RW X
  SRAM_DATA             20000000   00010000  0000104c  0000efb4  RW  


SEGMENT ALLOCATION MAP

run origin  load origin   length   init length attrs members
----------  ----------- ---------- ----------- ----- -------
00000000    00000000    00002c88   00002c88    r-x
  00000000    00000000    000000e4   000000e4    r-- .intvecs
  000000e4    000000e4    000026c8   000026c8    r-x .text
  000027ac    000027ac    0000047c   0000047c    r-- .const
  00002c28    00002c28    00000004   00000004    r-- .init_array
  00002c30    00002c30    00000058   00000058    r-- .cinit
20000000    20000000    00000e4c   00000000    rw-
  20000000    20000000    000000e8   00000000    rw- .vtable
  200000e8    200000e8    00000930   00000000    rw- .bss
  20000a18    20000a18    00000400   00000000    rw- .sysmem
  20000e18    20000e18    00000034   00000000    rw- .data
2000fe00    2000fe00    00000200   00000000    rw-
  2000fe00    2000fe00    00000200   00000000    rw- .stack


SECTION ALLOCATION MAP

 output                                  attributes/
section   page    origin      length       input sections
--------  ----  ----------  ----------   ----------------
.intvecs   0    00000000    000000e4     
                  00000000    000000e4     startup_msp432p401r_ccs.obj (.intvecs:retain)

.binit     0    00000000    00000000     

.text      0    000000e4    000026c8     
                  000000e4    0000032c     system_msp432p401r.obj (.text)
                  00000410    00000326     blinky.obj (.text:_ZN3ros11NodeHandle_I15Msp432CHardwareLi25ELi25ELi512ELi512EE8spinOnceEv)
                  00000736    00000298     blinky.obj (.text:_ZN14rosserial_msgs20RequestParamResponse11deserializeEPh)
                  000009ce    00000002     rtsv7M4_T_le_v4SPD16_eabi.lib : stdlib_typeinfo.cpp.obj (.text:_ZNSt9type_infoD1Ev)
                  000009d0    0000027c     RosMspHardware.lib : clocks.obj (.text)
                  00000c4c    0000027c                        : my_uart.obj (.text)
                  00000ec8    000001f2     blinky.obj (.text:_ZNK14rosserial_msgs20RequestParamResponse9serializeEPh)
                  000010ba    00000196     blinky.obj (.text:_ZN3ros11NodeHandle_I15Msp432CHardwareLi25ELi25ELi512ELi512EE15negotiateTopicsEv)
                  00001250    00000190     blinky.obj (.text:_ZN14rosserial_msgs9TopicInfo11deserializeEPh)
                  000013e0    0000012c     blinky.obj (.text:_ZN3ros11NodeHandle_I15Msp432CHardwareLi25ELi25ELi512ELi512EE7publishEiPKNS_3MsgE)
                  0000150c    00000116     blinky.obj (.text:_ZNK14rosserial_msgs9TopicInfo9serializeEPh)
                  00001622    00000002     rtsv7M4_T_le_v4SPD16_eabi.lib : _lock.c.obj (.text:_nop)
                  00001624    00000114                                   : memory.c.obj (.text:realloc)
                  00001738    000000ec     blinky.obj (.text:_ZN3ros11NodeHandle_I15Msp432CHardwareLi25ELi25ELi512ELi512EEC1Ev)
                  00001824    000000d8     rtsv7M4_T_le_v4SPD16_eabi.lib : memory.c.obj (.text:free)
                  000018fc    000000c0     RosMspHardware.lib : time.obj (.text)
                  000019bc    0000009e     blinky.obj (.text:_ZN8std_msgs4Time11deserializeEPh)
                  00001a5a    0000009c     rtsv7M4_T_le_v4SPD16_eabi.lib : memcpy_t2.asm.obj (.text)
                  00001af6    0000009a     blinky.obj (.text:_ZNK8std_msgs4Time9serializeEPh)
                  00001b90    00000080     msp432p4xx_driverlib.lib : interrupt.o (.text:Interrupt_enableInterrupt)
                  00001c10    0000007e     blinky.obj (.text:_ZN14rosserial_msgs3Log11deserializeEPh)
                  00001c8e    0000007a     rtsv7M4_T_le_v4SPD16_eabi.lib : memset_t2.asm.obj (.text)
                  00001d08    00000078                                   : memory.c.obj (.text:malloc)
                  00001d80    00000070     blinky.obj (.text:_ZN3ros11NodeHandle_I15Msp432CHardwareLi25ELi25ELi512ELi512EE8syncTimeEPh)
                  00001df0    0000006e     blinky.obj (.text:_ZN8std_msgs6String11deserializeEPh)
                  00001e5e    00000068     rtsv7M4_T_le_v4SPD16_eabi.lib : copy_decompress_lzss.c.obj (.text:decompress:lzss:__TI_decompress_lzss)
                  00001ec6    00000002                                   : div0.asm.obj (.text)
                  00001ec8    00000060     blinky.obj (.text:_ZN3ros11NodeHandle_I15Msp432CHardwareLi25ELi25ELi512ELi512EE6setNowERNS_4TimeE)
                  00001f28    00000060     rtsv7M4_T_le_v4SPD16_eabi.lib : autoinit.c.obj (.text:__TI_auto_init_nobinit:__TI_auto_init_nobinit)
                  00001f88    00000060     blinky.obj (.text)
                  00001fe8    0000005e     rtsv7M4_T_le_v4SPD16_eabi.lib : i_divt2.asm.obj (.text)
                  00002046    00000002     --HOLE-- [fill = 0]
                  00002048    0000005c     msp432p4xx_driverlib.lib : interrupt.o (.text:Interrupt_registerInterrupt)
                  000020a4    0000005c     blinky.obj (.text:_ZNK14rosserial_msgs3Log9serializeEPh)
                  00002100    0000004c     blinky.obj (.text:_ZN3ros11NodeHandle_I15Msp432CHardwareLi25ELi25ELi512ELi512EE9subscribeINS_10SubscriberIN8std_msgs6StringEvEEEEbRT_)
                  0000214c    0000004c     led.obj (.text)
                  00002198    00000048     blinky.obj (.text:_ZNK8std_msgs6String9serializeEPh)
                  000021e0    00000040     blinky.obj (.text:_ZN3ros10SubscriberIN8std_msgs6StringEvEC1EPKcPFvRKS2_Ei)
                  00002220    0000003c     blinky.obj (.text:_ZN14rosserial_msgs20RequestParamResponseC1Ev)
                  0000225c    0000003c     blinky.obj (.text:_ZN14rosserial_msgs9TopicInfoC1Ev)
                  00002298    0000003c     blinky.obj (.text:_ZN3ros3Msg8arrToVarIjPhEEvRT_T0_)
                  000022d4    0000003c     rtsv7M4_T_le_v4SPD16_eabi.lib : memory.c.obj (.text:minsert)
                  00002310    00000038                                   : boot_cortex_m.c.obj (.text:_c_int00_noargs:_c_int00_noargs)
                  00002348    00000038                                   : memory.c.obj (.text:minit)
                  00002380    00000034     blinky.obj (.text:_ZN15Msp432CHardware5writeEPhi)
                  000023b4    00000034     blinky.obj (.text:_ZN3ros11NodeHandle_I15Msp432CHardwareLi25ELi25ELi512ELi512EE3logEcPKc)
                  000023e8    00000030     blinky.obj (.text:_ZN3ros3Msg8varToArrIPhjEEvT_T0_)
                  00002418    0000002e     blinky.obj (.text:_ZN3ros11NodeHandle_I15Msp432CHardwareLi25ELi25ELi512ELi512EE15requestSyncTimeEv)
                  00002446    0000002e     blinky.obj (.text:_ZN3ros11NodeHandle_I15Msp432CHardwareLi25ELi25ELi512ELi512EE8initNodeEv)
                  00002474    00000028     blinky.obj (.text:_ZN14rosserial_msgs3LogC1Ev)
                  0000249c    00000028     rtsv7M4_T_le_v4SPD16_eabi.lib : memory.c.obj (.text:mremove)
                  000024c4    00000024     blinky.obj (.text:_ZN8std_msgs6StringC1Ev)
                  000024e8    00000020     blinky.obj (.text:_ZN8std_msgs4TimeC1Ev)
                  00002508    0000001c     blinky.obj (.text:_ZN3ros10SubscriberIN8std_msgs6StringEvE8callbackEPh)
                  00002524    00000018     blinky.obj (.text:_ZN3ros11Subscriber_C1Ev)
                  0000253c    00000018     blinky.obj (.text:_ZN3ros15NodeHandleBase_C1Ev)
                  00002554    00000018     blinky.obj (.text:_ZN3ros3MsgC1Ev)
                  0000256c    00000018     blinky.obj (.text:_ZN3ros4TimeC1Ev)
                  00002584    00000016     msp432p4xx_driverlib.lib : timer32.o (.text:Timer32_registerInterrupt)
                  0000259a    00000002     --HOLE-- [fill = 0]
                  0000259c    00000014     blinky.obj (.text:_ZN15Msp432CHardware4timeEv)
                  000025b0    00000014     rtsv7M4_T_le_v4SPD16_eabi.lib : strlen.c.obj (.text:strlen)
                  000025c4    00000012     blinky.obj (.text:_ZN3ros11NodeHandle_I15Msp432CHardwareLi25ELi25ELi512ELi512EE8logerrorEPKc)
                  000025d6    00000010     msp432p4xx_driverlib.lib : interrupt.o (.text:Interrupt_enableMaster)
                  000025e6    00000002     --HOLE-- [fill = 0]
                  000025e8    00000010     blinky.obj (.text:_ZN14rosserial_msgs20RequestParamResponse6getMD5Ev)
                  000025f8    00000010     blinky.obj (.text:_ZN14rosserial_msgs20RequestParamResponse7getTypeEv)
                  00002608    00000010     blinky.obj (.text:_ZN14rosserial_msgs3Log6getMD5Ev)
                  00002618    00000010     blinky.obj (.text:_ZN14rosserial_msgs3Log7getTypeEv)
                  00002628    00000010     blinky.obj (.text:_ZN14rosserial_msgs9TopicInfo6getMD5Ev)
                  00002638    00000010     blinky.obj (.text:_ZN14rosserial_msgs9TopicInfo7getTypeEv)
                  00002648    00000010     blinky.obj (.text:_ZN3ros11NodeHandle_I15Msp432CHardwareLi25ELi25ELi512ELi512EE9connectedEv)
                  00002658    00000010     blinky.obj (.text:_ZN8std_msgs4Time6getMD5Ev)
                  00002668    00000010     blinky.obj (.text:_ZN8std_msgs4Time7getTypeEv)
                  00002678    00000010     blinky.obj (.text:_ZN8std_msgs6String6getMD5Ev)
                  00002688    00000010     blinky.obj (.text:_ZN8std_msgs6String7getTypeEv)
                  00002698    0000000e     rtsv7M4_T_le_v4SPD16_eabi.lib : typeinfo.c.obj (.text:_ZN10__cxxabiv117__class_type_infoD0Ev)
                  000026a6    0000000e                                   : typeinfo.c.obj (.text:_ZN10__cxxabiv120__si_class_type_infoD0Ev)
                  000026b4    0000000e     blinky.obj (.text:_ZN15Msp432CHardware5delayEj)
                  000026c2    0000000e     blinky.obj (.text:_ZN3ros10SubscriberIN8std_msgs6StringEvE10getMsgTypeEv)
                  000026d0    0000000e     blinky.obj (.text:_ZN3ros10SubscriberIN8std_msgs6StringEvE15getEndpointTypeEv)
                  000026de    0000000e     blinky.obj (.text:_ZN3ros10SubscriberIN8std_msgs6StringEvE9getMsgMD5Ev)
                  000026ec    0000000e     blinky.obj (.text:_ZN3ros11NodeHandle_I15Msp432CHardwareLi25ELi25ELi512ELi512EE11getHardwareEv)
                  000026fa    0000000e     blinky.obj (.text:_ZN3ros9Publisher15getEndpointTypeEv)
                  00002708    0000000e     rtsv7M4_T_le_v4SPD16_eabi.lib : copy_decompress_none.c.obj (.text:decompress:none:__TI_decompress_none)
                  00002716    0000000e     startup_msp432p401r_ccs.obj (.text)
                  00002724    0000000c     msp432p4xx_driverlib.lib : cpu.o (.text:CPU_cpsie)
                  00002730    0000000c     blinky.obj (.text:_ZN15Msp432CHardware4initEv)
                  0000273c    0000000c     blinky.obj (.text:_ZN15Msp432CHardwareC1Ev)
                  00002748    0000000c     blinky.obj (.text:_ZN3ros11Subscriber_C2Ev)
                  00002754    0000000c     blinky.obj (.text:_ZN3ros15NodeHandleBase_C2Ev)
                  00002760    0000000c     blinky.obj (.text:_ZN3ros3MsgC2Ev)
                  0000276c    0000000c     rtsv7M4_T_le_v4SPD16_eabi.lib : copy_zero_init.c.obj (.text:decompress:ZI:__TI_zero_init)
                  00002778    0000000a     blinky.obj (.text:_ZN15Msp432CHardware4readEv)
                  00002782    00000008     rtsv7M4_T_le_v4SPD16_eabi.lib : new.cpp.obj (.text:_ZdlPv)
                  0000278a    00000006                                   : pure_virt.c.obj (.text:__cxa_pure_virtual)
                  00002790    00000004     msp432p4xx_driverlib.lib : cpu.o (.text:CPU_wfi)
                  00002794    00000004     rtsv7M4_T_le_v4SPD16_eabi.lib : typeinfo.c.obj (.text:_ZN10__cxxabiv117__class_type_infoD1Ev)
                  00002798    00000004                                   : typeinfo.c.obj (.text:_ZN10__cxxabiv120__si_class_type_infoD1Ev)
                  0000279c    00000004                                   : new.cpp.obj (.text:_ZdlPvj)
                  000027a0    00000004                                   : error.c.obj (.text:__abort_execution)
                  000027a4    00000004                                   : pre_init.c.obj (.text:_system_pre_init)
                  000027a8    00000004                                   : exit.c.obj (.text:abort:abort)

.const     0    000027ac    0000047c     
                  000027ac    0000003d     blinky.obj (.const:.typeinfo:_ZTSN3ros11NodeHandle_I15Msp432CHardwareLi25ELi25ELi512ELi512EEE)
                  000027e9    00000039     blinky.obj (.const:.string:_ZZN3ros11NodeHandle_I15Msp432CHardwareLi25ELi25ELi512ELi512EE7publishEiPKNS_3MsgEEs)
                  00002822    00000029     blinky.obj (.const:.typeinfo:_ZTSN14rosserial_msgs20RequestParamResponseE)
                  0000284b    00000028     blinky.obj (.const:.typeinfo:_ZTSN3ros10SubscriberIN8std_msgs6StringEvEE)
                  00002873    00000025     rtsv7M4_T_le_v4SPD16_eabi.lib : typeinfo.c.obj (.const:.typeinfo:_ZTSN10__cxxabiv120__si_class_type_infoE)
                  00002898    00000024     RosMspHardware.lib : my_uart.obj (.const:uartConfig)
                  000028bc    00000022     rtsv7M4_T_le_v4SPD16_eabi.lib : typeinfo.c.obj (.const:.typeinfo:_ZTSN10__cxxabiv117__class_type_infoE)
                  000028de    00000021     blinky.obj (.const:.string:_ZZN14rosserial_msgs20RequestParamResponse6getMD5EvEs)
                  000028ff    00000021     blinky.obj (.const:.string:_ZZN14rosserial_msgs3Log6getMD5EvEs)
                  00002920    00000021     blinky.obj (.const:.string:_ZZN14rosserial_msgs9TopicInfo6getMD5EvEs)
                  00002941    00000021     blinky.obj (.const:.string:_ZZN8std_msgs4Time6getMD5EvEs)
                  00002962    00000021     blinky.obj (.const:.string:_ZZN8std_msgs6String6getMD5EvEs)
                  00002983    0000001d     blinky.obj (.const:.typeinfo:_ZTSN14rosserial_msgs9TopicInfoE)
                  000029a0    0000001c     blinky.obj (.const:.string:_ZN27_INTERNAL_10_blinky_cpp_nh_14rosserial_msgs12REQUESTPARAME)
                  000029bc    00000019     blinky.obj (.const:.string:_ZZN14rosserial_msgs9TopicInfo7getTypeEvEs)
                  000029d5    00000018     blinky.obj (.const:.typeinfo:_ZTSN3ros15NodeHandleBase_E)
                  000029ed    00000001     blinky.obj (.const:.string:_ZZN14rosserial_msgs3LogC1EvEs)
                  000029ee    00000001     blinky.obj (.const:.string:_ZZN14rosserial_msgs9TopicInfoC1EvEs)
                  000029ef    00000001     blinky.obj (.const:.string:_ZZN8std_msgs6StringC1EvEs)
                  000029f0    00000018     blinky.obj (.const:_ZTVN14rosserial_msgs20RequestParamResponseE)
                  00002a08    00000018     blinky.obj (.const:_ZTVN14rosserial_msgs3LogE)
                  00002a20    00000018     blinky.obj (.const:_ZTVN14rosserial_msgs9TopicInfoE)
                  00002a38    00000018     blinky.obj (.const:_ZTVN3ros10SubscriberIN8std_msgs6StringEvEE)
                  00002a50    00000018     blinky.obj (.const:_ZTVN3ros11Subscriber_E)
                  00002a68    00000018     blinky.obj (.const:_ZTVN3ros3MsgE)
                  00002a80    00000018     blinky.obj (.const:_ZTVN8std_msgs4TimeE)
                  00002a98    00000018     blinky.obj (.const:_ZTVN8std_msgs6StringE)
                  00002ab0    00000017     blinky.obj (.const:.typeinfo:_ZTSN14rosserial_msgs3LogE)
                  00002ac7    00000014     blinky.obj (.const:.typeinfo:_ZTSN3ros11Subscriber_E)
                  00002adb    00000001     --HOLE-- [fill = 0]
                  00002adc    00000014     blinky.obj (.const:_ZTVN3ros11NodeHandle_I15Msp432CHardwareLi25ELi25ELi512ELi512EEE)
                  00002af0    00000014     blinky.obj (.const:_ZTVN3ros15NodeHandleBase_E)
                  00002b04    00000013     blinky.obj (.const:.string:_ZZN14rosserial_msgs3Log7getTypeEvEs)
                  00002b17    00000013     blinky.obj (.const:.typeinfo:_ZTSN8std_msgs6StringE)
                  00002b2a    00000011     blinky.obj (.const:.typeinfo:_ZTSN8std_msgs4TimeE)
                  00002b3b    00000010     blinky.obj (.const:.string:_ZZN8std_msgs6String7getTypeEvEs)
                  00002b4b    00000001     --HOLE-- [fill = 0]
                  00002b4c    00000010     rtsv7M4_T_le_v4SPD16_eabi.lib : typeinfo.c.obj (.const:_ZTVN10__cxxabiv117__class_type_infoE)
                  00002b5c    00000010                                   : typeinfo.c.obj (.const:_ZTVN10__cxxabiv120__si_class_type_infoE)
                  00002b6c    0000000e     blinky.obj (.const:.string:_ZZN8std_msgs4Time7getTypeEvEs)
                  00002b7a    0000000d     rtsv7M4_T_le_v4SPD16_eabi.lib : stdlib_typeinfo.cpp.obj (.const:.typeinfo:_ZTSSt9type_info)
                  00002b87    00000001     --HOLE-- [fill = 0]
                  00002b88    0000000c                                   : typeinfo.c.obj (.const:.typeinfo:_ZTIN10__cxxabiv117__class_type_infoE)
                  00002b94    0000000c                                   : typeinfo.c.obj (.const:.typeinfo:_ZTIN10__cxxabiv120__si_class_type_infoE)
                  00002ba0    0000000c     blinky.obj (.const:.typeinfo:_ZTIN14rosserial_msgs20RequestParamResponseE)
                  00002bac    0000000c     blinky.obj (.const:.typeinfo:_ZTIN14rosserial_msgs3LogE)
                  00002bb8    0000000c     blinky.obj (.const:.typeinfo:_ZTIN14rosserial_msgs9TopicInfoE)
                  00002bc4    0000000c     blinky.obj (.const:.typeinfo:_ZTIN3ros10SubscriberIN8std_msgs6StringEvEE)
                  00002bd0    0000000c     blinky.obj (.const:.typeinfo:_ZTIN3ros11NodeHandle_I15Msp432CHardwareLi25ELi25ELi512ELi512EEE)
                  00002bdc    0000000c     blinky.obj (.const:.typeinfo:_ZTIN8std_msgs4TimeE)
                  00002be8    0000000c     blinky.obj (.const:.typeinfo:_ZTIN8std_msgs6StringE)
                  00002bf4    0000000b     blinky.obj (.const:.typeinfo:_ZTSN3ros3MsgE)
                  00002bff    00000001     --HOLE-- [fill = 0]
                  00002c00    00000008     blinky.obj (.const:.typeinfo:_ZTIN3ros11Subscriber_E)
                  00002c08    00000008     blinky.obj (.const:.typeinfo:_ZTIN3ros15NodeHandleBase_E)
                  00002c10    00000008     blinky.obj (.const:.typeinfo:_ZTIN3ros3MsgE)
                  00002c18    00000008     rtsv7M4_T_le_v4SPD16_eabi.lib : stdlib_typeinfo.cpp.obj (.const:.typeinfo:_ZTISt9type_info)
                  00002c20    00000008     msp432p4xx_driverlib.lib : interrupt.o (.const:g_pulEnRegs)

.cinit     0    00002c30    00000058     
                  00002c30    0000001f     (.cinit..data.load) [load image, compression = lzss]
                  00002c4f    00000001     --HOLE-- [fill = 0]
                  00002c50    0000000c     (__TI_handler_table)
                  00002c5c    00000004     --HOLE-- [fill = 0]
                  00002c60    00000008     (.cinit..bss.load) [load image, compression = zero_init]
                  00002c68    00000008     (.cinit..vtable.load) [load image, compression = zero_init]
                  00002c70    00000018     (__TI_cinit_table)

.init_array 
*          0    00002c28    00000004     
                  00002c28    00000004     blinky.obj (.init_array)

.vtable    0    20000000    000000e8     UNINITIALIZED
                  20000000    000000e8     msp432p4xx_driverlib.lib : interrupt.o (.vtable)

.bss       0    200000e8    00000930     UNINITIALIZED
                  200000e8    0000052c     blinky.obj (.bss:nh_)
                  20000614    00000200     (.common:_uartRxBuffer)
                  20000814    00000200     (.common:_uartTxBuffer)
                  20000a14    00000004     (.common:_periodicSvc)

.sysmem    0    20000a18    00000400     UNINITIALIZED
                  20000a18    00000008     rtsv7M4_T_le_v4SPD16_eabi.lib : memory.c.obj (.sysmem)
                  20000a20    000003f8     --HOLE--

.data      0    20000e18    00000034     UNINITIALIZED
                  20000e18    00000010     RosMspHardware.lib : my_uart.obj (.data)
                  20000e28    0000000c     rtsv7M4_T_le_v4SPD16_eabi.lib : memory.c.obj (.data:$O1$$)
                  20000e34    0000000c     RosMspHardware.lib : clocks.obj (.data)
                  20000e40    00000008     rtsv7M4_T_le_v4SPD16_eabi.lib : _lock.c.obj (.data:$O1$$)
                  20000e48    00000004     system_msp432p401r.obj (.data)

.stack     0    2000fe00    00000200     UNINITIALIZED
                  2000fe00    00000004     rtsv7M4_T_le_v4SPD16_eabi.lib : boot_cortex_m.c.obj (.stack)
                  2000fe04    000001fc     --HOLE--

MODULE SUMMARY

       Module                        code   ro data   rw data
       ------                        ----   -------   -------
    ./ccs/
       system_msp432p401r.obj        812    0         8      
       startup_msp432p401r_ccs.obj   14     228       0      
    +--+-----------------------------+------+---------+---------+
       Total:                        826    228       8      
                                                             
    ./src/
       blinky.obj                    5768   956       2648   
       led.obj                       76     0         0      
    +--+-----------------------------+------+---------+---------+
       Total:                        5844   956       2648   
                                                             
    /home/pops/MicroControllers/ROS_MSP432_Red/RosMspHardware/Debug/RosMspHardware.lib
       my_uart.obj                   636    36        2080   
       clocks.obj                    636    0         32     
       time.obj                      192    0         0      
    +--+-----------------------------+------+---------+---------+
       Total:                        1464   36        2112   
                                                             
    /home/pops/ti/simplelink_msp432p4_sdk_2_20_00_12/source/ti/devices/msp432p4xx/driverlib/ccs/msp432p4xx_driverlib.lib
       interrupt.o                   236    8         464    
       timer32.o                     22     0         0      
       cpu.o                         16     0         0      
    +--+-----------------------------+------+---------+---------+
       Total:                        274    8         464    
                                                             
    /opt/ti/ccsv8/tools/compiler/ti-cgt-arm_18.1.4.LTS/lib/rtsv7M4_T_le_v4SPD16_eabi.lib
       memory.c.obj                  768    0         24     
       typeinfo.c.obj                36     127       0      
       memcpy_t2.asm.obj             156    0         0      
       memset_t2.asm.obj             122    0         0      
       copy_decompress_lzss.c.obj    104    0         0      
       autoinit.c.obj                96     0         0      
       i_divt2.asm.obj               94     0         0      
       boot_cortex_m.c.obj           56     0         0      
       stdlib_typeinfo.cpp.obj       2      21        0      
       strlen.c.obj                  20     0         0      
       _lock.c.obj                   2      0         16     
       copy_decompress_none.c.obj    14     0         0      
       copy_zero_init.c.obj          12     0         0      
       new.cpp.obj                   12     0         0      
       pure_virt.c.obj               6      0         0      
       error.c.obj                   4      0         0      
       exit.c.obj                    4      0         0      
       pre_init.c.obj                4      0         0      
       div0.asm.obj                  2      0         0      
    +--+-----------------------------+------+---------+---------+
       Total:                        1514   148       40     
                                                             
       Heap:                         0      0         2048   
       Stack:                        0      0         1024   
       Linker Generated:             0      83        0      
    +--+-----------------------------+------+---------+---------+
       Grand Total:                  9922   1459      8344   


LINKER GENERATED COPY TABLES

__TI_cinit_table @ 00002c70 records: 3, size/record: 8, table size: 24
	.data: load addr=00002c30, load size=0000001f bytes, run addr=20000e18, run size=00000034 bytes, compression=lzss
	.bss: load addr=00002c60, load size=00000008 bytes, run addr=200000e8, run size=00000930 bytes, compression=zero_init
	.vtable: load addr=00002c68, load size=00000008 bytes, run addr=20000000, run size=000000e8 bytes, compression=zero_init


LINKER GENERATED HANDLER TABLE

__TI_handler_table @ 00002c50 records: 3, size/record: 4, table size: 12
	index: 0, handler: __TI_zero_init
	index: 1, handler: __TI_decompress_lzss
	index: 2, handler: __TI_decompress_none


GLOBAL SYMBOLS: SORTED ALPHABETICALLY BY Name 

address   name                                                                                                               
-------   ----                                                                                                               
00002723  ADC14_IRQHandler                                                                                                   
00002723  AES256_IRQHandler                                                                                                  
00002723  BusFault_Handler                                                                                                   
000027a9  C$$EXIT                                                                                                            
00002723  COMP_E0_IRQHandler                                                                                                 
00002723  COMP_E1_IRQHandler                                                                                                 
00002725  CPU_cpsie                                                                                                          
00002791  CPU_wfi                                                                                                            
00002723  CS_IRQHandler                                                                                                      
00002723  DMA_ERR_IRQHandler                                                                                                 
00002723  DMA_INT0_IRQHandler                                                                                                
00002723  DMA_INT1_IRQHandler                                                                                                
00002723  DMA_INT2_IRQHandler                                                                                                
00002723  DMA_INT3_IRQHandler                                                                                                
00002723  DebugMon_Handler                                                                                                   
00002723  Default_Handler                                                                                                    
00000c4d  EUSCIA0_IRQHandler                                                                                                 
00000c4d  EUSCIA0_IRQHandler                                                                                                 
00002723  EUSCIA1_IRQHandler                                                                                                 
00002723  EUSCIA2_IRQHandler                                                                                                 
00002723  EUSCIA3_IRQHandler                                                                                                 
00002723  EUSCIB0_IRQHandler                                                                                                 
00002723  EUSCIB1_IRQHandler                                                                                                 
00002723  EUSCIB2_IRQHandler                                                                                                 
00002723  EUSCIB3_IRQHandler                                                                                                 
00002723  FLCTL_IRQHandler                                                                                                   
00002723  FPU_IRQHandler                                                                                                     
00002723  HardFault_Handler                                                                                                  
00001b91  Interrupt_enableInterrupt                                                                                          
000025d7  Interrupt_enableMaster                                                                                             
00002049  Interrupt_registerInterrupt                                                                                        
00002723  MemManage_Handler                                                                                                  
00002723  NMI_Handler                                                                                                        
00002723  PCM_IRQHandler                                                                                                     
00002723  PORT1_IRQHandler                                                                                                   
00002723  PORT2_IRQHandler                                                                                                   
00002723  PORT3_IRQHandler                                                                                                   
00002723  PORT4_IRQHandler                                                                                                   
00002723  PORT5_IRQHandler                                                                                                   
00002723  PORT6_IRQHandler                                                                                                   
00002723  PSS_IRQHandler                                                                                                     
00002723  PendSV_Handler                                                                                                     
00002723  RTC_C_IRQHandler                                                                                                   
00002717  Reset_Handler                                                                                                      
00002c28  SHT$$INIT_ARRAY$$Base                                                                                              
00002c2c  SHT$$INIT_ARRAY$$Limit                                                                                             
00002723  SVC_Handler                                                                                                        
00000ae9  SysTick_Handler                                                                                                    
00000ae9  SysTick_Handler                                                                                                    
20000e48  SystemCoreClock                                                                                                    
000000e5  SystemCoreClockUpdate                                                                                              
00000359  SystemInit                                                                                                         
00002723  T32_INT1_IRQHandler                                                                                                
00002723  T32_INT2_IRQHandler                                                                                                
00002723  T32_INTC_IRQHandler                                                                                                
00002723  TA0_0_IRQHandler                                                                                                   
00002723  TA0_N_IRQHandler                                                                                                   
00002723  TA1_0_IRQHandler                                                                                                   
00002723  TA1_N_IRQHandler                                                                                                   
00002723  TA2_0_IRQHandler                                                                                                   
00002723  TA2_N_IRQHandler                                                                                                   
00002723  TA3_0_IRQHandler                                                                                                   
00002723  TA3_N_IRQHandler                                                                                                   
00002585  Timer32_registerInterrupt                                                                                          
00002723  UsageFault_Handler                                                                                                 
4000480c  WDTCTL_SYM                                                                                                         
00002723  WDT_A_IRQHandler                                                                                                   
00001f89  _Z9messageCbRKN8std_msgs6StringE                                                                                   
00002699  _ZN10__cxxabiv117__class_type_infoD0Ev                                                                             
00002795  _ZN10__cxxabiv117__class_type_infoD1Ev                                                                             
00002795  _ZN10__cxxabiv117__class_type_infoD2Ev                                                                             
000026a7  _ZN10__cxxabiv120__si_class_type_infoD0Ev                                                                          
00002799  _ZN10__cxxabiv120__si_class_type_infoD1Ev                                                                          
00002799  _ZN10__cxxabiv120__si_class_type_infoD2Ev                                                                          
00000737  _ZN14rosserial_msgs20RequestParamResponse11deserializeEPh                                                          
000025e9  _ZN14rosserial_msgs20RequestParamResponse6getMD5Ev                                                                 
000025f9  _ZN14rosserial_msgs20RequestParamResponse7getTypeEv                                                                
00002221  _ZN14rosserial_msgs20RequestParamResponseC1Ev                                                                      
00001c11  _ZN14rosserial_msgs3Log11deserializeEPh                                                                            
00002609  _ZN14rosserial_msgs3Log6getMD5Ev                                                                                   
00002619  _ZN14rosserial_msgs3Log7getTypeEv                                                                                  
00002475  _ZN14rosserial_msgs3LogC1Ev                                                                                        
00001251  _ZN14rosserial_msgs9TopicInfo11deserializeEPh                                                                      
00002629  _ZN14rosserial_msgs9TopicInfo6getMD5Ev                                                                             
00002639  _ZN14rosserial_msgs9TopicInfo7getTypeEv                                                                            
0000225d  _ZN14rosserial_msgs9TopicInfoC1Ev                                                                                  
00002731  _ZN15Msp432CHardware4initEv                                                                                        
00002779  _ZN15Msp432CHardware4readEv                                                                                        
0000259d  _ZN15Msp432CHardware4timeEv                                                                                        
000026b5  _ZN15Msp432CHardware5delayEj                                                                                       
00002381  _ZN15Msp432CHardware5writeEPhi                                                                                     
0000273d  _ZN15Msp432CHardwareC1Ev                                                                                           
000026c3  _ZN3ros10SubscriberIN8std_msgs6StringEvE10getMsgTypeEv                                                             
000026d1  _ZN3ros10SubscriberIN8std_msgs6StringEvE15getEndpointTypeEv                                                        
00002509  _ZN3ros10SubscriberIN8std_msgs6StringEvE8callbackEPh                                                               
000026df  _ZN3ros10SubscriberIN8std_msgs6StringEvE9getMsgMD5Ev                                                               
000021e1  _ZN3ros10SubscriberIN8std_msgs6StringEvEC1EPKcPFvRKS2_Ei                                                           
000026ed  _ZN3ros11NodeHandle_I15Msp432CHardwareLi25ELi25ELi512ELi512EE11getHardwareEv                                       
000010bb  _ZN3ros11NodeHandle_I15Msp432CHardwareLi25ELi25ELi512ELi512EE15negotiateTopicsEv                                   
00002419  _ZN3ros11NodeHandle_I15Msp432CHardwareLi25ELi25ELi512ELi512EE15requestSyncTimeEv                                   
000023b5  _ZN3ros11NodeHandle_I15Msp432CHardwareLi25ELi25ELi512ELi512EE3logEcPKc                                             
00001ec9  _ZN3ros11NodeHandle_I15Msp432CHardwareLi25ELi25ELi512ELi512EE6setNowERNS_4TimeE                                    
000013e1  _ZN3ros11NodeHandle_I15Msp432CHardwareLi25ELi25ELi512ELi512EE7publishEiPKNS_3MsgE                                  
00002447  _ZN3ros11NodeHandle_I15Msp432CHardwareLi25ELi25ELi512ELi512EE8initNodeEv                                           
000025c5  _ZN3ros11NodeHandle_I15Msp432CHardwareLi25ELi25ELi512ELi512EE8logerrorEPKc                                         
00000411  _ZN3ros11NodeHandle_I15Msp432CHardwareLi25ELi25ELi512ELi512EE8spinOnceEv                                           
00001d81  _ZN3ros11NodeHandle_I15Msp432CHardwareLi25ELi25ELi512ELi512EE8syncTimeEPh                                          
00002649  _ZN3ros11NodeHandle_I15Msp432CHardwareLi25ELi25ELi512ELi512EE9connectedEv                                          
00002101  _ZN3ros11NodeHandle_I15Msp432CHardwareLi25ELi25ELi512ELi512EE9subscribeINS_10SubscriberIN8std_msgs6StringEvEEEEbRT_
00001739  _ZN3ros11NodeHandle_I15Msp432CHardwareLi25ELi25ELi512ELi512EEC1Ev                                                  
00002525  _ZN3ros11Subscriber_C1Ev                                                                                           
00002749  _ZN3ros11Subscriber_C2Ev                                                                                           
0000253d  _ZN3ros15NodeHandleBase_C1Ev                                                                                       
00002755  _ZN3ros15NodeHandleBase_C2Ev                                                                                       
00001981  _ZN3ros16normalizeSecNSecERjS0_                                                                                    
00002299  _ZN3ros3Msg8arrToVarIjPhEEvRT_T0_                                                                                  
000023e9  _ZN3ros3Msg8varToArrIPhjEEvT_T0_                                                                                   
00002555  _ZN3ros3MsgC1Ev                                                                                                    
00002761  _ZN3ros3MsgC2Ev                                                                                                    
000018fd  _ZN3ros4Time8fromNSecEi                                                                                            
0000256d  _ZN3ros4TimeC1Ev                                                                                                   
00001955  _ZN3ros4TimemIERKNS_8DurationE                                                                                     
00001929  _ZN3ros4TimepLERKNS_8DurationE                                                                                     
000026fb  _ZN3ros9Publisher15getEndpointTypeEv                                                                               
000019bd  _ZN8std_msgs4Time11deserializeEPh                                                                                  
00002659  _ZN8std_msgs4Time6getMD5Ev                                                                                         
00002669  _ZN8std_msgs4Time7getTypeEv                                                                                        
000024e9  _ZN8std_msgs4TimeC1Ev                                                                                              
00001df1  _ZN8std_msgs6String11deserializeEPh                                                                                
00002679  _ZN8std_msgs6String6getMD5Ev                                                                                       
00002689  _ZN8std_msgs6String7getTypeEv                                                                                      
000024c5  _ZN8std_msgs6StringC1Ev                                                                                            
00000ec9  _ZNK14rosserial_msgs20RequestParamResponse9serializeEPh                                                            
000020a5  _ZNK14rosserial_msgs3Log9serializeEPh                                                                              
0000150d  _ZNK14rosserial_msgs9TopicInfo9serializeEPh                                                                        
00001af7  _ZNK8std_msgs4Time9serializeEPh                                                                                    
00002199  _ZNK8std_msgs6String9serializeEPh                                                                                  
000009cf  _ZNSt9type_infoD1Ev                                                                                                
000009cf  _ZNSt9type_infoD2Ev                                                                                                
000027a9  _ZSt17__throw_bad_allocv                                                                                           
00002b88  _ZTIN10__cxxabiv117__class_type_infoE                                                                              
00002b94  _ZTIN10__cxxabiv120__si_class_type_infoE                                                                           
00002ba0  _ZTIN14rosserial_msgs20RequestParamResponseE                                                                       
00002bac  _ZTIN14rosserial_msgs3LogE                                                                                         
00002bb8  _ZTIN14rosserial_msgs9TopicInfoE                                                                                   
00002bc4  _ZTIN3ros10SubscriberIN8std_msgs6StringEvEE                                                                        
00002bd0  _ZTIN3ros11NodeHandle_I15Msp432CHardwareLi25ELi25ELi512ELi512EEE                                                   
00002c00  _ZTIN3ros11Subscriber_E                                                                                            
00002c08  _ZTIN3ros15NodeHandleBase_E                                                                                        
00002c10  _ZTIN3ros3MsgE                                                                                                     
00002bdc  _ZTIN8std_msgs4TimeE                                                                                               
00002be8  _ZTIN8std_msgs6StringE                                                                                             
00002c18  _ZTISt9type_info                                                                                                   
000028bc  _ZTSN10__cxxabiv117__class_type_infoE                                                                              
00002873  _ZTSN10__cxxabiv120__si_class_type_infoE                                                                           
00002822  _ZTSN14rosserial_msgs20RequestParamResponseE                                                                       
00002ab0  _ZTSN14rosserial_msgs3LogE                                                                                         
00002983  _ZTSN14rosserial_msgs9TopicInfoE                                                                                   
0000284b  _ZTSN3ros10SubscriberIN8std_msgs6StringEvEE                                                                        
000027ac  _ZTSN3ros11NodeHandle_I15Msp432CHardwareLi25ELi25ELi512ELi512EEE                                                   
00002ac7  _ZTSN3ros11Subscriber_E                                                                                            
000029d5  _ZTSN3ros15NodeHandleBase_E                                                                                        
00002bf4  _ZTSN3ros3MsgE                                                                                                     
00002b2a  _ZTSN8std_msgs4TimeE                                                                                               
00002b17  _ZTSN8std_msgs6StringE                                                                                             
00002b7a  _ZTSSt9type_info                                                                                                   
00002b4c  _ZTVN10__cxxabiv117__class_type_infoE                                                                              
00002b5c  _ZTVN10__cxxabiv120__si_class_type_infoE                                                                           
000029f0  _ZTVN14rosserial_msgs20RequestParamResponseE                                                                       
00002a08  _ZTVN14rosserial_msgs3LogE                                                                                         
00002a20  _ZTVN14rosserial_msgs9TopicInfoE                                                                                   
00002a38  _ZTVN3ros10SubscriberIN8std_msgs6StringEvEE                                                                        
00002adc  _ZTVN3ros11NodeHandle_I15Msp432CHardwareLi25ELi25ELi512ELi512EEE                                                   
00002a50  _ZTVN3ros11Subscriber_E                                                                                            
00002af0  _ZTVN3ros15NodeHandleBase_E                                                                                        
00002a68  _ZTVN3ros3MsgE                                                                                                     
00002a80  _ZTVN8std_msgs4TimeE                                                                                               
00002a98  _ZTVN8std_msgs6StringE                                                                                             
000028de  _ZZN14rosserial_msgs20RequestParamResponse6getMD5EvEs                                                              
000028ff  _ZZN14rosserial_msgs3Log6getMD5EvEs                                                                                
00002b04  _ZZN14rosserial_msgs3Log7getTypeEvEs                                                                               
000029ed  _ZZN14rosserial_msgs3LogC1EvEs                                                                                     
00002920  _ZZN14rosserial_msgs9TopicInfo6getMD5EvEs                                                                          
000029bc  _ZZN14rosserial_msgs9TopicInfo7getTypeEvEs                                                                         
000029ee  _ZZN14rosserial_msgs9TopicInfoC1EvEs                                                                               
000027e9  _ZZN3ros11NodeHandle_I15Msp432CHardwareLi25ELi25ELi512ELi512EE7publishEiPKNS_3MsgEEs                               
00002941  _ZZN8std_msgs4Time6getMD5EvEs                                                                                      
00002b6c  _ZZN8std_msgs4Time7getTypeEvEs                                                                                     
00002962  _ZZN8std_msgs6String6getMD5EvEs                                                                                    
00002b3b  _ZZN8std_msgs6String7getTypeEvEs                                                                                   
000029ef  _ZZN8std_msgs6StringC1EvEs                                                                                         
00002783  _ZdlPv                                                                                                             
0000279d  _ZdlPvj                                                                                                            
20010000  __STACK_END                                                                                                        
00000200  __STACK_SIZE                                                                                                       
00000400  __SYSMEM_SIZE                                                                                                      
00002c70  __TI_CINIT_Base                                                                                                    
00002c88  __TI_CINIT_Limit                                                                                                   
00002c50  __TI_Handler_Table_Base                                                                                            
00002c5c  __TI_Handler_Table_Limit                                                                                           
00001f29  __TI_auto_init_nobinit                                                                                             
00001e5f  __TI_decompress_lzss                                                                                               
00002709  __TI_decompress_none                                                                                               
ffffffff  __TI_pprof_out_hndl                                                                                                
ffffffff  __TI_prof_data_size                                                                                                
ffffffff  __TI_prof_data_start                                                                                               
00000000  __TI_static_base__                                                                                                 
0000276d  __TI_zero_init                                                                                                     
000027a1  __abort_execution                                                                                                  
00001fe9  __aeabi_idiv                                                                                                       
00001ec7  __aeabi_idiv0                                                                                                      
00001fe9  __aeabi_idivmod                                                                                                    
00001ec7  __aeabi_ldiv0                                                                                                      
00001c8f  __aeabi_memclr                                                                                                     
00001c8f  __aeabi_memclr4                                                                                                    
00001c8f  __aeabi_memclr8                                                                                                    
00001a5b  __aeabi_memcpy                                                                                                     
00001a5b  __aeabi_memcpy4                                                                                                    
00001a5b  __aeabi_memcpy8                                                                                                    
00001c91  __aeabi_memset                                                                                                     
00001c91  __aeabi_memset4                                                                                                    
00001c91  __aeabi_memset8                                                                                                    
ffffffff  __binit__                                                                                                          
ffffffff  __c_args__                                                                                                         
0000278b  __cxa_pure_virtual                                                                                                 
UNDEFED   __mpu_init                                                                                                         
2000fe00  __stack                                                                                                            
00001fcb  __sti___10_blinky_cpp_nh_                                                                                          
00002311  _c_int00_noargs                                                                                                    
00000db5  _flush                                                                                                             
00000e75  _gotoLPM0                                                                                                          
20000e40  _lock                                                                                                              
00001623  _nop                                                                                                               
00000dc1  _peek                                                                                                              
20000a14  _periodicSvc                                                                                                       
00000d63  _rxChar                                                                                                            
00000d97  _rxReady                                                                                                           
00000b37  _sleepTimer                                                                                                        
20000a18  _sys_memory                                                                                                        
UNDEFED   _system_post_cinit                                                                                                 
000027a5  _system_pre_init                                                                                                   
00000cc3  _txChar                                                                                                            
20000614  _uartRxBuffer                                                                                                      
20000e18  _uartRxHead                                                                                                        
20000e1c  _uartRxTail                                                                                                        
20000814  _uartTxBuffer                                                                                                      
20000e20  _uartTxHead                                                                                                        
20000e24  _uartTxTail                                                                                                        
20000e44  _unlock                                                                                                            
000027a9  abort                                                                                                              
ffffffff  binit                                                                                                              
00001825  free                                                                                                               
20000000  g_pfnRAMVectors                                                                                                    
000009e1  initializeClocks                                                                                                   
0000214d  initializeLed                                                                                                      
000009d1  initializePeriodicSvc                                                                                              
00000def  initializeUart                                                                                                     
00000000  interruptVectors                                                                                                   
00001f93  main                                                                                                               
00001d09  malloc                                                                                                             
00001a5b  memcpy                                                                                                             
00001c97  memset                                                                                                             
00002349  minit                                                                                                              
00000b45  mySleep                                                                                                            
00000ba9  mySleepMs                                                                                                          
200000e8  nh_                                                                                                                
00001625  realloc                                                                                                            
000025b1  strlen                                                                                                             
20000e34  tickCount                                                                                                          
0000215f  toggleLed                                                                                                          
00002183  turnOffLed                                                                                                         
00002171  turnOnLed                                                                                                          
00002898  uartConfig                                                                                                         
00000bff  waitForInterrupt                                                                                                   


GLOBAL SYMBOLS: SORTED BY Symbol Address 

address   name                                                                                                               
-------   ----                                                                                                               
00000000  __TI_static_base__                                                                                                 
00000000  interruptVectors                                                                                                   
000000e5  SystemCoreClockUpdate                                                                                              
00000200  __STACK_SIZE                                                                                                       
00000359  SystemInit                                                                                                         
00000400  __SYSMEM_SIZE                                                                                                      
00000411  _ZN3ros11NodeHandle_I15Msp432CHardwareLi25ELi25ELi512ELi512EE8spinOnceEv                                           
00000737  _ZN14rosserial_msgs20RequestParamResponse11deserializeEPh                                                          
000009cf  _ZNSt9type_infoD1Ev                                                                                                
000009cf  _ZNSt9type_infoD2Ev                                                                                                
000009d1  initializePeriodicSvc                                                                                              
000009e1  initializeClocks                                                                                                   
00000ae9  SysTick_Handler                                                                                                    
00000ae9  SysTick_Handler                                                                                                    
00000b37  _sleepTimer                                                                                                        
00000b45  mySleep                                                                                                            
00000ba9  mySleepMs                                                                                                          
00000bff  waitForInterrupt                                                                                                   
00000c4d  EUSCIA0_IRQHandler                                                                                                 
00000c4d  EUSCIA0_IRQHandler                                                                                                 
00000cc3  _txChar                                                                                                            
00000d63  _rxChar                                                                                                            
00000d97  _rxReady                                                                                                           
00000db5  _flush                                                                                                             
00000dc1  _peek                                                                                                              
00000def  initializeUart                                                                                                     
00000e75  _gotoLPM0                                                                                                          
00000ec9  _ZNK14rosserial_msgs20RequestParamResponse9serializeEPh                                                            
000010bb  _ZN3ros11NodeHandle_I15Msp432CHardwareLi25ELi25ELi512ELi512EE15negotiateTopicsEv                                   
00001251  _ZN14rosserial_msgs9TopicInfo11deserializeEPh                                                                      
000013e1  _ZN3ros11NodeHandle_I15Msp432CHardwareLi25ELi25ELi512ELi512EE7publishEiPKNS_3MsgE                                  
0000150d  _ZNK14rosserial_msgs9TopicInfo9serializeEPh                                                                        
00001623  _nop                                                                                                               
00001625  realloc                                                                                                            
00001739  _ZN3ros11NodeHandle_I15Msp432CHardwareLi25ELi25ELi512ELi512EEC1Ev                                                  
00001825  free                                                                                                               
000018fd  _ZN3ros4Time8fromNSecEi                                                                                            
00001929  _ZN3ros4TimepLERKNS_8DurationE                                                                                     
00001955  _ZN3ros4TimemIERKNS_8DurationE                                                                                     
00001981  _ZN3ros16normalizeSecNSecERjS0_                                                                                    
000019bd  _ZN8std_msgs4Time11deserializeEPh                                                                                  
00001a5b  __aeabi_memcpy                                                                                                     
00001a5b  __aeabi_memcpy4                                                                                                    
00001a5b  __aeabi_memcpy8                                                                                                    
00001a5b  memcpy                                                                                                             
00001af7  _ZNK8std_msgs4Time9serializeEPh                                                                                    
00001b91  Interrupt_enableInterrupt                                                                                          
00001c11  _ZN14rosserial_msgs3Log11deserializeEPh                                                                            
00001c8f  __aeabi_memclr                                                                                                     
00001c8f  __aeabi_memclr4                                                                                                    
00001c8f  __aeabi_memclr8                                                                                                    
00001c91  __aeabi_memset                                                                                                     
00001c91  __aeabi_memset4                                                                                                    
00001c91  __aeabi_memset8                                                                                                    
00001c97  memset                                                                                                             
00001d09  malloc                                                                                                             
00001d81  _ZN3ros11NodeHandle_I15Msp432CHardwareLi25ELi25ELi512ELi512EE8syncTimeEPh                                          
00001df1  _ZN8std_msgs6String11deserializeEPh                                                                                
00001e5f  __TI_decompress_lzss                                                                                               
00001ec7  __aeabi_idiv0                                                                                                      
00001ec7  __aeabi_ldiv0                                                                                                      
00001ec9  _ZN3ros11NodeHandle_I15Msp432CHardwareLi25ELi25ELi512ELi512EE6setNowERNS_4TimeE                                    
00001f29  __TI_auto_init_nobinit                                                                                             
00001f89  _Z9messageCbRKN8std_msgs6StringE                                                                                   
00001f93  main                                                                                                               
00001fcb  __sti___10_blinky_cpp_nh_                                                                                          
00001fe9  __aeabi_idiv                                                                                                       
00001fe9  __aeabi_idivmod                                                                                                    
00002049  Interrupt_registerInterrupt                                                                                        
000020a5  _ZNK14rosserial_msgs3Log9serializeEPh                                                                              
00002101  _ZN3ros11NodeHandle_I15Msp432CHardwareLi25ELi25ELi512ELi512EE9subscribeINS_10SubscriberIN8std_msgs6StringEvEEEEbRT_
0000214d  initializeLed                                                                                                      
0000215f  toggleLed                                                                                                          
00002171  turnOnLed                                                                                                          
00002183  turnOffLed                                                                                                         
00002199  _ZNK8std_msgs6String9serializeEPh                                                                                  
000021e1  _ZN3ros10SubscriberIN8std_msgs6StringEvEC1EPKcPFvRKS2_Ei                                                           
00002221  _ZN14rosserial_msgs20RequestParamResponseC1Ev                                                                      
0000225d  _ZN14rosserial_msgs9TopicInfoC1Ev                                                                                  
00002299  _ZN3ros3Msg8arrToVarIjPhEEvRT_T0_                                                                                  
00002311  _c_int00_noargs                                                                                                    
00002349  minit                                                                                                              
00002381  _ZN15Msp432CHardware5writeEPhi                                                                                     
000023b5  _ZN3ros11NodeHandle_I15Msp432CHardwareLi25ELi25ELi512ELi512EE3logEcPKc                                             
000023e9  _ZN3ros3Msg8varToArrIPhjEEvT_T0_                                                                                   
00002419  _ZN3ros11NodeHandle_I15Msp432CHardwareLi25ELi25ELi512ELi512EE15requestSyncTimeEv                                   
00002447  _ZN3ros11NodeHandle_I15Msp432CHardwareLi25ELi25ELi512ELi512EE8initNodeEv                                           
00002475  _ZN14rosserial_msgs3LogC1Ev                                                                                        
000024c5  _ZN8std_msgs6StringC1Ev                                                                                            
000024e9  _ZN8std_msgs4TimeC1Ev                                                                                              
00002509  _ZN3ros10SubscriberIN8std_msgs6StringEvE8callbackEPh                                                               
00002525  _ZN3ros11Subscriber_C1Ev                                                                                           
0000253d  _ZN3ros15NodeHandleBase_C1Ev                                                                                       
00002555  _ZN3ros3MsgC1Ev                                                                                                    
0000256d  _ZN3ros4TimeC1Ev                                                                                                   
00002585  Timer32_registerInterrupt                                                                                          
0000259d  _ZN15Msp432CHardware4timeEv                                                                                        
000025b1  strlen                                                                                                             
000025c5  _ZN3ros11NodeHandle_I15Msp432CHardwareLi25ELi25ELi512ELi512EE8logerrorEPKc                                         
000025d7  Interrupt_enableMaster                                                                                             
000025e9  _ZN14rosserial_msgs20RequestParamResponse6getMD5Ev                                                                 
000025f9  _ZN14rosserial_msgs20RequestParamResponse7getTypeEv                                                                
00002609  _ZN14rosserial_msgs3Log6getMD5Ev                                                                                   
00002619  _ZN14rosserial_msgs3Log7getTypeEv                                                                                  
00002629  _ZN14rosserial_msgs9TopicInfo6getMD5Ev                                                                             
00002639  _ZN14rosserial_msgs9TopicInfo7getTypeEv                                                                            
00002649  _ZN3ros11NodeHandle_I15Msp432CHardwareLi25ELi25ELi512ELi512EE9connectedEv                                          
00002659  _ZN8std_msgs4Time6getMD5Ev                                                                                         
00002669  _ZN8std_msgs4Time7getTypeEv                                                                                        
00002679  _ZN8std_msgs6String6getMD5Ev                                                                                       
00002689  _ZN8std_msgs6String7getTypeEv                                                                                      
00002699  _ZN10__cxxabiv117__class_type_infoD0Ev                                                                             
000026a7  _ZN10__cxxabiv120__si_class_type_infoD0Ev                                                                          
000026b5  _ZN15Msp432CHardware5delayEj                                                                                       
000026c3  _ZN3ros10SubscriberIN8std_msgs6StringEvE10getMsgTypeEv                                                             
000026d1  _ZN3ros10SubscriberIN8std_msgs6StringEvE15getEndpointTypeEv                                                        
000026df  _ZN3ros10SubscriberIN8std_msgs6StringEvE9getMsgMD5Ev                                                               
000026ed  _ZN3ros11NodeHandle_I15Msp432CHardwareLi25ELi25ELi512ELi512EE11getHardwareEv                                       
000026fb  _ZN3ros9Publisher15getEndpointTypeEv                                                                               
00002709  __TI_decompress_none                                                                                               
00002717  Reset_Handler                                                                                                      
00002723  ADC14_IRQHandler                                                                                                   
00002723  AES256_IRQHandler                                                                                                  
00002723  BusFault_Handler                                                                                                   
00002723  COMP_E0_IRQHandler                                                                                                 
00002723  COMP_E1_IRQHandler                                                                                                 
00002723  CS_IRQHandler                                                                                                      
00002723  DMA_ERR_IRQHandler                                                                                                 
00002723  DMA_INT0_IRQHandler                                                                                                
00002723  DMA_INT1_IRQHandler                                                                                                
00002723  DMA_INT2_IRQHandler                                                                                                
00002723  DMA_INT3_IRQHandler                                                                                                
00002723  DebugMon_Handler                                                                                                   
00002723  Default_Handler                                                                                                    
00002723  EUSCIA1_IRQHandler                                                                                                 
00002723  EUSCIA2_IRQHandler                                                                                                 
00002723  EUSCIA3_IRQHandler                                                                                                 
00002723  EUSCIB0_IRQHandler                                                                                                 
00002723  EUSCIB1_IRQHandler                                                                                                 
00002723  EUSCIB2_IRQHandler                                                                                                 
00002723  EUSCIB3_IRQHandler                                                                                                 
00002723  FLCTL_IRQHandler                                                                                                   
00002723  FPU_IRQHandler                                                                                                     
00002723  HardFault_Handler                                                                                                  
00002723  MemManage_Handler                                                                                                  
00002723  NMI_Handler                                                                                                        
00002723  PCM_IRQHandler                                                                                                     
00002723  PORT1_IRQHandler                                                                                                   
00002723  PORT2_IRQHandler                                                                                                   
00002723  PORT3_IRQHandler                                                                                                   
00002723  PORT4_IRQHandler                                                                                                   
00002723  PORT5_IRQHandler                                                                                                   
00002723  PORT6_IRQHandler                                                                                                   
00002723  PSS_IRQHandler                                                                                                     
00002723  PendSV_Handler                                                                                                     
00002723  RTC_C_IRQHandler                                                                                                   
00002723  SVC_Handler                                                                                                        
00002723  T32_INT1_IRQHandler                                                                                                
00002723  T32_INT2_IRQHandler                                                                                                
00002723  T32_INTC_IRQHandler                                                                                                
00002723  TA0_0_IRQHandler                                                                                                   
00002723  TA0_N_IRQHandler                                                                                                   
00002723  TA1_0_IRQHandler                                                                                                   
00002723  TA1_N_IRQHandler                                                                                                   
00002723  TA2_0_IRQHandler                                                                                                   
00002723  TA2_N_IRQHandler                                                                                                   
00002723  TA3_0_IRQHandler                                                                                                   
00002723  TA3_N_IRQHandler                                                                                                   
00002723  UsageFault_Handler                                                                                                 
00002723  WDT_A_IRQHandler                                                                                                   
00002725  CPU_cpsie                                                                                                          
00002731  _ZN15Msp432CHardware4initEv                                                                                        
0000273d  _ZN15Msp432CHardwareC1Ev                                                                                           
00002749  _ZN3ros11Subscriber_C2Ev                                                                                           
00002755  _ZN3ros15NodeHandleBase_C2Ev                                                                                       
00002761  _ZN3ros3MsgC2Ev                                                                                                    
0000276d  __TI_zero_init                                                                                                     
00002779  _ZN15Msp432CHardware4readEv                                                                                        
00002783  _ZdlPv                                                                                                             
0000278b  __cxa_pure_virtual                                                                                                 
00002791  CPU_wfi                                                                                                            
00002795  _ZN10__cxxabiv117__class_type_infoD1Ev                                                                             
00002795  _ZN10__cxxabiv117__class_type_infoD2Ev                                                                             
00002799  _ZN10__cxxabiv120__si_class_type_infoD1Ev                                                                          
00002799  _ZN10__cxxabiv120__si_class_type_infoD2Ev                                                                          
0000279d  _ZdlPvj                                                                                                            
000027a1  __abort_execution                                                                                                  
000027a5  _system_pre_init                                                                                                   
000027a9  C$$EXIT                                                                                                            
000027a9  _ZSt17__throw_bad_allocv                                                                                           
000027a9  abort                                                                                                              
000027ac  _ZTSN3ros11NodeHandle_I15Msp432CHardwareLi25ELi25ELi512ELi512EEE                                                   
000027e9  _ZZN3ros11NodeHandle_I15Msp432CHardwareLi25ELi25ELi512ELi512EE7publishEiPKNS_3MsgEEs                               
00002822  _ZTSN14rosserial_msgs20RequestParamResponseE                                                                       
0000284b  _ZTSN3ros10SubscriberIN8std_msgs6StringEvEE                                                                        
00002873  _ZTSN10__cxxabiv120__si_class_type_infoE                                                                           
00002898  uartConfig                                                                                                         
000028bc  _ZTSN10__cxxabiv117__class_type_infoE                                                                              
000028de  _ZZN14rosserial_msgs20RequestParamResponse6getMD5EvEs                                                              
000028ff  _ZZN14rosserial_msgs3Log6getMD5EvEs                                                                                
00002920  _ZZN14rosserial_msgs9TopicInfo6getMD5EvEs                                                                          
00002941  _ZZN8std_msgs4Time6getMD5EvEs                                                                                      
00002962  _ZZN8std_msgs6String6getMD5EvEs                                                                                    
00002983  _ZTSN14rosserial_msgs9TopicInfoE                                                                                   
000029bc  _ZZN14rosserial_msgs9TopicInfo7getTypeEvEs                                                                         
000029d5  _ZTSN3ros15NodeHandleBase_E                                                                                        
000029ed  _ZZN14rosserial_msgs3LogC1EvEs                                                                                     
000029ee  _ZZN14rosserial_msgs9TopicInfoC1EvEs                                                                               
000029ef  _ZZN8std_msgs6StringC1EvEs                                                                                         
000029f0  _ZTVN14rosserial_msgs20RequestParamResponseE                                                                       
00002a08  _ZTVN14rosserial_msgs3LogE                                                                                         
00002a20  _ZTVN14rosserial_msgs9TopicInfoE                                                                                   
00002a38  _ZTVN3ros10SubscriberIN8std_msgs6StringEvEE                                                                        
00002a50  _ZTVN3ros11Subscriber_E                                                                                            
00002a68  _ZTVN3ros3MsgE                                                                                                     
00002a80  _ZTVN8std_msgs4TimeE                                                                                               
00002a98  _ZTVN8std_msgs6StringE                                                                                             
00002ab0  _ZTSN14rosserial_msgs3LogE                                                                                         
00002ac7  _ZTSN3ros11Subscriber_E                                                                                            
00002adc  _ZTVN3ros11NodeHandle_I15Msp432CHardwareLi25ELi25ELi512ELi512EEE                                                   
00002af0  _ZTVN3ros15NodeHandleBase_E                                                                                        
00002b04  _ZZN14rosserial_msgs3Log7getTypeEvEs                                                                               
00002b17  _ZTSN8std_msgs6StringE                                                                                             
00002b2a  _ZTSN8std_msgs4TimeE                                                                                               
00002b3b  _ZZN8std_msgs6String7getTypeEvEs                                                                                   
00002b4c  _ZTVN10__cxxabiv117__class_type_infoE                                                                              
00002b5c  _ZTVN10__cxxabiv120__si_class_type_infoE                                                                           
00002b6c  _ZZN8std_msgs4Time7getTypeEvEs                                                                                     
00002b7a  _ZTSSt9type_info                                                                                                   
00002b88  _ZTIN10__cxxabiv117__class_type_infoE                                                                              
00002b94  _ZTIN10__cxxabiv120__si_class_type_infoE                                                                           
00002ba0  _ZTIN14rosserial_msgs20RequestParamResponseE                                                                       
00002bac  _ZTIN14rosserial_msgs3LogE                                                                                         
00002bb8  _ZTIN14rosserial_msgs9TopicInfoE                                                                                   
00002bc4  _ZTIN3ros10SubscriberIN8std_msgs6StringEvEE                                                                        
00002bd0  _ZTIN3ros11NodeHandle_I15Msp432CHardwareLi25ELi25ELi512ELi512EEE                                                   
00002bdc  _ZTIN8std_msgs4TimeE                                                                                               
00002be8  _ZTIN8std_msgs6StringE                                                                                             
00002bf4  _ZTSN3ros3MsgE                                                                                                     
00002c00  _ZTIN3ros11Subscriber_E                                                                                            
00002c08  _ZTIN3ros15NodeHandleBase_E                                                                                        
00002c10  _ZTIN3ros3MsgE                                                                                                     
00002c18  _ZTISt9type_info                                                                                                   
00002c28  SHT$$INIT_ARRAY$$Base                                                                                              
00002c2c  SHT$$INIT_ARRAY$$Limit                                                                                             
00002c50  __TI_Handler_Table_Base                                                                                            
00002c5c  __TI_Handler_Table_Limit                                                                                           
00002c70  __TI_CINIT_Base                                                                                                    
00002c88  __TI_CINIT_Limit                                                                                                   
20000000  g_pfnRAMVectors                                                                                                    
200000e8  nh_                                                                                                                
20000614  _uartRxBuffer                                                                                                      
20000814  _uartTxBuffer                                                                                                      
20000a14  _periodicSvc                                                                                                       
20000a18  _sys_memory                                                                                                        
20000e18  _uartRxHead                                                                                                        
20000e1c  _uartRxTail                                                                                                        
20000e20  _uartTxHead                                                                                                        
20000e24  _uartTxTail                                                                                                        
20000e34  tickCount                                                                                                          
20000e40  _lock                                                                                                              
20000e44  _unlock                                                                                                            
20000e48  SystemCoreClock                                                                                                    
2000fe00  __stack                                                                                                            
20010000  __STACK_END                                                                                                        
4000480c  WDTCTL_SYM                                                                                                         
ffffffff  __TI_pprof_out_hndl                                                                                                
ffffffff  __TI_prof_data_size                                                                                                
ffffffff  __TI_prof_data_start                                                                                               
ffffffff  __binit__                                                                                                          
ffffffff  __c_args__                                                                                                         
ffffffff  binit                                                                                                              
UNDEFED   __mpu_init                                                                                                         
UNDEFED   _system_post_cinit                                                                                                 

[274 symbols]
