<?xml version="1.0" encoding="ISO-8859-1" ?>
<link_info>
   <banner>TI ARM Linker Unix v18.1.4.LTS</banner>
   <copyright>Copyright (c) 1996-2018 Texas Instruments Incorporated</copyright>
   <link_time>0x5c354c8e</link_time>
   <link_errors>0x0</link_errors>
   <output_file>SubscriberBlinky.out</output_file>
   <entry_point>
      <name>_c_int00_noargs</name>
      <address>0x2311</address>
   </entry_point>
   <input_file_list>
      <input_file id="fl-1">
         <path>./ccs/</path>
         <kind>object</kind>
         <file>startup_msp432p401r_ccs.obj</file>
         <name>startup_msp432p401r_ccs.obj</name>
      </input_file>
      <input_file id="fl-2">
         <path>./ccs/</path>
         <kind>object</kind>
         <file>system_msp432p401r.obj</file>
         <name>system_msp432p401r.obj</name>
      </input_file>
      <input_file id="fl-3">
         <path>./src/</path>
         <kind>object</kind>
         <file>blinky.obj</file>
         <name>blinky.obj</name>
      </input_file>
      <input_file id="fl-4">
         <path>./src/</path>
         <kind>object</kind>
         <file>led.obj</file>
         <name>led.obj</name>
      </input_file>
      <input_file id="fl-a">
         <kind>object</kind>
         <file>&lt;internal&gt;</file>
         <name>&lt;internal&gt;</name>
      </input_file>
      <input_file id="fl-b">
         <path>/home/pops/MicroControllers/ROS_MSP432_Red/RosMspHardware/Debug/</path>
         <kind>archive</kind>
         <file>RosMspHardware.lib</file>
         <name>clocks.obj</name>
      </input_file>
      <input_file id="fl-c">
         <path>/home/pops/MicroControllers/ROS_MSP432_Red/RosMspHardware/Debug/</path>
         <kind>archive</kind>
         <file>RosMspHardware.lib</file>
         <name>my_uart.obj</name>
      </input_file>
      <input_file id="fl-d">
         <path>/home/pops/MicroControllers/ROS_MSP432_Red/RosMspHardware/Debug/</path>
         <kind>archive</kind>
         <file>RosMspHardware.lib</file>
         <name>time.obj</name>
      </input_file>
      <input_file id="fl-c3">
         <path>/opt/ti/ccsv8/tools/compiler/ti-cgt-arm_18.1.4.LTS/lib/</path>
         <kind>archive</kind>
         <file>rtsv7M4_T_le_v4SPD16_eabi.lib</file>
         <name>pure_virt.c.obj</name>
      </input_file>
      <input_file id="fl-c4">
         <path>/opt/ti/ccsv8/tools/compiler/ti-cgt-arm_18.1.4.LTS/lib/</path>
         <kind>archive</kind>
         <file>rtsv7M4_T_le_v4SPD16_eabi.lib</file>
         <name>typeinfo.c.obj</name>
      </input_file>
      <input_file id="fl-c5">
         <path>/opt/ti/ccsv8/tools/compiler/ti-cgt-arm_18.1.4.LTS/lib/</path>
         <kind>archive</kind>
         <file>rtsv7M4_T_le_v4SPD16_eabi.lib</file>
         <name>i_divt2.asm.obj</name>
      </input_file>
      <input_file id="fl-c6">
         <path>/opt/ti/ccsv8/tools/compiler/ti-cgt-arm_18.1.4.LTS/lib/</path>
         <kind>archive</kind>
         <file>rtsv7M4_T_le_v4SPD16_eabi.lib</file>
         <name>memcpy_t2.asm.obj</name>
      </input_file>
      <input_file id="fl-c7">
         <path>/opt/ti/ccsv8/tools/compiler/ti-cgt-arm_18.1.4.LTS/lib/</path>
         <kind>archive</kind>
         <file>rtsv7M4_T_le_v4SPD16_eabi.lib</file>
         <name>copy_zero_init.c.obj</name>
      </input_file>
      <input_file id="fl-c8">
         <path>/opt/ti/ccsv8/tools/compiler/ti-cgt-arm_18.1.4.LTS/lib/</path>
         <kind>archive</kind>
         <file>rtsv7M4_T_le_v4SPD16_eabi.lib</file>
         <name>copy_decompress_none.c.obj</name>
      </input_file>
      <input_file id="fl-c9">
         <path>/opt/ti/ccsv8/tools/compiler/ti-cgt-arm_18.1.4.LTS/lib/</path>
         <kind>archive</kind>
         <file>rtsv7M4_T_le_v4SPD16_eabi.lib</file>
         <name>copy_decompress_lzss.c.obj</name>
      </input_file>
      <input_file id="fl-ca">
         <path>/opt/ti/ccsv8/tools/compiler/ti-cgt-arm_18.1.4.LTS/lib/</path>
         <kind>archive</kind>
         <file>rtsv7M4_T_le_v4SPD16_eabi.lib</file>
         <name>boot_cortex_m.c.obj</name>
      </input_file>
      <input_file id="fl-cb">
         <path>/opt/ti/ccsv8/tools/compiler/ti-cgt-arm_18.1.4.LTS/lib/</path>
         <kind>archive</kind>
         <file>rtsv7M4_T_le_v4SPD16_eabi.lib</file>
         <name>exit.c.obj</name>
      </input_file>
      <input_file id="fl-cc">
         <path>/opt/ti/ccsv8/tools/compiler/ti-cgt-arm_18.1.4.LTS/lib/</path>
         <kind>archive</kind>
         <file>rtsv7M4_T_le_v4SPD16_eabi.lib</file>
         <name>memory.c.obj</name>
      </input_file>
      <input_file id="fl-cd">
         <path>/opt/ti/ccsv8/tools/compiler/ti-cgt-arm_18.1.4.LTS/lib/</path>
         <kind>archive</kind>
         <file>rtsv7M4_T_le_v4SPD16_eabi.lib</file>
         <name>_lock.c.obj</name>
      </input_file>
      <input_file id="fl-ce">
         <path>/opt/ti/ccsv8/tools/compiler/ti-cgt-arm_18.1.4.LTS/lib/</path>
         <kind>archive</kind>
         <file>rtsv7M4_T_le_v4SPD16_eabi.lib</file>
         <name>args_main.c.obj</name>
      </input_file>
      <input_file id="fl-cf">
         <path>/opt/ti/ccsv8/tools/compiler/ti-cgt-arm_18.1.4.LTS/lib/</path>
         <kind>archive</kind>
         <file>rtsv7M4_T_le_v4SPD16_eabi.lib</file>
         <name>strlen.c.obj</name>
      </input_file>
      <input_file id="fl-d0">
         <path>/opt/ti/ccsv8/tools/compiler/ti-cgt-arm_18.1.4.LTS/lib/</path>
         <kind>archive</kind>
         <file>rtsv7M4_T_le_v4SPD16_eabi.lib</file>
         <name>new.cpp.obj</name>
      </input_file>
      <input_file id="fl-d1">
         <path>/opt/ti/ccsv8/tools/compiler/ti-cgt-arm_18.1.4.LTS/lib/</path>
         <kind>archive</kind>
         <file>rtsv7M4_T_le_v4SPD16_eabi.lib</file>
         <name>stdlib_typeinfo.cpp.obj</name>
      </input_file>
      <input_file id="fl-d2">
         <path>/opt/ti/ccsv8/tools/compiler/ti-cgt-arm_18.1.4.LTS/lib/</path>
         <kind>archive</kind>
         <file>rtsv7M4_T_le_v4SPD16_eabi.lib</file>
         <name>error.c.obj</name>
      </input_file>
      <input_file id="fl-d3">
         <path>/opt/ti/ccsv8/tools/compiler/ti-cgt-arm_18.1.4.LTS/lib/</path>
         <kind>archive</kind>
         <file>rtsv7M4_T_le_v4SPD16_eabi.lib</file>
         <name>div0.asm.obj</name>
      </input_file>
      <input_file id="fl-d4">
         <path>/opt/ti/ccsv8/tools/compiler/ti-cgt-arm_18.1.4.LTS/lib/</path>
         <kind>archive</kind>
         <file>rtsv7M4_T_le_v4SPD16_eabi.lib</file>
         <name>memset_t2.asm.obj</name>
      </input_file>
      <input_file id="fl-d5">
         <path>/opt/ti/ccsv8/tools/compiler/ti-cgt-arm_18.1.4.LTS/lib/</path>
         <kind>archive</kind>
         <file>rtsv7M4_T_le_v4SPD16_eabi.lib</file>
         <name>autoinit.c.obj</name>
      </input_file>
      <input_file id="fl-d6">
         <path>/opt/ti/ccsv8/tools/compiler/ti-cgt-arm_18.1.4.LTS/lib/</path>
         <kind>archive</kind>
         <file>rtsv7M4_T_le_v4SPD16_eabi.lib</file>
         <name>pre_init.c.obj</name>
      </input_file>
      <input_file id="fl-d7">
         <path>/opt/ti/ccsv8/tools/compiler/ti-cgt-arm_18.1.4.LTS/lib/</path>
         <kind>archive</kind>
         <file>rtsv7M4_T_le_v4SPD16_eabi.lib</file>
         <name>cpy_tbl.c.obj</name>
      </input_file>
      <input_file id="fl-d8">
         <path>/opt/ti/ccsv8/tools/compiler/ti-cgt-arm_18.1.4.LTS/lib/</path>
         <kind>archive</kind>
         <file>rtsv7M4_T_le_v4SPD16_eabi.lib</file>
         <name>stdlib_exception.cpp.obj</name>
      </input_file>
      <input_file id="fl-d9">
         <path>/home/pops/ti/simplelink_msp432p4_sdk_2_20_00_12/source/ti/devices/msp432p4xx/driverlib/ccs/</path>
         <kind>archive</kind>
         <file>msp432p4xx_driverlib.lib</file>
         <name>cpu.o</name>
      </input_file>
      <input_file id="fl-da">
         <path>/home/pops/ti/simplelink_msp432p4_sdk_2_20_00_12/source/ti/devices/msp432p4xx/driverlib/ccs/</path>
         <kind>archive</kind>
         <file>msp432p4xx_driverlib.lib</file>
         <name>interrupt.o</name>
      </input_file>
      <input_file id="fl-db">
         <path>/home/pops/ti/simplelink_msp432p4_sdk_2_20_00_12/source/ti/devices/msp432p4xx/driverlib/ccs/</path>
         <kind>archive</kind>
         <file>msp432p4xx_driverlib.lib</file>
         <name>timer32.o</name>
      </input_file>
   </input_file_list>
   <object_component_list>
      <object_component id="oc-23">
         <name>.intvecs:retain</name>
         <load_address>0x0</load_address>
         <run_address>0x0</run_address>
         <size>0xe4</size>
         <input_file_ref idref="fl-1"/>
      </object_component>
      <object_component id="oc-b6">
         <name>.text</name>
         <load_address>0xe4</load_address>
         <run_address>0xe4</run_address>
         <size>0x32c</size>
         <input_file_ref idref="fl-2"/>
      </object_component>
      <object_component id="oc-112">
         <name>.text:_ZN3ros11NodeHandle_I15Msp432CHardwareLi25ELi25ELi512ELi512EE8spinOnceEv</name>
         <load_address>0x410</load_address>
         <run_address>0x410</run_address>
         <size>0x326</size>
         <input_file_ref idref="fl-3"/>
      </object_component>
      <object_component id="oc-20e">
         <name>.text:_ZN14rosserial_msgs20RequestParamResponse11deserializeEPh</name>
         <load_address>0x736</load_address>
         <run_address>0x736</run_address>
         <size>0x298</size>
         <input_file_ref idref="fl-3"/>
      </object_component>
      <object_component id="oc-5a6">
         <name>.text:_ZNSt9type_infoD1Ev</name>
         <load_address>0x9ce</load_address>
         <run_address>0x9ce</run_address>
         <size>0x2</size>
         <input_file_ref idref="fl-d1"/>
      </object_component>
      <object_component id="oc-6e">
         <name>.text</name>
         <load_address>0x9d0</load_address>
         <run_address>0x9d0</run_address>
         <size>0x27c</size>
         <input_file_ref idref="fl-b"/>
      </object_component>
      <object_component id="oc-74">
         <name>.text</name>
         <load_address>0xc4c</load_address>
         <run_address>0xc4c</run_address>
         <size>0x27c</size>
         <input_file_ref idref="fl-c"/>
      </object_component>
      <object_component id="oc-433">
         <name>.text:_ZNK14rosserial_msgs20RequestParamResponse9serializeEPh</name>
         <load_address>0xec8</load_address>
         <run_address>0xec8</run_address>
         <size>0x1f2</size>
         <input_file_ref idref="fl-3"/>
      </object_component>
      <object_component id="oc-200">
         <name>.text:_ZN3ros11NodeHandle_I15Msp432CHardwareLi25ELi25ELi512ELi512EE15negotiateTopicsEv</name>
         <load_address>0x10ba</load_address>
         <run_address>0x10ba</run_address>
         <size>0x196</size>
         <input_file_ref idref="fl-3"/>
      </object_component>
      <object_component id="oc-4e5">
         <name>.text:_ZN14rosserial_msgs9TopicInfo11deserializeEPh</name>
         <load_address>0x1250</load_address>
         <run_address>0x1250</run_address>
         <size>0x190</size>
         <input_file_ref idref="fl-3"/>
      </object_component>
      <object_component id="oc-372">
         <name>.text:_ZN3ros11NodeHandle_I15Msp432CHardwareLi25ELi25ELi512ELi512EE7publishEiPKNS_3MsgE</name>
         <load_address>0x13e0</load_address>
         <run_address>0x13e0</run_address>
         <size>0x12c</size>
         <input_file_ref idref="fl-3"/>
      </object_component>
      <object_component id="oc-4de">
         <name>.text:_ZNK14rosserial_msgs9TopicInfo9serializeEPh</name>
         <load_address>0x150c</load_address>
         <run_address>0x150c</run_address>
         <size>0x116</size>
         <input_file_ref idref="fl-3"/>
      </object_component>
      <object_component id="oc-387">
         <name>.text:_nop</name>
         <load_address>0x1622</load_address>
         <run_address>0x1622</run_address>
         <size>0x2</size>
         <input_file_ref idref="fl-cd"/>
      </object_component>
      <object_component id="oc-354">
         <name>.text:realloc</name>
         <load_address>0x1624</load_address>
         <run_address>0x1624</run_address>
         <size>0x114</size>
         <input_file_ref idref="fl-cc"/>
      </object_component>
      <object_component id="oc-127">
         <name>.text:_ZN3ros11NodeHandle_I15Msp432CHardwareLi25ELi25ELi512ELi512EEC1Ev</name>
         <load_address>0x1738</load_address>
         <run_address>0x1738</run_address>
         <size>0xec</size>
         <input_file_ref idref="fl-3"/>
      </object_component>
      <object_component id="oc-40d">
         <name>.text:free</name>
         <load_address>0x1824</load_address>
         <run_address>0x1824</run_address>
         <size>0xd8</size>
         <input_file_ref idref="fl-cc"/>
      </object_component>
      <object_component id="oc-401">
         <name>.text</name>
         <load_address>0x18fc</load_address>
         <run_address>0x18fc</run_address>
         <size>0xc0</size>
         <input_file_ref idref="fl-d"/>
      </object_component>
      <object_component id="oc-346">
         <name>.text:_ZN8std_msgs4Time11deserializeEPh</name>
         <load_address>0x19bc</load_address>
         <run_address>0x19bc</run_address>
         <size>0x9e</size>
         <input_file_ref idref="fl-3"/>
      </object_component>
      <object_component id="oc-38">
         <name>.text</name>
         <load_address>0x1a5a</load_address>
         <run_address>0x1a5a</run_address>
         <size>0x9c</size>
         <input_file_ref idref="fl-c6"/>
      </object_component>
      <object_component id="oc-4c4">
         <name>.text:_ZNK8std_msgs4Time9serializeEPh</name>
         <load_address>0x1af6</load_address>
         <run_address>0x1af6</run_address>
         <size>0x9a</size>
         <input_file_ref idref="fl-3"/>
      </object_component>
      <object_component id="oc-19d">
         <name>.text:Interrupt_enableInterrupt</name>
         <load_address>0x1b90</load_address>
         <run_address>0x1b90</run_address>
         <size>0x80</size>
         <input_file_ref idref="fl-da"/>
      </object_component>
      <object_component id="oc-5e3">
         <name>.text:_ZN14rosserial_msgs3Log11deserializeEPh</name>
         <load_address>0x1c10</load_address>
         <run_address>0x1c10</run_address>
         <size>0x7e</size>
         <input_file_ref idref="fl-3"/>
      </object_component>
      <object_component id="oc-9e">
         <name>.text</name>
         <load_address>0x1c8e</load_address>
         <run_address>0x1c8e</run_address>
         <size>0x7a</size>
         <input_file_ref idref="fl-d4"/>
      </object_component>
      <object_component id="oc-407">
         <name>.text:malloc</name>
         <load_address>0x1d08</load_address>
         <run_address>0x1d08</run_address>
         <size>0x78</size>
         <input_file_ref idref="fl-cc"/>
      </object_component>
      <object_component id="oc-207">
         <name>.text:_ZN3ros11NodeHandle_I15Msp432CHardwareLi25ELi25ELi512ELi512EE8syncTimeEPh</name>
         <load_address>0x1d80</load_address>
         <run_address>0x1d80</run_address>
         <size>0x70</size>
         <input_file_ref idref="fl-3"/>
      </object_component>
      <object_component id="oc-3c7">
         <name>.text:_ZN8std_msgs6String11deserializeEPh</name>
         <load_address>0x1df0</load_address>
         <run_address>0x1df0</run_address>
         <size>0x6e</size>
         <input_file_ref idref="fl-3"/>
      </object_component>
      <object_component id="oc-14">
         <name>.text:decompress:lzss:__TI_decompress_lzss</name>
         <load_address>0x1e5e</load_address>
         <run_address>0x1e5e</run_address>
         <size>0x68</size>
         <input_file_ref idref="fl-c9"/>
      </object_component>
      <object_component id="oc-57e">
         <name>.text</name>
         <load_address>0x1ec6</load_address>
         <run_address>0x1ec6</run_address>
         <size>0x2</size>
         <input_file_ref idref="fl-d3"/>
      </object_component>
      <object_component id="oc-34d">
         <name>.text:_ZN3ros11NodeHandle_I15Msp432CHardwareLi25ELi25ELi512ELi512EE6setNowERNS_4TimeE</name>
         <load_address>0x1ec8</load_address>
         <run_address>0x1ec8</run_address>
         <size>0x60</size>
         <input_file_ref idref="fl-3"/>
      </object_component>
      <object_component id="oc-167">
         <name>.text:__TI_auto_init_nobinit:__TI_auto_init_nobinit</name>
         <load_address>0x1f28</load_address>
         <run_address>0x1f28</run_address>
         <size>0x60</size>
         <input_file_ref idref="fl-d5"/>
      </object_component>
      <object_component id="oc-7d">
         <name>.text</name>
         <load_address>0x1f88</load_address>
         <run_address>0x1f88</run_address>
         <size>0x60</size>
         <input_file_ref idref="fl-3"/>
      </object_component>
      <object_component id="oc-4fa">
         <name>.text</name>
         <load_address>0x1fe8</load_address>
         <run_address>0x1fe8</run_address>
         <size>0x5e</size>
         <input_file_ref idref="fl-c5"/>
      </object_component>
      <object_component id="oc-197">
         <name>.text:Interrupt_registerInterrupt</name>
         <load_address>0x2048</load_address>
         <run_address>0x2048</run_address>
         <size>0x5c</size>
         <input_file_ref idref="fl-da"/>
      </object_component>
      <object_component id="oc-5dc">
         <name>.text:_ZNK14rosserial_msgs3Log9serializeEPh</name>
         <load_address>0x20a4</load_address>
         <run_address>0x20a4</run_address>
         <size>0x5c</size>
         <input_file_ref idref="fl-3"/>
      </object_component>
      <object_component id="oc-10b">
         <name>.text:_ZN3ros11NodeHandle_I15Msp432CHardwareLi25ELi25ELi512ELi512EE9subscribeINS_10SubscriberIN8std_msgs6StringEvEEEEbRT_</name>
         <load_address>0x2100</load_address>
         <run_address>0x2100</run_address>
         <size>0x4c</size>
         <input_file_ref idref="fl-3"/>
      </object_component>
      <object_component id="oc-f7">
         <name>.text</name>
         <load_address>0x214c</load_address>
         <run_address>0x214c</run_address>
         <size>0x4c</size>
         <input_file_ref idref="fl-4"/>
      </object_component>
      <object_component id="oc-3c0">
         <name>.text:_ZNK8std_msgs6String9serializeEPh</name>
         <load_address>0x2198</load_address>
         <run_address>0x2198</run_address>
         <size>0x48</size>
         <input_file_ref idref="fl-3"/>
      </object_component>
      <object_component id="oc-104">
         <name>.text:_ZN3ros10SubscriberIN8std_msgs6StringEvEC1EPKcPFvRKS2_Ei</name>
         <load_address>0x21e0</load_address>
         <run_address>0x21e0</run_address>
         <size>0x40</size>
         <input_file_ref idref="fl-3"/>
      </object_component>
      <object_component id="oc-22d">
         <name>.text:_ZN14rosserial_msgs20RequestParamResponseC1Ev</name>
         <load_address>0x2220</load_address>
         <run_address>0x2220</run_address>
         <size>0x3c</size>
         <input_file_ref idref="fl-3"/>
      </object_component>
      <object_component id="oc-338">
         <name>.text:_ZN14rosserial_msgs9TopicInfoC1Ev</name>
         <load_address>0x225c</load_address>
         <run_address>0x225c</run_address>
         <size>0x3c</size>
         <input_file_ref idref="fl-3"/>
      </object_component>
      <object_component id="oc-35a">
         <name>.text:_ZN3ros3Msg8arrToVarIjPhEEvRT_T0_</name>
         <load_address>0x2298</load_address>
         <run_address>0x2298</run_address>
         <size>0x3c</size>
         <input_file_ref idref="fl-3"/>
      </object_component>
      <object_component id="oc-41f">
         <name>.text:minsert</name>
         <load_address>0x22d4</load_address>
         <run_address>0x22d4</run_address>
         <size>0x3c</size>
         <input_file_ref idref="fl-cc"/>
      </object_component>
      <object_component id="oc-56">
         <name>.text:_c_int00_noargs:_c_int00_noargs</name>
         <load_address>0x2310</load_address>
         <run_address>0x2310</run_address>
         <size>0x38</size>
         <input_file_ref idref="fl-ca"/>
      </object_component>
      <object_component id="oc-413">
         <name>.text:minit</name>
         <load_address>0x2348</load_address>
         <run_address>0x2348</run_address>
         <size>0x38</size>
         <input_file_ref idref="fl-cc"/>
      </object_component>
      <object_component id="oc-452">
         <name>.text:_ZN15Msp432CHardware5writeEPhi</name>
         <load_address>0x2380</load_address>
         <run_address>0x2380</run_address>
         <size>0x34</size>
         <input_file_ref idref="fl-3"/>
      </object_component>
      <object_component id="oc-51b">
         <name>.text:_ZN3ros11NodeHandle_I15Msp432CHardwareLi25ELi25ELi512ELi512EE3logEcPKc</name>
         <load_address>0x23b4</load_address>
         <run_address>0x23b4</run_address>
         <size>0x34</size>
         <input_file_ref idref="fl-3"/>
      </object_component>
      <object_component id="oc-491">
         <name>.text:_ZN3ros3Msg8varToArrIPhjEEvT_T0_</name>
         <load_address>0x23e8</load_address>
         <run_address>0x23e8</run_address>
         <size>0x30</size>
         <input_file_ref idref="fl-3"/>
      </object_component>
      <object_component id="oc-1f9">
         <name>.text:_ZN3ros11NodeHandle_I15Msp432CHardwareLi25ELi25ELi512ELi512EE15requestSyncTimeEv</name>
         <load_address>0x2418</load_address>
         <run_address>0x2418</run_address>
         <size>0x2e</size>
         <input_file_ref idref="fl-3"/>
      </object_component>
      <object_component id="oc-fd">
         <name>.text:_ZN3ros11NodeHandle_I15Msp432CHardwareLi25ELi25ELi512ELi512EE8initNodeEv</name>
         <load_address>0x2446</load_address>
         <run_address>0x2446</run_address>
         <size>0x2e</size>
         <input_file_ref idref="fl-3"/>
      </object_component>
      <object_component id="oc-592">
         <name>.text:_ZN14rosserial_msgs3LogC1Ev</name>
         <load_address>0x2474</load_address>
         <run_address>0x2474</run_address>
         <size>0x28</size>
         <input_file_ref idref="fl-3"/>
      </object_component>
      <object_component id="oc-419">
         <name>.text:mremove</name>
         <load_address>0x249c</load_address>
         <run_address>0x249c</run_address>
         <size>0x28</size>
         <input_file_ref idref="fl-cc"/>
      </object_component>
      <object_component id="oc-1df">
         <name>.text:_ZN8std_msgs6StringC1Ev</name>
         <load_address>0x24c4</load_address>
         <run_address>0x24c4</run_address>
         <size>0x24</size>
         <input_file_ref idref="fl-3"/>
      </object_component>
      <object_component id="oc-331">
         <name>.text:_ZN8std_msgs4TimeC1Ev</name>
         <load_address>0x24e8</load_address>
         <run_address>0x24e8</run_address>
         <size>0x20</size>
         <input_file_ref idref="fl-3"/>
      </object_component>
      <object_component id="oc-315">
         <name>.text:_ZN3ros10SubscriberIN8std_msgs6StringEvE8callbackEPh</name>
         <load_address>0x2508</load_address>
         <run_address>0x2508</run_address>
         <size>0x1c</size>
         <input_file_ref idref="fl-3"/>
      </object_component>
      <object_component id="oc-2f8">
         <name>.text:_ZN3ros11Subscriber_C1Ev</name>
         <load_address>0x2524</load_address>
         <run_address>0x2524</run_address>
         <size>0x18</size>
         <input_file_ref idref="fl-3"/>
      </object_component>
      <object_component id="oc-361">
         <name>.text:_ZN3ros15NodeHandleBase_C1Ev</name>
         <load_address>0x253c</load_address>
         <run_address>0x253c</run_address>
         <size>0x18</size>
         <input_file_ref idref="fl-3"/>
      </object_component>
      <object_component id="oc-3b4">
         <name>.text:_ZN3ros3MsgC1Ev</name>
         <load_address>0x2554</load_address>
         <run_address>0x2554</run_address>
         <size>0x18</size>
         <input_file_ref idref="fl-3"/>
      </object_component>
      <object_component id="oc-3eb">
         <name>.text:_ZN3ros4TimeC1Ev</name>
         <load_address>0x256c</load_address>
         <run_address>0x256c</run_address>
         <size>0x18</size>
         <input_file_ref idref="fl-3"/>
      </object_component>
      <object_component id="oc-bd">
         <name>.text:Timer32_registerInterrupt</name>
         <load_address>0x2584</load_address>
         <run_address>0x2584</run_address>
         <size>0x16</size>
         <input_file_ref idref="fl-db"/>
      </object_component>
      <object_component id="oc-1eb">
         <name>.text:_ZN15Msp432CHardware4timeEv</name>
         <load_address>0x259c</load_address>
         <run_address>0x259c</run_address>
         <size>0x14</size>
         <input_file_ref idref="fl-3"/>
      </object_component>
      <object_component id="oc-48b">
         <name>.text:strlen</name>
         <load_address>0x25b0</load_address>
         <run_address>0x25b0</run_address>
         <size>0x14</size>
         <input_file_ref idref="fl-cf"/>
      </object_component>
      <object_component id="oc-459">
         <name>.text:_ZN3ros11NodeHandle_I15Msp432CHardwareLi25ELi25ELi512ELi512EE8logerrorEPKc</name>
         <load_address>0x25c4</load_address>
         <run_address>0x25c4</run_address>
         <size>0x12</size>
         <input_file_ref idref="fl-3"/>
      </object_component>
      <object_component id="oc-c3">
         <name>.text:Interrupt_enableMaster</name>
         <load_address>0x25d6</load_address>
         <run_address>0x25d6</run_address>
         <size>0x10</size>
         <input_file_ref idref="fl-da"/>
      </object_component>
      <object_component id="oc-441">
         <name>.text:_ZN14rosserial_msgs20RequestParamResponse6getMD5Ev</name>
         <load_address>0x25e8</load_address>
         <run_address>0x25e8</run_address>
         <size>0x10</size>
         <input_file_ref idref="fl-3"/>
      </object_component>
      <object_component id="oc-43a">
         <name>.text:_ZN14rosserial_msgs20RequestParamResponse7getTypeEv</name>
         <load_address>0x25f8</load_address>
         <run_address>0x25f8</run_address>
         <size>0x10</size>
         <input_file_ref idref="fl-3"/>
      </object_component>
      <object_component id="oc-5f1">
         <name>.text:_ZN14rosserial_msgs3Log6getMD5Ev</name>
         <load_address>0x2608</load_address>
         <run_address>0x2608</run_address>
         <size>0x10</size>
         <input_file_ref idref="fl-3"/>
      </object_component>
      <object_component id="oc-5ea">
         <name>.text:_ZN14rosserial_msgs3Log7getTypeEv</name>
         <load_address>0x2618</load_address>
         <run_address>0x2618</run_address>
         <size>0x10</size>
         <input_file_ref idref="fl-3"/>
      </object_component>
      <object_component id="oc-4f3">
         <name>.text:_ZN14rosserial_msgs9TopicInfo6getMD5Ev</name>
         <load_address>0x2628</load_address>
         <run_address>0x2628</run_address>
         <size>0x10</size>
         <input_file_ref idref="fl-3"/>
      </object_component>
      <object_component id="oc-4ec">
         <name>.text:_ZN14rosserial_msgs9TopicInfo7getTypeEv</name>
         <load_address>0x2638</load_address>
         <run_address>0x2638</run_address>
         <size>0x10</size>
         <input_file_ref idref="fl-3"/>
      </object_component>
      <object_component id="oc-379">
         <name>.text:_ZN3ros11NodeHandle_I15Msp432CHardwareLi25ELi25ELi512ELi512EE9connectedEv</name>
         <load_address>0x2648</load_address>
         <run_address>0x2648</run_address>
         <size>0x10</size>
         <input_file_ref idref="fl-3"/>
      </object_component>
      <object_component id="oc-4d2">
         <name>.text:_ZN8std_msgs4Time6getMD5Ev</name>
         <load_address>0x2658</load_address>
         <run_address>0x2658</run_address>
         <size>0x10</size>
         <input_file_ref idref="fl-3"/>
      </object_component>
      <object_component id="oc-4cb">
         <name>.text:_ZN8std_msgs4Time7getTypeEv</name>
         <load_address>0x2668</load_address>
         <run_address>0x2668</run_address>
         <size>0x10</size>
         <input_file_ref idref="fl-3"/>
      </object_component>
      <object_component id="oc-3d5">
         <name>.text:_ZN8std_msgs6String6getMD5Ev</name>
         <load_address>0x2678</load_address>
         <run_address>0x2678</run_address>
         <size>0x10</size>
         <input_file_ref idref="fl-3"/>
      </object_component>
      <object_component id="oc-3ce">
         <name>.text:_ZN8std_msgs6String7getTypeEv</name>
         <load_address>0x2688</load_address>
         <run_address>0x2688</run_address>
         <size>0x10</size>
         <input_file_ref idref="fl-3"/>
      </object_component>
      <object_component id="oc-55a">
         <name>.text:_ZN10__cxxabiv117__class_type_infoD0Ev</name>
         <load_address>0x2698</load_address>
         <run_address>0x2698</run_address>
         <size>0xe</size>
         <input_file_ref idref="fl-c4"/>
      </object_component>
      <object_component id="oc-4ad">
         <name>.text:_ZN10__cxxabiv120__si_class_type_infoD0Ev</name>
         <load_address>0x26a6</load_address>
         <run_address>0x26a6</run_address>
         <size>0xe</size>
         <input_file_ref idref="fl-c4"/>
      </object_component>
      <object_component id="oc-120">
         <name>.text:_ZN15Msp432CHardware5delayEj</name>
         <load_address>0x26b4</load_address>
         <run_address>0x26b4</run_address>
         <size>0xe</size>
         <input_file_ref idref="fl-3"/>
      </object_component>
      <object_component id="oc-323">
         <name>.text:_ZN3ros10SubscriberIN8std_msgs6StringEvE10getMsgTypeEv</name>
         <load_address>0x26c2</load_address>
         <run_address>0x26c2</run_address>
         <size>0xe</size>
         <input_file_ref idref="fl-3"/>
      </object_component>
      <object_component id="oc-31c">
         <name>.text:_ZN3ros10SubscriberIN8std_msgs6StringEvE15getEndpointTypeEv</name>
         <load_address>0x26d0</load_address>
         <run_address>0x26d0</run_address>
         <size>0xe</size>
         <input_file_ref idref="fl-3"/>
      </object_component>
      <object_component id="oc-32a">
         <name>.text:_ZN3ros10SubscriberIN8std_msgs6StringEvE9getMsgMD5Ev</name>
         <load_address>0x26de</load_address>
         <run_address>0x26de</run_address>
         <size>0xe</size>
         <input_file_ref idref="fl-3"/>
      </object_component>
      <object_component id="oc-119">
         <name>.text:_ZN3ros11NodeHandle_I15Msp432CHardwareLi25ELi25ELi512ELi512EE11getHardwareEv</name>
         <load_address>0x26ec</load_address>
         <run_address>0x26ec</run_address>
         <size>0xe</size>
         <input_file_ref idref="fl-3"/>
      </object_component>
      <object_component id="oc-33f">
         <name>.text:_ZN3ros9Publisher15getEndpointTypeEv</name>
         <load_address>0x26fa</load_address>
         <run_address>0x26fa</run_address>
         <size>0xe</size>
         <input_file_ref idref="fl-3"/>
      </object_component>
      <object_component id="oc-1a">
         <name>.text:decompress:none:__TI_decompress_none</name>
         <load_address>0x2708</load_address>
         <run_address>0x2708</run_address>
         <size>0xe</size>
         <input_file_ref idref="fl-c8"/>
      </object_component>
      <object_component id="oc-68">
         <name>.text</name>
         <load_address>0x2716</load_address>
         <run_address>0x2716</run_address>
         <size>0xe</size>
         <input_file_ref idref="fl-1"/>
      </object_component>
      <object_component id="oc-1a5">
         <name>.text:CPU_cpsie</name>
         <load_address>0x2724</load_address>
         <run_address>0x2724</run_address>
         <size>0xc</size>
         <input_file_ref idref="fl-d9"/>
      </object_component>
      <object_component id="oc-1cc">
         <name>.text:_ZN15Msp432CHardware4initEv</name>
         <load_address>0x2730</load_address>
         <run_address>0x2730</run_address>
         <size>0xc</size>
         <input_file_ref idref="fl-3"/>
      </object_component>
      <object_component id="oc-226">
         <name>.text:_ZN15Msp432CHardwareC1Ev</name>
         <load_address>0x273c</load_address>
         <run_address>0x273c</run_address>
         <size>0xc</size>
         <input_file_ref idref="fl-3"/>
      </object_component>
      <object_component id="oc-1d8">
         <name>.text:_ZN3ros11Subscriber_C2Ev</name>
         <load_address>0x2748</load_address>
         <run_address>0x2748</run_address>
         <size>0xc</size>
         <input_file_ref idref="fl-3"/>
      </object_component>
      <object_component id="oc-21f">
         <name>.text:_ZN3ros15NodeHandleBase_C2Ev</name>
         <load_address>0x2754</load_address>
         <run_address>0x2754</run_address>
         <size>0xc</size>
         <input_file_ref idref="fl-3"/>
      </object_component>
      <object_component id="oc-2ff">
         <name>.text:_ZN3ros3MsgC2Ev</name>
         <load_address>0x2760</load_address>
         <run_address>0x2760</run_address>
         <size>0xc</size>
         <input_file_ref idref="fl-3"/>
      </object_component>
      <object_component id="oc-4a">
         <name>.text:decompress:ZI:__TI_zero_init</name>
         <load_address>0x276c</load_address>
         <run_address>0x276c</run_address>
         <size>0xc</size>
         <input_file_ref idref="fl-c7"/>
      </object_component>
      <object_component id="oc-1f2">
         <name>.text:_ZN15Msp432CHardware4readEv</name>
         <load_address>0x2778</load_address>
         <run_address>0x2778</run_address>
         <size>0xa</size>
         <input_file_ref idref="fl-3"/>
      </object_component>
      <object_component id="oc-5ad">
         <name>.text:_ZdlPv</name>
         <load_address>0x2782</load_address>
         <run_address>0x2782</run_address>
         <size>0x8</size>
         <input_file_ref idref="fl-d0"/>
      </object_component>
      <object_component id="oc-476">
         <name>.text:__cxa_pure_virtual</name>
         <load_address>0x278a</load_address>
         <run_address>0x278a</run_address>
         <size>0x6</size>
         <input_file_ref idref="fl-c3"/>
      </object_component>
      <object_component id="oc-da">
         <name>.text:CPU_wfi</name>
         <load_address>0x2790</load_address>
         <run_address>0x2790</run_address>
         <size>0x4</size>
         <input_file_ref idref="fl-d9"/>
      </object_component>
      <object_component id="oc-53a">
         <name>.text:_ZN10__cxxabiv117__class_type_infoD1Ev</name>
         <load_address>0x2794</load_address>
         <run_address>0x2794</run_address>
         <size>0x4</size>
         <input_file_ref idref="fl-c4"/>
      </object_component>
      <object_component id="oc-4a7">
         <name>.text:_ZN10__cxxabiv120__si_class_type_infoD1Ev</name>
         <load_address>0x2798</load_address>
         <run_address>0x2798</run_address>
         <size>0x4</size>
         <input_file_ref idref="fl-c4"/>
      </object_component>
      <object_component id="oc-546">
         <name>.text:_ZdlPvj</name>
         <load_address>0x279c</load_address>
         <run_address>0x279c</run_address>
         <size>0x4</size>
         <input_file_ref idref="fl-d0"/>
      </object_component>
      <object_component id="oc-522">
         <name>.text:__abort_execution</name>
         <load_address>0x27a0</load_address>
         <run_address>0x27a0</run_address>
         <size>0x4</size>
         <input_file_ref idref="fl-d2"/>
      </object_component>
      <object_component id="oc-a4">
         <name>.text:_system_pre_init</name>
         <load_address>0x27a4</load_address>
         <run_address>0x27a4</run_address>
         <size>0x4</size>
         <input_file_ref idref="fl-d6"/>
      </object_component>
      <object_component id="oc-155">
         <name>.text:abort:abort</name>
         <load_address>0x27a8</load_address>
         <run_address>0x27a8</run_address>
         <size>0x4</size>
         <input_file_ref idref="fl-cb"/>
      </object_component>
      <object_component id="oc-448">
         <name>.const:.typeinfo:_ZTSN3ros11NodeHandle_I15Msp432CHardwareLi25ELi25ELi512ELi512EEE</name>
         <load_address>0x27ac</load_address>
         <run_address>0x27ac</run_address>
         <size>0x3d</size>
         <input_file_ref idref="fl-3"/>
      </object_component>
      <object_component id="oc-460">
         <name>.const:.string:_ZZN3ros11NodeHandle_I15Msp432CHardwareLi25ELi25ELi512ELi512EE7publishEiPKNS_3MsgEEs</name>
         <load_address>0x27e9</load_address>
         <run_address>0x27e9</run_address>
         <size>0x39</size>
         <input_file_ref idref="fl-3"/>
      </object_component>
      <object_component id="oc-509">
         <name>.const:.typeinfo:_ZTSN14rosserial_msgs20RequestParamResponseE</name>
         <load_address>0x2822</load_address>
         <run_address>0x2822</run_address>
         <size>0x29</size>
         <input_file_ref idref="fl-3"/>
      </object_component>
      <object_component id="oc-3e1">
         <name>.const:.typeinfo:_ZTSN3ros10SubscriberIN8std_msgs6StringEvEE</name>
         <load_address>0x284b</load_address>
         <run_address>0x284b</run_address>
         <size>0x28</size>
         <input_file_ref idref="fl-3"/>
      </object_component>
      <object_component id="oc-530">
         <name>.const:.typeinfo:_ZTSN10__cxxabiv120__si_class_type_infoE</name>
         <load_address>0x2873</load_address>
         <run_address>0x2873</run_address>
         <size>0x25</size>
         <input_file_ref idref="fl-c4"/>
      </object_component>
      <object_component id="oc-e7">
         <name>.const:uartConfig</name>
         <load_address>0x2898</load_address>
         <run_address>0x2898</run_address>
         <size>0x24</size>
         <input_file_ref idref="fl-c"/>
      </object_component>
      <object_component id="oc-59c">
         <name>.const:.typeinfo:_ZTSN10__cxxabiv117__class_type_infoE</name>
         <load_address>0x28bc</load_address>
         <run_address>0x28bc</run_address>
         <size>0x22</size>
         <input_file_ref idref="fl-c4"/>
      </object_component>
      <object_component id="oc-511">
         <name>.const:.string:_ZZN14rosserial_msgs20RequestParamResponse6getMD5EvEs</name>
         <load_address>0x28de</load_address>
         <run_address>0x28de</run_address>
         <size>0x21</size>
         <input_file_ref idref="fl-3"/>
      </object_component>
      <object_component id="oc-60e">
         <name>.const:.string:_ZZN14rosserial_msgs3Log6getMD5EvEs</name>
         <load_address>0x28ff</load_address>
         <run_address>0x28ff</run_address>
         <size>0x21</size>
         <input_file_ref idref="fl-3"/>
      </object_component>
      <object_component id="oc-579">
         <name>.const:.string:_ZZN14rosserial_msgs9TopicInfo6getMD5EvEs</name>
         <load_address>0x2920</load_address>
         <run_address>0x2920</run_address>
         <size>0x21</size>
         <input_file_ref idref="fl-3"/>
      </object_component>
      <object_component id="oc-56a">
         <name>.const:.string:_ZZN8std_msgs4Time6getMD5EvEs</name>
         <load_address>0x2941</load_address>
         <run_address>0x2941</run_address>
         <size>0x21</size>
         <input_file_ref idref="fl-3"/>
      </object_component>
      <object_component id="oc-49d">
         <name>.const:.string:_ZZN8std_msgs6String6getMD5EvEs</name>
         <load_address>0x2962</load_address>
         <run_address>0x2962</run_address>
         <size>0x21</size>
         <input_file_ref idref="fl-3"/>
      </object_component>
      <object_component id="oc-56f">
         <name>.const:.typeinfo:_ZTSN14rosserial_msgs9TopicInfoE</name>
         <load_address>0x2983</load_address>
         <run_address>0x2983</run_address>
         <size>0x1d</size>
         <input_file_ref idref="fl-3"/>
      </object_component>
      <object_component id="oc-50e">
         <name>.const:.string:_ZN27_INTERNAL_10_blinky_cpp_nh_14rosserial_msgs12REQUESTPARAME</name>
         <load_address>0x29a0</load_address>
         <run_address>0x29a0</run_address>
         <size>0x1c</size>
         <input_file_ref idref="fl-3"/>
      </object_component>
      <object_component id="oc-574">
         <name>.const:.string:_ZZN14rosserial_msgs9TopicInfo7getTypeEvEs</name>
         <load_address>0x29bc</load_address>
         <run_address>0x29bc</run_address>
         <size>0x19</size>
         <input_file_ref idref="fl-3"/>
      </object_component>
      <object_component id="oc-516">
         <name>.const:.typeinfo:_ZTSN3ros15NodeHandleBase_E</name>
         <load_address>0x29d5</load_address>
         <run_address>0x29d5</run_address>
         <size>0x18</size>
         <input_file_ref idref="fl-3"/>
      </object_component>
      <object_component id="oc-5bd">
         <name>.const:.string:_ZZN14rosserial_msgs3LogC1EvEs</name>
         <load_address>0x29ed</load_address>
         <run_address>0x29ed</run_address>
         <size>0x1</size>
         <input_file_ref idref="fl-3"/>
      </object_component>
      <object_component id="oc-3fc">
         <name>.const:.string:_ZZN14rosserial_msgs9TopicInfoC1EvEs</name>
         <load_address>0x29ee</load_address>
         <run_address>0x29ee</run_address>
         <size>0x1</size>
         <input_file_ref idref="fl-3"/>
      </object_component>
      <object_component id="oc-30b">
         <name>.const:.string:_ZZN8std_msgs6StringC1EvEs</name>
         <load_address>0x29ef</load_address>
         <run_address>0x29ef</run_address>
         <size>0x1</size>
         <input_file_ref idref="fl-3"/>
      </object_component>
      <object_component id="oc-368">
         <name>.const:_ZTVN14rosserial_msgs20RequestParamResponseE</name>
         <load_address>0x29f0</load_address>
         <run_address>0x29f0</run_address>
         <size>0x18</size>
         <input_file_ref idref="fl-3"/>
      </object_component>
      <object_component id="oc-5b8">
         <name>.const:_ZTVN14rosserial_msgs3LogE</name>
         <load_address>0x2a08</load_address>
         <run_address>0x2a08</run_address>
         <size>0x18</size>
         <input_file_ref idref="fl-3"/>
      </object_component>
      <object_component id="oc-3f7">
         <name>.const:_ZTVN14rosserial_msgs9TopicInfoE</name>
         <load_address>0x2a20</load_address>
         <run_address>0x2a20</run_address>
         <size>0x18</size>
         <input_file_ref idref="fl-3"/>
      </object_component>
      <object_component id="oc-1e6">
         <name>.const:_ZTVN3ros10SubscriberIN8std_msgs6StringEvEE</name>
         <load_address>0x2a38</load_address>
         <run_address>0x2a38</run_address>
         <size>0x18</size>
         <input_file_ref idref="fl-3"/>
      </object_component>
      <object_component id="oc-3af">
         <name>.const:_ZTVN3ros11Subscriber_E</name>
         <load_address>0x2a50</load_address>
         <run_address>0x2a50</run_address>
         <size>0x18</size>
         <input_file_ref idref="fl-3"/>
      </object_component>
      <object_component id="oc-47c">
         <name>.const:_ZTVN3ros3MsgE</name>
         <load_address>0x2a68</load_address>
         <run_address>0x2a68</run_address>
         <size>0x18</size>
         <input_file_ref idref="fl-3"/>
      </object_component>
      <object_component id="oc-3f2">
         <name>.const:_ZTVN8std_msgs4TimeE</name>
         <load_address>0x2a80</load_address>
         <run_address>0x2a80</run_address>
         <size>0x18</size>
         <input_file_ref idref="fl-3"/>
      </object_component>
      <object_component id="oc-306">
         <name>.const:_ZTVN8std_msgs6StringE</name>
         <load_address>0x2a98</load_address>
         <run_address>0x2a98</run_address>
         <size>0x18</size>
         <input_file_ref idref="fl-3"/>
      </object_component>
      <object_component id="oc-604">
         <name>.const:.typeinfo:_ZTSN14rosserial_msgs3LogE</name>
         <load_address>0x2ab0</load_address>
         <run_address>0x2ab0</run_address>
         <size>0x17</size>
         <input_file_ref idref="fl-3"/>
      </object_component>
      <object_component id="oc-4ba">
         <name>.const:.typeinfo:_ZTSN3ros11Subscriber_E</name>
         <load_address>0x2ac7</load_address>
         <run_address>0x2ac7</run_address>
         <size>0x14</size>
         <input_file_ref idref="fl-3"/>
      </object_component>
      <object_component id="oc-234">
         <name>.const:_ZTVN3ros11NodeHandle_I15Msp432CHardwareLi25ELi25ELi512ELi512EEE</name>
         <load_address>0x2adc</load_address>
         <run_address>0x2adc</run_address>
         <size>0x14</size>
         <input_file_ref idref="fl-3"/>
      </object_component>
      <object_component id="oc-429">
         <name>.const:_ZTVN3ros15NodeHandleBase_E</name>
         <load_address>0x2af0</load_address>
         <run_address>0x2af0</run_address>
         <size>0x14</size>
         <input_file_ref idref="fl-3"/>
      </object_component>
      <object_component id="oc-609">
         <name>.const:.string:_ZZN14rosserial_msgs3Log7getTypeEvEs</name>
         <load_address>0x2b04</load_address>
         <run_address>0x2b04</run_address>
         <size>0x13</size>
         <input_file_ref idref="fl-3"/>
      </object_component>
      <object_component id="oc-481">
         <name>.const:.typeinfo:_ZTSN8std_msgs6StringE</name>
         <load_address>0x2b17</load_address>
         <run_address>0x2b17</run_address>
         <size>0x13</size>
         <input_file_ref idref="fl-3"/>
      </object_component>
      <object_component id="oc-560">
         <name>.const:.typeinfo:_ZTSN8std_msgs4TimeE</name>
         <load_address>0x2b2a</load_address>
         <run_address>0x2b2a</run_address>
         <size>0x11</size>
         <input_file_ref idref="fl-3"/>
      </object_component>
      <object_component id="oc-498">
         <name>.const:.string:_ZZN8std_msgs6String7getTypeEvEs</name>
         <load_address>0x2b3b</load_address>
         <run_address>0x2b3b</run_address>
         <size>0x10</size>
         <input_file_ref idref="fl-3"/>
      </object_component>
      <object_component id="oc-4b5">
         <name>.const:_ZTVN10__cxxabiv117__class_type_infoE</name>
         <load_address>0x2b4c</load_address>
         <run_address>0x2b4c</run_address>
         <size>0x10</size>
         <input_file_ref idref="fl-c4"/>
      </object_component>
      <object_component id="oc-3dc">
         <name>.const:_ZTVN10__cxxabiv120__si_class_type_infoE</name>
         <load_address>0x2b5c</load_address>
         <run_address>0x2b5c</run_address>
         <size>0x10</size>
         <input_file_ref idref="fl-c4"/>
      </object_component>
      <object_component id="oc-565">
         <name>.const:.string:_ZZN8std_msgs4Time7getTypeEvEs</name>
         <load_address>0x2b6c</load_address>
         <run_address>0x2b6c</run_address>
         <size>0xe</size>
         <input_file_ref idref="fl-3"/>
      </object_component>
      <object_component id="oc-5c2">
         <name>.const:.typeinfo:_ZTSSt9type_info</name>
         <load_address>0x2b7a</load_address>
         <run_address>0x2b7a</run_address>
         <size>0xd</size>
         <input_file_ref idref="fl-d1"/>
      </object_component>
      <object_component id="oc-535">
         <name>.const:.typeinfo:_ZTIN10__cxxabiv117__class_type_infoE</name>
         <load_address>0x2b88</load_address>
         <run_address>0x2b88</run_address>
         <size>0xc</size>
         <input_file_ref idref="fl-c4"/>
      </object_component>
      <object_component id="oc-4a2">
         <name>.const:.typeinfo:_ZTIN10__cxxabiv120__si_class_type_infoE</name>
         <load_address>0x2b94</load_address>
         <run_address>0x2b94</run_address>
         <size>0xc</size>
         <input_file_ref idref="fl-c4"/>
      </object_component>
      <object_component id="oc-42e">
         <name>.const:.typeinfo:_ZTIN14rosserial_msgs20RequestParamResponseE</name>
         <load_address>0x2ba0</load_address>
         <run_address>0x2ba0</run_address>
         <size>0xc</size>
         <input_file_ref idref="fl-3"/>
      </object_component>
      <object_component id="oc-5d7">
         <name>.const:.typeinfo:_ZTIN14rosserial_msgs3LogE</name>
         <load_address>0x2bac</load_address>
         <run_address>0x2bac</run_address>
         <size>0xc</size>
         <input_file_ref idref="fl-3"/>
      </object_component>
      <object_component id="oc-4d9">
         <name>.const:.typeinfo:_ZTIN14rosserial_msgs9TopicInfoE</name>
         <load_address>0x2bb8</load_address>
         <run_address>0x2bb8</run_address>
         <size>0xc</size>
         <input_file_ref idref="fl-3"/>
      </object_component>
      <object_component id="oc-310">
         <name>.const:.typeinfo:_ZTIN3ros10SubscriberIN8std_msgs6StringEvEE</name>
         <load_address>0x2bc4</load_address>
         <run_address>0x2bc4</run_address>
         <size>0xc</size>
         <input_file_ref idref="fl-3"/>
      </object_component>
      <object_component id="oc-36d">
         <name>.const:.typeinfo:_ZTIN3ros11NodeHandle_I15Msp432CHardwareLi25ELi25ELi512ELi512EEE</name>
         <load_address>0x2bd0</load_address>
         <run_address>0x2bd0</run_address>
         <size>0xc</size>
         <input_file_ref idref="fl-3"/>
      </object_component>
      <object_component id="oc-4bf">
         <name>.const:.typeinfo:_ZTIN8std_msgs4TimeE</name>
         <load_address>0x2bdc</load_address>
         <run_address>0x2bdc</run_address>
         <size>0xc</size>
         <input_file_ref idref="fl-3"/>
      </object_component>
      <object_component id="oc-3bb">
         <name>.const:.typeinfo:_ZTIN8std_msgs6StringE</name>
         <load_address>0x2be8</load_address>
         <run_address>0x2be8</run_address>
         <size>0xc</size>
         <input_file_ref idref="fl-3"/>
      </object_component>
      <object_component id="oc-529">
         <name>.const:.typeinfo:_ZTSN3ros3MsgE</name>
         <load_address>0x2bf4</load_address>
         <run_address>0x2bf4</run_address>
         <size>0xb</size>
         <input_file_ref idref="fl-3"/>
      </object_component>
      <object_component id="oc-3e6">
         <name>.const:.typeinfo:_ZTIN3ros11Subscriber_E</name>
         <load_address>0x2c00</load_address>
         <run_address>0x2c00</run_address>
         <size>0x8</size>
         <input_file_ref idref="fl-3"/>
      </object_component>
      <object_component id="oc-44d">
         <name>.const:.typeinfo:_ZTIN3ros15NodeHandleBase_E</name>
         <load_address>0x2c08</load_address>
         <run_address>0x2c08</run_address>
         <size>0x8</size>
         <input_file_ref idref="fl-3"/>
      </object_component>
      <object_component id="oc-486">
         <name>.const:.typeinfo:_ZTIN3ros3MsgE</name>
         <load_address>0x2c10</load_address>
         <run_address>0x2c10</run_address>
         <size>0x8</size>
         <input_file_ref idref="fl-3"/>
      </object_component>
      <object_component id="oc-5a1">
         <name>.const:.typeinfo:_ZTISt9type_info</name>
         <load_address>0x2c18</load_address>
         <run_address>0x2c18</run_address>
         <size>0x8</size>
         <input_file_ref idref="fl-d1"/>
      </object_component>
      <object_component id="oc-2eb">
         <name>.const:g_pulEnRegs</name>
         <load_address>0x2c20</load_address>
         <run_address>0x2c20</run_address>
         <size>0x8</size>
         <input_file_ref idref="fl-da"/>
      </object_component>
      <object_component id="oc-643">
         <name>.cinit..data.load</name>
         <load_address>0x2c30</load_address>
         <run_address>0x2c30</run_address>
         <size>0x1f</size>
      </object_component>
      <object_component id="oc-640">
         <name>__TI_handler_table</name>
         <load_address>0x2c50</load_address>
         <run_address>0x2c50</run_address>
         <size>0xc</size>
      </object_component>
      <object_component id="oc-644">
         <name>.cinit..bss.load</name>
         <load_address>0x2c60</load_address>
         <run_address>0x2c60</run_address>
         <size>0x8</size>
      </object_component>
      <object_component id="oc-642">
         <name>.cinit..vtable.load</name>
         <load_address>0x2c68</load_address>
         <run_address>0x2c68</run_address>
         <size>0x8</size>
      </object_component>
      <object_component id="oc-641">
         <name>__TI_cinit_table</name>
         <load_address>0x2c70</load_address>
         <run_address>0x2c70</run_address>
         <size>0x18</size>
      </object_component>
      <object_component id="oc-26">
         <name>.init_array</name>
         <load_address>0x2c28</load_address>
         <run_address>0x2c28</run_address>
         <size>0x4</size>
         <input_file_ref idref="fl-3"/>
      </object_component>
      <object_component id="oc-645">
         <name>SHT$$INIT_ARRAY$$Limit</name>
         <load_address>0x2c2c</load_address>
         <run_address>0x2c2c</run_address>
         <size>0x0</size>
      </object_component>
      <object_component id="oc-615">
         <name>.binit</name>
         <load_address>0x0</load_address>
         <run_address>0x0</run_address>
         <size>0x0</size>
      </object_component>
      <object_component id="oc-2e6">
         <name>.vtable</name>
         <uninitialized>true</uninitialized>
         <run_address>0x20000000</run_address>
         <size>0xe8</size>
         <input_file_ref idref="fl-da"/>
      </object_component>
      <object_component id="oc-193">
         <name>.data</name>
         <load_address>0x20000e48</load_address>
         <run_address>0x20000e48</run_address>
         <size>0x4</size>
         <input_file_ref idref="fl-2"/>
      </object_component>
      <object_component id="oc-cc">
         <name>.data</name>
         <load_address>0x20000e34</load_address>
         <run_address>0x20000e34</run_address>
         <size>0xc</size>
         <input_file_ref idref="fl-b"/>
      </object_component>
      <object_component id="oc-e3">
         <name>.data</name>
         <load_address>0x20000e18</load_address>
         <run_address>0x20000e18</run_address>
         <size>0x10</size>
         <input_file_ref idref="fl-c"/>
      </object_component>
      <object_component id="oc-425">
         <name>.data:$O1$$</name>
         <load_address>0x20000e28</load_address>
         <run_address>0x20000e28</run_address>
         <size>0xc</size>
         <input_file_ref idref="fl-cc"/>
      </object_component>
      <object_component id="oc-2c8">
         <name>.data:$O1$$</name>
         <load_address>0x20000e40</load_address>
         <run_address>0x20000e40</run_address>
         <size>0x8</size>
         <input_file_ref idref="fl-cd"/>
      </object_component>
      <object_component id="oc-12e">
         <name>.bss:nh_</name>
         <uninitialized>true</uninitialized>
         <run_address>0x200000e8</run_address>
         <size>0x52c</size>
         <input_file_ref idref="fl-3"/>
      </object_component>
      <object_component id="oc-c9">
         <name>.common:_periodicSvc</name>
         <uninitialized>true</uninitialized>
         <run_address>0x20000a14</run_address>
         <size>0x4</size>
      </object_component>
      <object_component id="oc-e0">
         <name>.common:_uartRxBuffer</name>
         <uninitialized>true</uninitialized>
         <run_address>0x20000614</run_address>
         <size>0x200</size>
      </object_component>
      <object_component id="oc-e6">
         <name>.common:_uartTxBuffer</name>
         <uninitialized>true</uninitialized>
         <run_address>0x20000814</run_address>
         <size>0x200</size>
      </object_component>
      <object_component id="oc-2a">
         <name>.sysmem</name>
         <uninitialized>true</uninitialized>
         <run_address>0x20000a18</run_address>
         <size>0x8</size>
         <input_file_ref idref="fl-cc"/>
      </object_component>
      <object_component id="oc-647">
         <name>.sysmem</name>
         <uninitialized>true</uninitialized>
         <run_address>0x20000a18</run_address>
         <size>0x0</size>
      </object_component>
      <object_component id="oc-27">
         <name>.stack</name>
         <uninitialized>true</uninitialized>
         <run_address>0x2000fe00</run_address>
         <size>0x4</size>
         <input_file_ref idref="fl-ca"/>
      </object_component>
      <object_component id="oc-646">
         <name>.stack</name>
         <uninitialized>true</uninitialized>
         <run_address>0x2000fe00</run_address>
         <size>0x0</size>
      </object_component>
      <object_component id="oc-7c">
         <name>.debug_info</name>
         <load_address>0x0</load_address>
         <run_address>0x0</run_address>
         <size>0x2db</size>
         <input_file_ref idref="fl-1"/>
      </object_component>
      <object_component id="oc-24">
         <name>.debug_info</name>
         <load_address>0x2db</load_address>
         <run_address>0x2db</run_address>
         <size>0x107</size>
         <input_file_ref idref="fl-1"/>
      </object_component>
      <object_component id="oc-69">
         <name>.debug_info</name>
         <load_address>0x3e2</load_address>
         <run_address>0x3e2</run_address>
         <size>0x1de</size>
         <input_file_ref idref="fl-1"/>
      </object_component>
      <object_component id="oc-f2">
         <name>.debug_info</name>
         <load_address>0x5c0</load_address>
         <run_address>0x5c0</run_address>
         <size>0x26b</size>
         <input_file_ref idref="fl-1"/>
      </object_component>
      <object_component id="oc-33">
         <name>.debug_info</name>
         <load_address>0x82b</load_address>
         <run_address>0x82b</run_address>
         <size>0x84</size>
         <input_file_ref idref="fl-1"/>
      </object_component>
      <object_component id="oc-1ba">
         <name>.debug_info</name>
         <load_address>0x8af</load_address>
         <run_address>0x8af</run_address>
         <size>0x297</size>
         <input_file_ref idref="fl-1"/>
      </object_component>
      <object_component id="oc-eb">
         <name>.debug_info</name>
         <load_address>0xb46</load_address>
         <run_address>0xb46</run_address>
         <size>0xef</size>
         <input_file_ref idref="fl-1"/>
      </object_component>
      <object_component id="oc-d5">
         <name>.debug_info</name>
         <load_address>0xc35</load_address>
         <run_address>0xc35</run_address>
         <size>0xbb</size>
         <input_file_ref idref="fl-1"/>
      </object_component>
      <object_component id="oc-2f7">
         <name>.debug_info</name>
         <load_address>0xcf0</load_address>
         <run_address>0xcf0</run_address>
         <size>0x549</size>
         <input_file_ref idref="fl-2"/>
      </object_component>
      <object_component id="oc-194">
         <name>.debug_info</name>
         <load_address>0x1239</load_address>
         <run_address>0x1239</run_address>
         <size>0x100</size>
         <input_file_ref idref="fl-2"/>
      </object_component>
      <object_component id="oc-b7">
         <name>.debug_info</name>
         <load_address>0x1339</load_address>
         <run_address>0x1339</run_address>
         <size>0x282</size>
         <input_file_ref idref="fl-2"/>
      </object_component>
      <object_component id="oc-1ae">
         <name>.debug_info</name>
         <load_address>0x15bb</load_address>
         <run_address>0x15bb</run_address>
         <size>0x37e2</size>
         <input_file_ref idref="fl-2"/>
      </object_component>
      <object_component id="oc-1b3">
         <name>.debug_info</name>
         <load_address>0x4d9d</load_address>
         <run_address>0x4d9d</run_address>
         <size>0x1055</size>
         <input_file_ref idref="fl-2"/>
      </object_component>
      <object_component id="oc-132">
         <name>.debug_info</name>
         <load_address>0x5df2</load_address>
         <run_address>0x5df2</run_address>
         <size>0x3930</size>
         <input_file_ref idref="fl-3"/>
      </object_component>
      <object_component id="oc-47d">
         <name>.debug_info</name>
         <load_address>0x9722</load_address>
         <run_address>0x9722</run_address>
         <size>0x109</size>
         <input_file_ref idref="fl-3"/>
      </object_component>
      <object_component id="oc-3f3">
         <name>.debug_info</name>
         <load_address>0x982b</load_address>
         <run_address>0x982b</run_address>
         <size>0x115</size>
         <input_file_ref idref="fl-3"/>
      </object_component>
      <object_component id="oc-566">
         <name>.debug_info</name>
         <load_address>0x9940</load_address>
         <run_address>0x9940</run_address>
         <size>0x10d</size>
         <input_file_ref idref="fl-3"/>
      </object_component>
      <object_component id="oc-56b">
         <name>.debug_info</name>
         <load_address>0x9a4d</load_address>
         <run_address>0x9a4d</run_address>
         <size>0x10b</size>
         <input_file_ref idref="fl-3"/>
      </object_component>
      <object_component id="oc-3f8">
         <name>.debug_info</name>
         <load_address>0x9b58</load_address>
         <run_address>0x9b58</run_address>
         <size>0x12c</size>
         <input_file_ref idref="fl-3"/>
      </object_component>
      <object_component id="oc-3fd">
         <name>.debug_info</name>
         <load_address>0x9c84</load_address>
         <run_address>0x9c84</run_address>
         <size>0x120</size>
         <input_file_ref idref="fl-3"/>
      </object_component>
      <object_component id="oc-575">
         <name>.debug_info</name>
         <load_address>0x9da4</load_address>
         <run_address>0x9da4</run_address>
         <size>0x124</size>
         <input_file_ref idref="fl-3"/>
      </object_component>
      <object_component id="oc-57a">
         <name>.debug_info</name>
         <load_address>0x9ec8</load_address>
         <run_address>0x9ec8</run_address>
         <size>0x122</size>
         <input_file_ref idref="fl-3"/>
      </object_component>
      <object_component id="oc-5b9">
         <name>.debug_info</name>
         <load_address>0x9fea</load_address>
         <run_address>0x9fea</run_address>
         <size>0x120</size>
         <input_file_ref idref="fl-3"/>
      </object_component>
      <object_component id="oc-5be">
         <name>.debug_info</name>
         <load_address>0xa10a</load_address>
         <run_address>0xa10a</run_address>
         <size>0x10e</size>
         <input_file_ref idref="fl-3"/>
      </object_component>
      <object_component id="oc-60a">
         <name>.debug_info</name>
         <load_address>0xa218</load_address>
         <run_address>0xa218</run_address>
         <size>0x118</size>
         <input_file_ref idref="fl-3"/>
      </object_component>
      <object_component id="oc-60f">
         <name>.debug_info</name>
         <load_address>0xa330</load_address>
         <run_address>0xa330</run_address>
         <size>0x116</size>
         <input_file_ref idref="fl-3"/>
      </object_component>
      <object_component id="oc-369">
         <name>.debug_info</name>
         <load_address>0xa446</load_address>
         <run_address>0xa446</run_address>
         <size>0x143</size>
         <input_file_ref idref="fl-3"/>
      </object_component>
      <object_component id="oc-512">
         <name>.debug_info</name>
         <load_address>0xa589</load_address>
         <run_address>0xa589</run_address>
         <size>0x139</size>
         <input_file_ref idref="fl-3"/>
      </object_component>
      <object_component id="oc-42a">
         <name>.debug_info</name>
         <load_address>0xa6c2</load_address>
         <run_address>0xa6c2</run_address>
         <size>0x122</size>
         <input_file_ref idref="fl-3"/>
      </object_component>
      <object_component id="oc-307">
         <name>.debug_info</name>
         <load_address>0xa7e4</load_address>
         <run_address>0xa7e4</run_address>
         <size>0x119</size>
         <input_file_ref idref="fl-3"/>
      </object_component>
      <object_component id="oc-30c">
         <name>.debug_info</name>
         <load_address>0xa8fd</load_address>
         <run_address>0xa8fd</run_address>
         <size>0x10a</size>
         <input_file_ref idref="fl-3"/>
      </object_component>
      <object_component id="oc-499">
         <name>.debug_info</name>
         <load_address>0xaa07</load_address>
         <run_address>0xaa07</run_address>
         <size>0x111</size>
         <input_file_ref idref="fl-3"/>
      </object_component>
      <object_component id="oc-49e">
         <name>.debug_info</name>
         <load_address>0xab18</load_address>
         <run_address>0xab18</run_address>
         <size>0x10f</size>
         <input_file_ref idref="fl-3"/>
      </object_component>
      <object_component id="oc-12f">
         <name>.debug_info</name>
         <load_address>0xac27</load_address>
         <run_address>0xac27</run_address>
         <size>0xde</size>
         <input_file_ref idref="fl-3"/>
      </object_component>
      <object_component id="oc-235">
         <name>.debug_info</name>
         <load_address>0xad05</load_address>
         <run_address>0xad05</run_address>
         <size>0x143</size>
         <input_file_ref idref="fl-3"/>
      </object_component>
      <object_component id="oc-461">
         <name>.debug_info</name>
         <load_address>0xae48</load_address>
         <run_address>0xae48</run_address>
         <size>0x145</size>
         <input_file_ref idref="fl-3"/>
      </object_component>
      <object_component id="oc-3b0">
         <name>.debug_info</name>
         <load_address>0xaf8d</load_address>
         <run_address>0xaf8d</run_address>
         <size>0x11a</size>
         <input_file_ref idref="fl-3"/>
      </object_component>
      <object_component id="oc-1e7">
         <name>.debug_info</name>
         <load_address>0xb0a7</load_address>
         <run_address>0xb0a7</run_address>
         <size>0x12d</size>
         <input_file_ref idref="fl-3"/>
      </object_component>
      <object_component id="oc-487">
         <name>.debug_info</name>
         <load_address>0xb1d4</load_address>
         <run_address>0xb1d4</run_address>
         <size>0xfb</size>
         <input_file_ref idref="fl-3"/>
      </object_component>
      <object_component id="oc-44e">
         <name>.debug_info</name>
         <load_address>0xb2cf</load_address>
         <run_address>0xb2cf</run_address>
         <size>0x114</size>
         <input_file_ref idref="fl-3"/>
      </object_component>
      <object_component id="oc-3e7">
         <name>.debug_info</name>
         <load_address>0xb3e3</load_address>
         <run_address>0xb3e3</run_address>
         <size>0x10c</size>
         <input_file_ref idref="fl-3"/>
      </object_component>
      <object_component id="oc-36e">
         <name>.debug_info</name>
         <load_address>0xb4ef</load_address>
         <run_address>0xb4ef</run_address>
         <size>0x135</size>
         <input_file_ref idref="fl-3"/>
      </object_component>
      <object_component id="oc-311">
         <name>.debug_info</name>
         <load_address>0xb624</load_address>
         <run_address>0xb624</run_address>
         <size>0x11f</size>
         <input_file_ref idref="fl-3"/>
      </object_component>
      <object_component id="oc-4c0">
         <name>.debug_info</name>
         <load_address>0xb743</load_address>
         <run_address>0xb743</run_address>
         <size>0x107</size>
         <input_file_ref idref="fl-3"/>
      </object_component>
      <object_component id="oc-3bc">
         <name>.debug_info</name>
         <load_address>0xb84a</load_address>
         <run_address>0xb84a</run_address>
         <size>0x10b</size>
         <input_file_ref idref="fl-3"/>
      </object_component>
      <object_component id="oc-4da">
         <name>.debug_info</name>
         <load_address>0xb955</load_address>
         <run_address>0xb955</run_address>
         <size>0x11e</size>
         <input_file_ref idref="fl-3"/>
      </object_component>
      <object_component id="oc-5d8">
         <name>.debug_info</name>
         <load_address>0xba73</load_address>
         <run_address>0xba73</run_address>
         <size>0x112</size>
         <input_file_ref idref="fl-3"/>
      </object_component>
      <object_component id="oc-42f">
         <name>.debug_info</name>
         <load_address>0xbb85</load_address>
         <run_address>0xbb85</run_address>
         <size>0x135</size>
         <input_file_ref idref="fl-3"/>
      </object_component>
      <object_component id="oc-52a">
         <name>.debug_info</name>
         <load_address>0xbcba</load_address>
         <run_address>0xbcba</run_address>
         <size>0x100</size>
         <input_file_ref idref="fl-3"/>
      </object_component>
      <object_component id="oc-517">
         <name>.debug_info</name>
         <load_address>0xbdba</load_address>
         <run_address>0xbdba</run_address>
         <size>0x119</size>
         <input_file_ref idref="fl-3"/>
      </object_component>
      <object_component id="oc-4bb">
         <name>.debug_info</name>
         <load_address>0xbed3</load_address>
         <run_address>0xbed3</run_address>
         <size>0x111</size>
         <input_file_ref idref="fl-3"/>
      </object_component>
      <object_component id="oc-449">
         <name>.debug_info</name>
         <load_address>0xbfe4</load_address>
         <run_address>0xbfe4</run_address>
         <size>0x13a</size>
         <input_file_ref idref="fl-3"/>
      </object_component>
      <object_component id="oc-3e2">
         <name>.debug_info</name>
         <load_address>0xc11e</load_address>
         <run_address>0xc11e</run_address>
         <size>0x124</size>
         <input_file_ref idref="fl-3"/>
      </object_component>
      <object_component id="oc-561">
         <name>.debug_info</name>
         <load_address>0xc242</load_address>
         <run_address>0xc242</run_address>
         <size>0x10c</size>
         <input_file_ref idref="fl-3"/>
      </object_component>
      <object_component id="oc-482">
         <name>.debug_info</name>
         <load_address>0xc34e</load_address>
         <run_address>0xc34e</run_address>
         <size>0x110</size>
         <input_file_ref idref="fl-3"/>
      </object_component>
      <object_component id="oc-570">
         <name>.debug_info</name>
         <load_address>0xc45e</load_address>
         <run_address>0xc45e</run_address>
         <size>0x123</size>
         <input_file_ref idref="fl-3"/>
      </object_component>
      <object_component id="oc-605">
         <name>.debug_info</name>
         <load_address>0xc581</load_address>
         <run_address>0xc581</run_address>
         <size>0x117</size>
         <input_file_ref idref="fl-3"/>
      </object_component>
      <object_component id="oc-50a">
         <name>.debug_info</name>
         <load_address>0xc698</load_address>
         <run_address>0xc698</run_address>
         <size>0x13a</size>
         <input_file_ref idref="fl-3"/>
      </object_component>
      <object_component id="oc-50f">
         <name>.debug_info</name>
         <load_address>0xc7d2</load_address>
         <run_address>0xc7d2</run_address>
         <size>0x149</size>
         <input_file_ref idref="fl-3"/>
      </object_component>
      <object_component id="oc-227">
         <name>.debug_info</name>
         <load_address>0xc91b</load_address>
         <run_address>0xc91b</run_address>
         <size>0x1d7</size>
         <input_file_ref idref="fl-3"/>
      </object_component>
      <object_component id="oc-1cd">
         <name>.debug_info</name>
         <load_address>0xcaf2</load_address>
         <run_address>0xcaf2</run_address>
         <size>0x1e4</size>
         <input_file_ref idref="fl-3"/>
      </object_component>
      <object_component id="oc-1f3">
         <name>.debug_info</name>
         <load_address>0xccd6</load_address>
         <run_address>0xccd6</run_address>
         <size>0x1dd</size>
         <input_file_ref idref="fl-3"/>
      </object_component>
      <object_component id="oc-453">
         <name>.debug_info</name>
         <load_address>0xceb3</load_address>
         <run_address>0xceb3</run_address>
         <size>0x245</size>
         <input_file_ref idref="fl-3"/>
      </object_component>
      <object_component id="oc-1ec">
         <name>.debug_info</name>
         <load_address>0xd0f8</load_address>
         <run_address>0xd0f8</run_address>
         <size>0x1cf</size>
         <input_file_ref idref="fl-3"/>
      </object_component>
      <object_component id="oc-121">
         <name>.debug_info</name>
         <load_address>0xd2c7</load_address>
         <run_address>0xd2c7</run_address>
         <size>0x1f8</size>
         <input_file_ref idref="fl-3"/>
      </object_component>
      <object_component id="oc-3b5">
         <name>.debug_info</name>
         <load_address>0xd4bf</load_address>
         <run_address>0xd4bf</run_address>
         <size>0x11b</size>
         <input_file_ref idref="fl-3"/>
      </object_component>
      <object_component id="oc-300">
         <name>.debug_info</name>
         <load_address>0xd5da</load_address>
         <run_address>0xd5da</run_address>
         <size>0x132</size>
         <input_file_ref idref="fl-3"/>
      </object_component>
      <object_component id="oc-492">
         <name>.debug_info</name>
         <load_address>0xd70c</load_address>
         <run_address>0xd70c</run_address>
         <size>0x1ab</size>
         <input_file_ref idref="fl-3"/>
      </object_component>
      <object_component id="oc-35b">
         <name>.debug_info</name>
         <load_address>0xd8b7</load_address>
         <run_address>0xd8b7</run_address>
         <size>0x1ac</size>
         <input_file_ref idref="fl-3"/>
      </object_component>
      <object_component id="oc-3ec">
         <name>.debug_info</name>
         <load_address>0xda63</load_address>
         <run_address>0xda63</run_address>
         <size>0x164</size>
         <input_file_ref idref="fl-3"/>
      </object_component>
      <object_component id="oc-362">
         <name>.debug_info</name>
         <load_address>0xdbc7</load_address>
         <run_address>0xdbc7</run_address>
         <size>0x134</size>
         <input_file_ref idref="fl-3"/>
      </object_component>
      <object_component id="oc-220">
         <name>.debug_info</name>
         <load_address>0xdcfb</load_address>
         <run_address>0xdcfb</run_address>
         <size>0x158</size>
         <input_file_ref idref="fl-3"/>
      </object_component>
      <object_component id="oc-340">
         <name>.debug_info</name>
         <load_address>0xde53</load_address>
         <run_address>0xde53</run_address>
         <size>0x18d</size>
         <input_file_ref idref="fl-3"/>
      </object_component>
      <object_component id="oc-2f9">
         <name>.debug_info</name>
         <load_address>0xdfe0</load_address>
         <run_address>0xdfe0</run_address>
         <size>0x12c</size>
         <input_file_ref idref="fl-3"/>
      </object_component>
      <object_component id="oc-1d9">
         <name>.debug_info</name>
         <load_address>0xe10c</load_address>
         <run_address>0xe10c</run_address>
         <size>0x14c</size>
         <input_file_ref idref="fl-3"/>
      </object_component>
      <object_component id="oc-128">
         <name>.debug_info</name>
         <load_address>0xe258</load_address>
         <run_address>0xe258</run_address>
         <size>0x288</size>
         <input_file_ref idref="fl-3"/>
      </object_component>
      <object_component id="oc-11a">
         <name>.debug_info</name>
         <load_address>0xe4e0</load_address>
         <run_address>0xe4e0</run_address>
         <size>0x1b5</size>
         <input_file_ref idref="fl-3"/>
      </object_component>
      <object_component id="oc-fe">
         <name>.debug_info</name>
         <load_address>0xe695</load_address>
         <run_address>0xe695</run_address>
         <size>0x1d0</size>
         <input_file_ref idref="fl-3"/>
      </object_component>
      <object_component id="oc-113">
         <name>.debug_info</name>
         <load_address>0xe865</load_address>
         <run_address>0xe865</run_address>
         <size>0x43e</size>
         <input_file_ref idref="fl-3"/>
      </object_component>
      <object_component id="oc-37a">
         <name>.debug_info</name>
         <load_address>0xeca3</load_address>
         <run_address>0xeca3</run_address>
         <size>0x1b3</size>
         <input_file_ref idref="fl-3"/>
      </object_component>
      <object_component id="oc-1fa">
         <name>.debug_info</name>
         <load_address>0xee56</load_address>
         <run_address>0xee56</run_address>
         <size>0x211</size>
         <input_file_ref idref="fl-3"/>
      </object_component>
      <object_component id="oc-208">
         <name>.debug_info</name>
         <load_address>0xf067</load_address>
         <run_address>0xf067</run_address>
         <size>0x2d1</size>
         <input_file_ref idref="fl-3"/>
      </object_component>
      <object_component id="oc-34e">
         <name>.debug_info</name>
         <load_address>0xf338</load_address>
         <run_address>0xf338</run_address>
         <size>0x237</size>
         <input_file_ref idref="fl-3"/>
      </object_component>
      <object_component id="oc-201">
         <name>.debug_info</name>
         <load_address>0xf56f</load_address>
         <run_address>0xf56f</run_address>
         <size>0x25e</size>
         <input_file_ref idref="fl-3"/>
      </object_component>
      <object_component id="oc-373">
         <name>.debug_info</name>
         <load_address>0xf7cd</load_address>
         <run_address>0xf7cd</run_address>
         <size>0x2a2</size>
         <input_file_ref idref="fl-3"/>
      </object_component>
      <object_component id="oc-51c">
         <name>.debug_info</name>
         <load_address>0xfa6f</load_address>
         <run_address>0xfa6f</run_address>
         <size>0x221</size>
         <input_file_ref idref="fl-3"/>
      </object_component>
      <object_component id="oc-45a">
         <name>.debug_info</name>
         <load_address>0xfc90</load_address>
         <run_address>0xfc90</run_address>
         <size>0x21f</size>
         <input_file_ref idref="fl-3"/>
      </object_component>
      <object_component id="oc-10c">
         <name>.debug_info</name>
         <load_address>0xfeaf</load_address>
         <run_address>0xfeaf</run_address>
         <size>0x20a</size>
         <input_file_ref idref="fl-3"/>
      </object_component>
      <object_component id="oc-105">
         <name>.debug_info</name>
         <load_address>0x100b9</load_address>
         <run_address>0x100b9</run_address>
         <size>0x260</size>
         <input_file_ref idref="fl-3"/>
      </object_component>
      <object_component id="oc-316">
         <name>.debug_info</name>
         <load_address>0x10319</load_address>
         <run_address>0x10319</run_address>
         <size>0x1ec</size>
         <input_file_ref idref="fl-3"/>
      </object_component>
      <object_component id="oc-324">
[...]
         <name>waitForInterrupt</name>
         <value>0xbff</value>
         <object_component_ref idref="oc-6e"/>
      </symbol>
      <symbol id="sm-591">
         <name>initializePeriodicSvc</name>
         <value>0x9d1</value>
         <object_component_ref idref="oc-6e"/>
      </symbol>
      <symbol id="sm-592">
         <name>tickCount</name>
         <value>0x20000e34</value>
         <object_component_ref idref="oc-cc"/>
      </symbol>
      <symbol id="sm-593">
         <name>_sleepTimer</name>
         <value>0xb37</value>
         <object_component_ref idref="oc-6e"/>
      </symbol>
      <symbol id="sm-594">
         <name>initializeClocks</name>
         <value>0x9e1</value>
         <object_component_ref idref="oc-6e"/>
      </symbol>
      <symbol id="sm-595">
         <name>mySleep</name>
         <value>0xb45</value>
         <object_component_ref idref="oc-6e"/>
      </symbol>
      <symbol id="sm-596">
         <name>mySleepMs</name>
         <value>0xba9</value>
         <object_component_ref idref="oc-6e"/>
      </symbol>
      <symbol id="sm-5d9">
         <name>_uartRxBuffer</name>
         <value>0x20000614</value>
      </symbol>
      <symbol id="sm-5da">
         <name>_uartTxBuffer</name>
         <value>0x20000814</value>
      </symbol>
      <symbol id="sm-5db">
         <name>uartConfig</name>
         <value>0x2898</value>
         <object_component_ref idref="oc-e7"/>
      </symbol>
      <symbol id="sm-5dc">
         <name>initializeUart</name>
         <value>0xdef</value>
         <object_component_ref idref="oc-74"/>
      </symbol>
      <symbol id="sm-5dd">
         <name>_uartTxHead</name>
         <value>0x20000e20</value>
         <object_component_ref idref="oc-e3"/>
      </symbol>
      <symbol id="sm-5de">
         <name>_rxReady</name>
         <value>0xd97</value>
         <object_component_ref idref="oc-74"/>
      </symbol>
      <symbol id="sm-5df">
         <name>_uartRxHead</name>
         <value>0x20000e18</value>
         <object_component_ref idref="oc-e3"/>
      </symbol>
      <symbol id="sm-5e0">
         <name>_rxChar</name>
         <value>0xd63</value>
         <object_component_ref idref="oc-74"/>
      </symbol>
      <symbol id="sm-5e1">
         <name>_txChar</name>
         <value>0xcc3</value>
         <object_component_ref idref="oc-74"/>
      </symbol>
      <symbol id="sm-5e2">
         <name>_flush</name>
         <value>0xdb5</value>
         <object_component_ref idref="oc-74"/>
      </symbol>
      <symbol id="sm-5e3">
         <name>_peek</name>
         <value>0xdc1</value>
         <object_component_ref idref="oc-74"/>
      </symbol>
      <symbol id="sm-5e4">
         <name>EUSCIA0_IRQHandler</name>
         <value>0xc4d</value>
         <object_component_ref idref="oc-74"/>
      </symbol>
      <symbol id="sm-5e5">
         <name>_uartTxTail</name>
         <value>0x20000e24</value>
         <object_component_ref idref="oc-e3"/>
      </symbol>
      <symbol id="sm-5e6">
         <name>_uartRxTail</name>
         <value>0x20000e1c</value>
         <object_component_ref idref="oc-e3"/>
      </symbol>
      <symbol id="sm-5e7">
         <name>_gotoLPM0</name>
         <value>0xe75</value>
         <object_component_ref idref="oc-74"/>
      </symbol>
      <symbol id="sm-604">
         <name>_ZN3ros4TimemIERKNS_8DurationE</name>
         <value>0x1955</value>
         <object_component_ref idref="oc-401"/>
      </symbol>
      <symbol id="sm-605">
         <name>_ZN3ros4Time8fromNSecEi</name>
         <value>0x18fd</value>
         <object_component_ref idref="oc-401"/>
      </symbol>
      <symbol id="sm-606">
         <name>_ZN3ros16normalizeSecNSecERjS0_</name>
         <value>0x1981</value>
         <object_component_ref idref="oc-401"/>
      </symbol>
      <symbol id="sm-607">
         <name>_ZN3ros4TimepLERKNS_8DurationE</name>
         <value>0x1929</value>
         <object_component_ref idref="oc-401"/>
      </symbol>
      <symbol id="sm-611">
         <name>__cxa_pure_virtual</name>
         <value>0x278b</value>
         <object_component_ref idref="oc-476"/>
      </symbol>
      <symbol id="sm-66b">
         <name>_ZN10__cxxabiv117__class_type_infoD1Ev</name>
         <value>0x2795</value>
         <object_component_ref idref="oc-53a"/>
      </symbol>
      <symbol id="sm-66c">
         <name>_ZTSN10__cxxabiv120__si_class_type_infoE</name>
         <value>0x2873</value>
         <object_component_ref idref="oc-530"/>
      </symbol>
      <symbol id="sm-66d">
         <name>_ZTSN10__cxxabiv117__class_type_infoE</name>
         <value>0x28bc</value>
         <object_component_ref idref="oc-59c"/>
      </symbol>
      <symbol id="sm-66e">
         <name>_ZN10__cxxabiv117__class_type_infoD2Ev</name>
         <value>0x2795</value>
         <object_component_ref idref="oc-53a"/>
      </symbol>
      <symbol id="sm-66f">
         <name>_ZN10__cxxabiv120__si_class_type_infoD2Ev</name>
         <value>0x2799</value>
         <object_component_ref idref="oc-4a7"/>
      </symbol>
      <symbol id="sm-670">
         <name>_ZTVN10__cxxabiv117__class_type_infoE</name>
         <value>0x2b4c</value>
         <object_component_ref idref="oc-4b5"/>
      </symbol>
      <symbol id="sm-671">
         <name>_ZTIN10__cxxabiv117__class_type_infoE</name>
         <value>0x2b88</value>
         <object_component_ref idref="oc-535"/>
      </symbol>
      <symbol id="sm-672">
         <name>_ZN10__cxxabiv120__si_class_type_infoD1Ev</name>
         <value>0x2799</value>
         <object_component_ref idref="oc-4a7"/>
      </symbol>
      <symbol id="sm-673">
         <name>_ZTIN10__cxxabiv120__si_class_type_infoE</name>
         <value>0x2b94</value>
         <object_component_ref idref="oc-4a2"/>
      </symbol>
      <symbol id="sm-674">
         <name>_ZN10__cxxabiv117__class_type_infoD0Ev</name>
         <value>0x2699</value>
         <object_component_ref idref="oc-55a"/>
      </symbol>
      <symbol id="sm-675">
         <name>_ZTVN10__cxxabiv120__si_class_type_infoE</name>
         <value>0x2b5c</value>
         <object_component_ref idref="oc-3dc"/>
      </symbol>
      <symbol id="sm-676">
         <name>_ZN10__cxxabiv120__si_class_type_infoD0Ev</name>
         <value>0x26a7</value>
         <object_component_ref idref="oc-4ad"/>
      </symbol>
      <symbol id="sm-685">
         <name>__aeabi_idivmod</name>
         <value>0x1fe9</value>
         <object_component_ref idref="oc-4fa"/>
      </symbol>
      <symbol id="sm-686">
         <name>__aeabi_idiv</name>
         <value>0x1fe9</value>
         <object_component_ref idref="oc-4fa"/>
      </symbol>
      <symbol id="sm-6a1">
         <name>memcpy</name>
         <value>0x1a5b</value>
         <object_component_ref idref="oc-38"/>
      </symbol>
      <symbol id="sm-6a2">
         <name>__aeabi_memcpy</name>
         <value>0x1a5b</value>
         <object_component_ref idref="oc-38"/>
      </symbol>
      <symbol id="sm-6a3">
         <name>__aeabi_memcpy8</name>
         <value>0x1a5b</value>
         <object_component_ref idref="oc-38"/>
      </symbol>
      <symbol id="sm-6a4">
         <name>__aeabi_memcpy4</name>
         <value>0x1a5b</value>
         <object_component_ref idref="oc-38"/>
      </symbol>
      <symbol id="sm-6bb">
         <name>__TI_zero_init</name>
         <value>0x276d</value>
         <object_component_ref idref="oc-4a"/>
      </symbol>
      <symbol id="sm-6d2">
         <name>__TI_decompress_none</name>
         <value>0x2709</value>
         <object_component_ref idref="oc-1a"/>
      </symbol>
      <symbol id="sm-6f5">
         <name>__TI_decompress_lzss</name>
         <value>0x1e5f</value>
         <object_component_ref idref="oc-14"/>
      </symbol>
      <symbol id="sm-708">
         <name>__stack</name>
         <value>0x2000fe00</value>
         <object_component_ref idref="oc-27"/>
      </symbol>
      <symbol id="sm-709">
         <name>_c_int00_noargs</name>
         <value>0x2311</value>
         <object_component_ref idref="oc-56"/>
      </symbol>
      <symbol id="sm-714">
         <name>C$$EXIT</name>
         <value>0x27a9</value>
         <object_component_ref idref="oc-155"/>
      </symbol>
      <symbol id="sm-715">
         <name>abort</name>
         <value>0x27a9</value>
         <object_component_ref idref="oc-155"/>
      </symbol>
      <symbol id="sm-7ab">
         <name>_sys_memory</name>
         <value>0x20000a18</value>
         <object_component_ref idref="oc-2a"/>
      </symbol>
      <symbol id="sm-7ac">
         <name>free</name>
         <value>0x1825</value>
         <object_component_ref idref="oc-40d"/>
      </symbol>
      <symbol id="sm-7ad">
         <name>realloc</name>
         <value>0x1625</value>
         <object_component_ref idref="oc-354"/>
      </symbol>
      <symbol id="sm-7ae">
         <name>malloc</name>
         <value>0x1d09</value>
         <object_component_ref idref="oc-407"/>
      </symbol>
      <symbol id="sm-7af">
         <name>minit</name>
         <value>0x2349</value>
         <object_component_ref idref="oc-413"/>
      </symbol>
      <symbol id="sm-7c4">
         <name>_nop</name>
         <value>0x1623</value>
         <object_component_ref idref="oc-387"/>
      </symbol>
      <symbol id="sm-7c5">
         <name>_lock</name>
         <value>0x20000e40</value>
         <object_component_ref idref="oc-2c8"/>
      </symbol>
      <symbol id="sm-7c6">
         <name>_unlock</name>
         <value>0x20000e44</value>
         <object_component_ref idref="oc-2c8"/>
      </symbol>
      <symbol id="sm-7d5">
         <name>strlen</name>
         <value>0x25b1</value>
         <object_component_ref idref="oc-48b"/>
      </symbol>
      <symbol id="sm-7f1">
         <name>_ZdlPv</name>
         <value>0x2783</value>
         <object_component_ref idref="oc-5ad"/>
      </symbol>
      <symbol id="sm-7f2">
         <name>_ZdlPvj</name>
         <value>0x279d</value>
         <object_component_ref idref="oc-546"/>
      </symbol>
      <symbol id="sm-81b">
         <name>_ZTSSt9type_info</name>
         <value>0x2b7a</value>
         <object_component_ref idref="oc-5c2"/>
      </symbol>
      <symbol id="sm-81c">
         <name>_ZNSt9type_infoD2Ev</name>
         <value>0x9cf</value>
         <object_component_ref idref="oc-5a6"/>
      </symbol>
      <symbol id="sm-81d">
         <name>_ZNSt9type_infoD1Ev</name>
         <value>0x9cf</value>
         <object_component_ref idref="oc-5a6"/>
      </symbol>
      <symbol id="sm-81e">
         <name>_ZTISt9type_info</name>
         <value>0x2c18</value>
         <object_component_ref idref="oc-5a1"/>
      </symbol>
      <symbol id="sm-828">
         <name>__abort_execution</name>
         <value>0x27a1</value>
         <object_component_ref idref="oc-522"/>
      </symbol>
      <symbol id="sm-832">
         <name>__aeabi_idiv0</name>
         <value>0x1ec7</value>
         <object_component_ref idref="oc-57e"/>
      </symbol>
      <symbol id="sm-833">
         <name>__aeabi_ldiv0</name>
         <value>0x1ec7</value>
         <object_component_ref idref="oc-57e"/>
      </symbol>
      <symbol id="sm-842">
         <name>__aeabi_memset</name>
         <value>0x1c91</value>
         <object_component_ref idref="oc-9e"/>
      </symbol>
      <symbol id="sm-843">
         <name>memset</name>
         <value>0x1c97</value>
         <object_component_ref idref="oc-9e"/>
      </symbol>
      <symbol id="sm-844">
         <name>__aeabi_memset8</name>
         <value>0x1c91</value>
         <object_component_ref idref="oc-9e"/>
      </symbol>
      <symbol id="sm-845">
         <name>__aeabi_memset4</name>
         <value>0x1c91</value>
         <object_component_ref idref="oc-9e"/>
      </symbol>
      <symbol id="sm-846">
         <name>__aeabi_memclr8</name>
         <value>0x1c8f</value>
         <object_component_ref idref="oc-9e"/>
      </symbol>
      <symbol id="sm-847">
         <name>__aeabi_memclr4</name>
         <value>0x1c8f</value>
         <object_component_ref idref="oc-9e"/>
      </symbol>
      <symbol id="sm-848">
         <name>__aeabi_memclr</name>
         <value>0x1c8f</value>
         <object_component_ref idref="oc-9e"/>
      </symbol>
      <symbol id="sm-875">
         <name>__TI_auto_init_nobinit</name>
         <value>0x1f29</value>
         <object_component_ref idref="oc-167"/>
      </symbol>
      <symbol id="sm-87f">
         <name>_system_pre_init</name>
         <value>0x27a5</value>
         <object_component_ref idref="oc-a4"/>
      </symbol>
      <symbol id="sm-89b">
         <name>CPU_wfi</name>
         <value>0x2791</value>
         <object_component_ref idref="oc-da"/>
      </symbol>
      <symbol id="sm-89c">
         <name>CPU_cpsie</name>
         <value>0x2725</value>
         <object_component_ref idref="oc-1a5"/>
      </symbol>
      <symbol id="sm-8d5">
         <name>Interrupt_enableMaster</name>
         <value>0x25d7</value>
         <object_component_ref idref="oc-c3"/>
      </symbol>
      <symbol id="sm-8d6">
         <name>Interrupt_enableInterrupt</name>
         <value>0x1b91</value>
         <object_component_ref idref="oc-19d"/>
      </symbol>
      <symbol id="sm-8d7">
         <name>Interrupt_registerInterrupt</name>
         <value>0x2049</value>
         <object_component_ref idref="oc-197"/>
      </symbol>
      <symbol id="sm-8d8">
         <name>g_pfnRAMVectors</name>
         <value>0x20000000</value>
         <object_component_ref idref="oc-2e6"/>
      </symbol>
      <symbol id="sm-8e5">
         <name>Timer32_registerInterrupt</name>
         <value>0x2585</value>
         <object_component_ref idref="oc-bd"/>
      </symbol>
      <symbol id="sm-8e6">
         <name>__TI_static_base__</name>
         <value>0x0</value>
      </symbol>
      <symbol id="sm-8e9">
         <name>__mpu_init</name>
         <value>0x0</value>
      </symbol>
      <symbol id="sm-8ea">
         <name>_system_post_cinit</name>
         <value>0x0</value>
      </symbol>
      <symbol id="sm-8eb">
         <name>NMI_Handler</name>
         <value>0x2723</value>
      </symbol>
      <symbol id="sm-8ec">
         <name>HardFault_Handler</name>
         <value>0x2723</value>
      </symbol>
      <symbol id="sm-8ed">
         <name>MemManage_Handler</name>
         <value>0x2723</value>
      </symbol>
      <symbol id="sm-8ee">
         <name>BusFault_Handler</name>
         <value>0x2723</value>
      </symbol>
      <symbol id="sm-8ef">
         <name>UsageFault_Handler</name>
         <value>0x2723</value>
      </symbol>
      <symbol id="sm-8f0">
         <name>SVC_Handler</name>
         <value>0x2723</value>
      </symbol>
      <symbol id="sm-8f1">
         <name>DebugMon_Handler</name>
         <value>0x2723</value>
      </symbol>
      <symbol id="sm-8f2">
         <name>PendSV_Handler</name>
         <value>0x2723</value>
      </symbol>
      <symbol id="sm-8f3">
         <name>SysTick_Handler</name>
         <value>0xae9</value>
      </symbol>
      <symbol id="sm-8f4">
         <name>PSS_IRQHandler</name>
         <value>0x2723</value>
      </symbol>
      <symbol id="sm-8f5">
         <name>CS_IRQHandler</name>
         <value>0x2723</value>
      </symbol>
      <symbol id="sm-8f6">
         <name>PCM_IRQHandler</name>
         <value>0x2723</value>
      </symbol>
      <symbol id="sm-8f7">
         <name>WDT_A_IRQHandler</name>
         <value>0x2723</value>
      </symbol>
      <symbol id="sm-8f8">
         <name>FPU_IRQHandler</name>
         <value>0x2723</value>
      </symbol>
      <symbol id="sm-8f9">
         <name>FLCTL_IRQHandler</name>
         <value>0x2723</value>
      </symbol>
      <symbol id="sm-8fa">
         <name>COMP_E0_IRQHandler</name>
         <value>0x2723</value>
      </symbol>
      <symbol id="sm-8fb">
         <name>COMP_E1_IRQHandler</name>
         <value>0x2723</value>
      </symbol>
      <symbol id="sm-8fc">
         <name>TA0_0_IRQHandler</name>
         <value>0x2723</value>
      </symbol>
      <symbol id="sm-8fd">
         <name>TA0_N_IRQHandler</name>
         <value>0x2723</value>
      </symbol>
      <symbol id="sm-8fe">
         <name>TA1_0_IRQHandler</name>
         <value>0x2723</value>
      </symbol>
      <symbol id="sm-8ff">
         <name>TA1_N_IRQHandler</name>
         <value>0x2723</value>
      </symbol>
      <symbol id="sm-900">
         <name>TA2_0_IRQHandler</name>
         <value>0x2723</value>
      </symbol>
      <symbol id="sm-901">
         <name>TA2_N_IRQHandler</name>
         <value>0x2723</value>
      </symbol>
      <symbol id="sm-902">
         <name>TA3_0_IRQHandler</name>
         <value>0x2723</value>
      </symbol>
      <symbol id="sm-903">
         <name>TA3_N_IRQHandler</name>
         <value>0x2723</value>
      </symbol>
      <symbol id="sm-904">
         <name>EUSCIA0_IRQHandler</name>
         <value>0xc4d</value>
      </symbol>
      <symbol id="sm-905">
         <name>EUSCIA1_IRQHandler</name>
         <value>0x2723</value>
      </symbol>
      <symbol id="sm-906">
         <name>EUSCIA2_IRQHandler</name>
         <value>0x2723</value>
      </symbol>
      <symbol id="sm-907">
         <name>EUSCIA3_IRQHandler</name>
         <value>0x2723</value>
      </symbol>
      <symbol id="sm-908">
         <name>EUSCIB0_IRQHandler</name>
         <value>0x2723</value>
      </symbol>
      <symbol id="sm-909">
         <name>EUSCIB1_IRQHandler</name>
         <value>0x2723</value>
      </symbol>
      <symbol id="sm-90a">
         <name>EUSCIB2_IRQHandler</name>
         <value>0x2723</value>
      </symbol>
      <symbol id="sm-90b">
         <name>EUSCIB3_IRQHandler</name>
         <value>0x2723</value>
      </symbol>
      <symbol id="sm-90c">
         <name>ADC14_IRQHandler</name>
         <value>0x2723</value>
      </symbol>
      <symbol id="sm-90d">
         <name>T32_INT1_IRQHandler</name>
         <value>0x2723</value>
      </symbol>
      <symbol id="sm-90e">
         <name>T32_INT2_IRQHandler</name>
         <value>0x2723</value>
      </symbol>
      <symbol id="sm-90f">
         <name>T32_INTC_IRQHandler</name>
         <value>0x2723</value>
      </symbol>
      <symbol id="sm-910">
         <name>AES256_IRQHandler</name>
         <value>0x2723</value>
      </symbol>
      <symbol id="sm-911">
         <name>RTC_C_IRQHandler</name>
         <value>0x2723</value>
      </symbol>
      <symbol id="sm-912">
         <name>DMA_ERR_IRQHandler</name>
         <value>0x2723</value>
      </symbol>
      <symbol id="sm-913">
         <name>DMA_INT3_IRQHandler</name>
         <value>0x2723</value>
      </symbol>
      <symbol id="sm-914">
         <name>DMA_INT2_IRQHandler</name>
         <value>0x2723</value>
      </symbol>
      <symbol id="sm-915">
         <name>DMA_INT1_IRQHandler</name>
         <value>0x2723</value>
      </symbol>
      <symbol id="sm-916">
         <name>DMA_INT0_IRQHandler</name>
         <value>0x2723</value>
      </symbol>
      <symbol id="sm-917">
         <name>PORT1_IRQHandler</name>
         <value>0x2723</value>
      </symbol>
      <symbol id="sm-918">
         <name>PORT2_IRQHandler</name>
         <value>0x2723</value>
      </symbol>
      <symbol id="sm-919">
         <name>PORT3_IRQHandler</name>
         <value>0x2723</value>
      </symbol>
      <symbol id="sm-91a">
         <name>PORT4_IRQHandler</name>
         <value>0x2723</value>
      </symbol>
      <symbol id="sm-91b">
         <name>PORT5_IRQHandler</name>
         <value>0x2723</value>
      </symbol>
      <symbol id="sm-91c">
         <name>PORT6_IRQHandler</name>
         <value>0x2723</value>
      </symbol>
      <symbol id="sm-91d">
         <name>_ZSt17__throw_bad_allocv</name>
         <value>0x27a9</value>
      </symbol>
   </symbol_table>
   <title>Link successful</title>
</link_info>
